// Jest Snapshot v1, https://jestjs.io/docs/snapshot-testing

exports[`part-to-whole canvas renders color by-value color scheme (All values) 1`] = `[]`;

exports[`part-to-whole canvas renders color byName fixed-color override 1`] = `[]`;

exports[`part-to-whole canvas renders reducers All values with limit — one slice per row, capped 1`] = `[]`;

exports[`part-to-whole canvas renders reducers Calculate mean — same fields, different slice sizes 1`] = `[]`;

exports[`part-to-whole canvas renders reducers Calculate sum — one slice per numeric field 1`] = `[]`;

exports[`part-to-whole canvas renders reducers multi-frame — one slice per series 1`] = `[]`;
