// Jest Snapshot v1, https://jestjs.io/docs/snapshot-testing

exports[`stream (themeRiver) canvas snapshots base a single layer 1`] = `
[
{"type":"save","props":{}},
{"type":"setTransform","props":{"a":1,"b":0,"c":0,"d":1,"e":0,"f":30.8}},
{"type":"globalAlpha","props":{"value":1}},
{"type":"globalCompositeOperation","props":{"value":"source-over"}},
{"type":"shadowOffsetX","props":{"value":0}},
{"type":"shadowOffsetY","props":{"value":0}},
{"type":"shadowColor","props":{"value":"#000000"}},
{"type":"fillStyle","props":{"value":"#73bf69"}},
{"type":"globalAlpha","props":{"value":1}},
{"type":"lineCap","props":{"value":"butt"}},
{"type":"lineJoin","props":{"value":"miter"}},
{"type":"miterLimit","props":{"value":10}},
{"type":"beginPath","props":{}},
{"type":"moveTo","props":{"x":8,"y":30.4}},
{"type":"bezierCurveTo","props":{"cpx1":8,"cpy1":30.4,"cpx2":85.626938,"cpy2":0,"x":136,"y":0}},
{"type":"bezierCurveTo","props":{"cpx1":188.026938,"cpy1":0,"cpx2":264,"cpy2":45.6,"x":264,"y":45.6}},
{"type":"lineTo","props":{"x":264,"y":136.8}},
{"type":"bezierCurveTo","props":{"cpx1":264,"cpy1":136.8,"cpx2":188.026938,"cpy2":182.4,"x":136,"y":182.4}},
{"type":"bezierCurveTo","props":{"cpx1":85.626938,"cpy1":182.4,"cpx2":8,"cpy2":152,"x":8,"y":152}},
{"type":"closePath","props":{}},
{"type":"fill","props":{"path":[{"type":"beginPath","props":{}},{"type":"moveTo","props":{"x":8,"y":30.4}},{"type":"bezierCurveTo","props":{"cpx1":8,"cpy1":30.4,"cpx2":85.626938,"cpy2":0,"x":136,"y":0}},{"type":"bezierCurveTo","props":{"cpx1":188.026938,"cpy1":0,"cpx2":264,"cpy2":45.6,"x":264,"y":45.6}},{"type":"lineTo","props":{"x":264,"y":136.8}},{"type":"bezierCurveTo","props":{"cpx1":264,"cpy1":136.8,"cpx2":188.026938,"cpy2":182.4,"x":136,"y":182.4}},{"type":"bezierCurveTo","props":{"cpx1":85.626938,"cpy1":182.4,"cpx2":8,"cpy2":152,"x":8,"y":152}},{"type":"closePath","props":{}}],"fillRule":"nonzero"}},
{"type":"restore","props":{}}
]
`;

exports[`stream (themeRiver) canvas snapshots base one ribbon per numeric field 1`] = `
[
{"type":"save","props":{}},
{"type":"setTransform","props":{"a":1,"b":0,"c":0,"d":1,"e":0,"f":30.8}},
{"type":"globalAlpha","props":{"value":1}},
{"type":"globalCompositeOperation","props":{"value":"source-over"}},
{"type":"shadowOffsetX","props":{"value":0}},
{"type":"shadowOffsetY","props":{"value":0}},
{"type":"shadowColor","props":{"value":"#000000"}},
{"type":"fillStyle","props":{"value":"#73bf69"}},
{"type":"globalAlpha","props":{"value":1}},
{"type":"lineCap","props":{"value":"butt"}},
{"type":"lineJoin","props":{"value":"miter"}},
{"type":"miterLimit","props":{"value":10}},
{"type":"beginPath","props":{}},
{"type":"moveTo","props":{"x":8,"y":7.817143}},
{"type":"bezierCurveTo","props":{"cpx1":8,"cpy1":7.817143,"cpx2":84.884278,"cpy2":0,"x":136,"y":0}},
{"type":"bezierCurveTo","props":{"cpx1":187.284278,"cpy1":0,"cpx2":212.752662,"cpy2":13.028571,"x":264,"y":13.028571}},
{"type":"bezierCurveTo","props":{"cpx1":315.152662,"cpy1":13.028571,"cpx2":392,"cpy2":2.605714,"x":392,"y":2.605714}},
{"type":"lineTo","props":{"x":392,"y":28.662857}},
{"type":"bezierCurveTo","props":{"cpx1":392,"cpy1":28.662857,"cpx2":315.194697,"cpy2":28.662857,"x":264,"y":28.662857}},
{"type":"bezierCurveTo","props":{"cpx1":212.794697,"cpy1":28.662857,"cpx2":187.2,"cpy2":31.268571,"x":136,"y":31.268571}},
{"type":"bezierCurveTo","props":{"cpx1":84.8,"cpy1":31.268571,"cpx2":8,"cpy2":28.662857,"x":8,"y":28.662857}},
{"type":"closePath","props":{}},
{"type":"fill","props":{"path":[{"type":"beginPath","props":{}},{"type":"moveTo","props":{"x":8,"y":7.817143}},{"type":"bezierCurveTo","props":{"cpx1":8,"cpy1":7.817143,"cpx2":84.884278,"cpy2":0,"x":136,"y":0}},{"type":"bezierCurveTo","props":{"cpx1":187.284278,"cpy1":0,"cpx2":212.752662,"cpy2":13.028571,"x":264,"y":13.028571}},{"type":"bezierCurveTo","props":{"cpx1":315.152662,"cpy1":13.028571,"cpx2":392,"cpy2":2.605714,"x":392,"y":2.605714}},{"type":"lineTo","props":{"x":392,"y":28.662857}},{"type":"bezierCurveTo","props":{"cpx1":392,"cpy1":28.662857,"cpx2":315.194697,"cpy2":28.662857,"x":264,"y":28.662857}},{"type":"bezierCurveTo","props":{"cpx1":212.794697,"cpy1":28.662857,"cpx2":187.2,"cpy2":31.268571,"x":136,"y":31.268571}},{"type":"bezierCurveTo","props":{"cpx1":84.8,"cpy1":31.268571,"cpx2":8,"cpy2":28.662857,"x":8,"y":28.662857}},{"type":"closePath","props":{}}],"fillRule":"nonzero"}},
{"type":"fillStyle","props":{"value":"#f2cc0c"}},
{"type":"beginPath","props":{}},
{"type":"moveTo","props":{"x":8,"y":28.662857}},
{"type":"bezierCurveTo","props":{"cpx1":8,"cpy1":28.662857,"cpx2":84.8,"cpy2":31.268571,"x":136,"y":31.268571}},
{"type":"bezierCurveTo","props":{"cpx1":187.2,"cpy1":31.268571,"cpx2":212.794697,"cpy2":28.662857,"x":264,"y":28.662857}},
{"type":"bezierCurveTo","props":{"cpx1":315.194697,"cpy1":28.662857,"cpx2":392,"cpy2":28.662857,"x":392,"y":28.662857}},
{"type":"lineTo","props":{"x":392,"y":65.142857}},
{"type":"bezierCurveTo","props":{"cpx1":392,"cpy1":65.142857,"cpx2":315.027276,"cpy2":75.565714,"x":264,"y":75.565714}},
{"type":"bezierCurveTo","props":{"cpx1":212.627276,"cpy1":75.565714,"cpx2":187.325386,"cpy2":57.325714,"x":136,"y":57.325714}},
{"type":"bezierCurveTo","props":{"cpx1":84.925386,"cpy1":57.325714,"cpx2":8,"cpy2":70.354286,"x":8,"y":70.354286}},
{"type":"closePath","props":{}},
{"type":"fill","props":{"path":[{"type":"beginPath","props":{}},{"type":"moveTo","props":{"x":8,"y":28.662857}},{"type":"bezierCurveTo","props":{"cpx1":8,"cpy1":28.662857,"cpx2":84.8,"cpy2":31.268571,"x":136,"y":31.268571}},{"type":"bezierCurveTo","props":{"cpx1":187.2,"cpy1":31.268571,"cpx2":212.794697,"cpy2":28.662857,"x":264,"y":28.662857}},{"type":"bezierCurveTo","props":{"cpx1":315.194697,"cpy1":28.662857,"cpx2":392,"cpy2":28.662857,"x":392,"y":28.662857}},{"type":"lineTo","props":{"x":392,"y":65.142857}},{"type":"bezierCurveTo","props":{"cpx1":392,"cpy1":65.142857,"cpx2":315.027276,"cpy2":75.565714,"x":264,"y":75.565714}},{"type":"bezierCurveTo","props":{"cpx1":212.627276,"cpy1":75.565714,"cpx2":187.325386,"cpy2":57.325714,"x":136,"y":57.325714}},{"type":"bezierCurveTo","props":{"cpx1":84.925386,"cpy1":57.325714,"cpx2":8,"cpy2":70.354286,"x":8,"y":70.354286}},{"type":"closePath","props":{}}],"fillRule":"nonzero"}},
{"type":"fillStyle","props":{"value":"#5794f2"}},
{"type":"beginPath","props":{}},
{"type":"moveTo","props":{"x":8,"y":70.354286}},
{"type":"bezierCurveTo","props":{"cpx1":8,"cpy1":70.354286,"cpx2":84.925386,"cpy2":57.325714,"x":136,"y":57.325714}},
{"type":"bezierCurveTo","props":{"cpx1":187.325386,"cpy1":57.325714,"cpx2":212.627276,"cpy2":75.565714,"x":264,"y":75.565714}},
{"type":"bezierCurveTo","props":{"cpx1":315.027276,"cpy1":75.565714,"cpx2":392,"cpy2":65.142857,"x":392,"y":65.142857}},
{"type":"lineTo","props":{"x":392,"y":179.794286}},
{"type":"bezierCurveTo","props":{"cpx1":392,"cpy1":179.794286,"cpx2":315.152662,"cpy2":169.371429,"x":264,"y":169.371429}},
{"type":"bezierCurveTo","props":{"cpx1":212.752662,"cpy1":169.371429,"cpx2":187.284278,"cpy2":182.4,"x":136,"y":182.4}},
{"type":"bezierCurveTo","props":{"cpx1":84.884278,"cpy1":182.4,"cpx2":8,"cpy2":174.582857,"x":8,"y":174.582857}},
{"type":"closePath","props":{}},
{"type":"fill","props":{"path":[{"type":"beginPath","props":{}},{"type":"moveTo","props":{"x":8,"y":70.354286}},{"type":"bezierCurveTo","props":{"cpx1":8,"cpy1":70.354286,"cpx2":84.925386,"cpy2":57.325714,"x":136,"y":57.325714}},{"type":"bezierCurveTo","props":{"cpx1":187.325386,"cpy1":57.325714,"cpx2":212.627276,"cpy2":75.565714,"x":264,"y":75.565714}},{"type":"bezierCurveTo","props":{"cpx1":315.027276,"cpy1":75.565714,"cpx2":392,"cpy2":65.142857,"x":392,"y":65.142857}},{"type":"lineTo","props":{"x":392,"y":179.794286}},{"type":"bezierCurveTo","props":{"cpx1":392,"cpy1":179.794286,"cpx2":315.152662,"cpy2":169.371429,"x":264,"y":169.371429}},{"type":"bezierCurveTo","props":{"cpx1":212.752662,"cpy1":169.371429,"cpx2":187.284278,"cpy2":182.4,"x":136,"y":182.4}},{"type":"bezierCurveTo","props":{"cpx1":84.884278,"cpy1":182.4,"cpx2":8,"cpy2":174.582857,"x":8,"y":174.582857}},{"type":"closePath","props":{}}],"fillRule":"nonzero"}},
{"type":"restore","props":{}}
]
`;

exports[`stream (themeRiver) canvas snapshots bubble variant max bubble size 1`] = `
[
{"type":"save","props":{}},
{"type":"setTransform","props":{"a":8.164966,"b":0,"c":0,"d":8.164966,"e":64,"f":45.933333}},
{"type":"globalAlpha","props":{"value":0.8}},
{"type":"globalCompositeOperation","props":{"value":"source-over"}},
{"type":"shadowOffsetX","props":{"value":0}},
{"type":"shadowOffsetY","props":{"value":0}},
{"type":"shadowColor","props":{"value":"#000000"}},
{"type":"fillStyle","props":{"value":"#73bf69"}},
{"type":"globalAlpha","props":{"value":0.8}},
{"type":"lineCap","props":{"value":"butt"}},
{"type":"lineJoin","props":{"value":"miter"}},
{"type":"miterLimit","props":{"value":10}},
{"type":"beginPath","props":{}},
{"type":"moveTo","props":{"x":1,"y":0}},
{"type":"arc","props":{"x":0,"y":0,"radius":1,"startAngle":0,"endAngle":6.283185,"anticlockwise":false}},
{"type":"fill","props":{"path":[{"type":"beginPath","props":{}},{"type":"moveTo","props":{"x":1,"y":0}},{"type":"arc","props":{"x":0,"y":0,"radius":1,"startAngle":0,"endAngle":6.283185,"anticlockwise":false}}],"fillRule":"nonzero"}},
{"type":"setTransform","props":{"a":10,"b":0,"c":0,"d":10,"e":170.666667,"f":45.933333}},
{"type":"beginPath","props":{}},
{"type":"moveTo","props":{"x":1,"y":0}},
{"type":"arc","props":{"x":0,"y":0,"radius":1,"startAngle":0,"endAngle":6.283185,"anticlockwise":false}},
{"type":"fill","props":{"path":[{"type":"beginPath","props":{}},{"type":"moveTo","props":{"x":1,"y":0}},{"type":"arc","props":{"x":0,"y":0,"radius":1,"startAngle":0,"endAngle":6.283185,"anticlockwise":false}}],"fillRule":"nonzero"}},
{"type":"setTransform","props":{"a":7.071068,"b":0,"c":0,"d":7.071068,"e":277.333333,"f":45.933333}},
{"type":"beginPath","props":{}},
{"type":"moveTo","props":{"x":1,"y":0}},
{"type":"arc","props":{"x":0,"y":0,"radius":1,"startAngle":0,"endAngle":6.283185,"anticlockwise":false}},
{"type":"fill","props":{"path":[{"type":"beginPath","props":{}},{"type":"moveTo","props":{"x":1,"y":0}},{"type":"arc","props":{"x":0,"y":0,"radius":1,"startAngle":0,"endAngle":6.283185,"anticlockwise":false}}],"fillRule":"nonzero"}},
{"type":"setTransform","props":{"a":9.128709,"b":0,"c":0,"d":9.128709,"e":384,"f":45.933333}},
{"type":"beginPath","props":{}},
{"type":"moveTo","props":{"x":1,"y":0}},
{"type":"arc","props":{"x":0,"y":0,"radius":1,"startAngle":0,"endAngle":6.283185,"anticlockwise":false}},
{"type":"fill","props":{"path":[{"type":"beginPath","props":{}},{"type":"moveTo","props":{"x":1,"y":0}},{"type":"arc","props":{"x":0,"y":0,"radius":1,"startAngle":0,"endAngle":6.283185,"anticlockwise":false}}],"fillRule":"nonzero"}},
{"type":"setTransform","props":{"a":11.547005,"b":0,"c":0,"d":11.547005,"e":64,"f":117}},
{"type":"fillStyle","props":{"value":"#f2cc0c"}},
{"type":"beginPath","props":{}},
{"type":"moveTo","props":{"x":1,"y":0}},
{"type":"arc","props":{"x":0,"y":0,"radius":1,"startAngle":0,"endAngle":6.283185,"anticlockwise":false}},
{"type":"fill","props":{"path":[{"type":"beginPath","props":{}},{"type":"moveTo","props":{"x":1,"y":0}},{"type":"arc","props":{"x":0,"y":0,"radius":1,"startAngle":0,"endAngle":6.283185,"anticlockwise":false}}],"fillRule":"nonzero"}},
{"type":"setTransform","props":{"a":9.128709,"b":0,"c":0,"d":9.128709,"e":170.666667,"f":117}},
{"type":"beginPath","props":{}},
{"type":"moveTo","props":{"x":1,"y":0}},
{"type":"arc","props":{"x":0,"y":0,"radius":1,"startAngle":0,"endAngle":6.283185,"anticlockwise":false}},
{"type":"fill","props":{"path":[{"type":"beginPath","props":{}},{"type":"moveTo","props":{"x":1,"y":0}},{"type":"arc","props":{"x":0,"y":0,"radius":1,"startAngle":0,"endAngle":6.283185,"anticlockwise":false}}],"fillRule":"nonzero"}},
{"type":"setTransform","props":{"a":12.247449,"b":0,"c":0,"d":12.247449,"e":277.333333,"f":117}},
{"type":"beginPath","props":{}},
{"type":"moveTo","props":{"x":1,"y":0}},
{"type":"arc","props":{"x":0,"y":0,"radius":1,"startAngle":0,"endAngle":6.283185,"anticlockwise":false}},
{"type":"fill","props":{"path":[{"type":"beginPath","props":{}},{"type":"moveTo","props":{"x":1,"y":0}},{"type":"arc","props":{"x":0,"y":0,"radius":1,"startAngle":0,"endAngle":6.283185,"anticlockwise":false}}],"fillRule":"nonzero"}},
{"type":"setTransform","props":{"a":10.801234,"b":0,"c":0,"d":10.801234,"e":384,"f":117}},
{"type":"beginPath","props":{}},
{"type":"moveTo","props":{"x":1,"y":0}},
{"type":"arc","props":{"x":0,"y":0,"radius":1,"startAngle":0,"endAngle":6.283185,"anticlockwise":false}},
{"type":"fill","props":{"path":[{"type":"beginPath","props":{}},{"type":"moveTo","props":{"x":1,"y":0}},{"type":"arc","props":{"x":0,"y":0,"radius":1,"startAngle":0,"endAngle":6.283185,"anticlockwise":false}}],"fillRule":"nonzero"}},
{"type":"setTransform","props":{"a":18.257419,"b":0,"c":0,"d":18.257419,"e":64,"f":188.066667}},
{"type":"fillStyle","props":{"value":"#5794f2"}},
{"type":"beginPath","props":{}},
{"type":"moveTo","props":{"x":1,"y":0}},
{"type":"arc","props":{"x":0,"y":0,"radius":1,"startAngle":0,"endAngle":6.283185,"anticlockwise":false}},
{"type":"fill","props":{"path":[{"type":"beginPath","props":{}},{"type":"moveTo","props":{"x":1,"y":0}},{"type":"arc","props":{"x":0,"y":0,"radius":1,"startAngle":0,"endAngle":6.283185,"anticlockwise":false}}],"fillRule":"nonzero"}},
{"type":"setTransform","props":{"a":20,"b":0,"c":0,"d":20,"e":170.666667,"f":188.066667}},
{"type":"beginPath","props":{}},
{"type":"moveTo","props":{"x":1,"y":0}},
{"type":"arc","props":{"x":0,"y":0,"radius":1,"startAngle":0,"endAngle":6.283185,"anticlockwise":false}},
{"type":"fill","props":{"path":[{"type":"beginPath","props":{}},{"type":"moveTo","props":{"x":1,"y":0}},{"type":"arc","props":{"x":0,"y":0,"radius":1,"startAngle":0,"endAngle":6.283185,"anticlockwise":false}}],"fillRule":"nonzero"}},
{"type":"setTransform","props":{"a":17.320508,"b":0,"c":0,"d":17.320508,"e":277.333333,"f":188.066667}},
{"type":"beginPath","props":{}},
{"type":"moveTo","props":{"x":1,"y":0}},
{"type":"arc","props":{"x":0,"y":0,"radius":1,"startAngle":0,"endAngle":6.283185,"anticlockwise":false}},
{"type":"fill","props":{"path":[{"type":"beginPath","props":{}},{"type":"moveTo","props":{"x":1,"y":0}},{"type":"arc","props":{"x":0,"y":0,"radius":1,"startAngle":0,"endAngle":6.283185,"anticlockwise":false}}],"fillRule":"nonzero"}},
{"type":"setTransform","props":{"a":19.148542,"b":0,"c":0,"d":19.148542,"e":384,"f":188.066667}},
{"type":"beginPath","props":{}},
{"type":"moveTo","props":{"x":1,"y":0}},
{"type":"arc","props":{"x":0,"y":0,"radius":1,"startAngle":0,"endAngle":6.283185,"anticlockwise":false}},
{"type":"fill","props":{"path":[{"type":"beginPath","props":{}},{"type":"moveTo","props":{"x":1,"y":0}},{"type":"arc","props":{"x":0,"y":0,"radius":1,"startAngle":0,"endAngle":6.283185,"anticlockwise":false}}],"fillRule":"nonzero"}},
{"type":"restore","props":{}}
]
`;

exports[`stream (themeRiver) canvas snapshots bubble variant one row of value-sized bubbles per layer 1`] = `
[
{"type":"save","props":{}},
{"type":"setTransform","props":{"a":4.082483,"b":0,"c":0,"d":4.082483,"e":64,"f":45.933333}},
{"type":"globalAlpha","props":{"value":0.8}},
{"type":"globalCompositeOperation","props":{"value":"source-over"}},
{"type":"shadowOffsetX","props":{"value":0}},
{"type":"shadowOffsetY","props":{"value":0}},
{"type":"shadowColor","props":{"value":"#000000"}},
{"type":"fillStyle","props":{"value":"#73bf69"}},
{"type":"globalAlpha","props":{"value":0.8}},
{"type":"lineCap","props":{"value":"butt"}},
{"type":"lineJoin","props":{"value":"miter"}},
{"type":"miterLimit","props":{"value":10}},
{"type":"beginPath","props":{}},
{"type":"moveTo","props":{"x":1,"y":0}},
{"type":"arc","props":{"x":0,"y":0,"radius":1,"startAngle":0,"endAngle":6.283185,"anticlockwise":false}},
{"type":"fill","props":{"path":[{"type":"beginPath","props":{}},{"type":"moveTo","props":{"x":1,"y":0}},{"type":"arc","props":{"x":0,"y":0,"radius":1,"startAngle":0,"endAngle":6.283185,"anticlockwise":false}}],"fillRule":"nonzero"}},
{"type":"setTransform","props":{"a":5,"b":0,"c":0,"d":5,"e":170.666667,"f":45.933333}},
{"type":"beginPath","props":{}},
{"type":"moveTo","props":{"x":1,"y":0}},
{"type":"arc","props":{"x":0,"y":0,"radius":1,"startAngle":0,"endAngle":6.283185,"anticlockwise":false}},
{"type":"fill","props":{"path":[{"type":"beginPath","props":{}},{"type":"moveTo","props":{"x":1,"y":0}},{"type":"arc","props":{"x":0,"y":0,"radius":1,"startAngle":0,"endAngle":6.283185,"anticlockwise":false}}],"fillRule":"nonzero"}},
{"type":"setTransform","props":{"a":3.535534,"b":0,"c":0,"d":3.535534,"e":277.333333,"f":45.933333}},
{"type":"beginPath","props":{}},
{"type":"moveTo","props":{"x":1,"y":0}},
{"type":"arc","props":{"x":0,"y":0,"radius":1,"startAngle":0,"endAngle":6.283185,"anticlockwise":false}},
{"type":"fill","props":{"path":[{"type":"beginPath","props":{}},{"type":"moveTo","props":{"x":1,"y":0}},{"type":"arc","props":{"x":0,"y":0,"radius":1,"startAngle":0,"endAngle":6.283185,"anticlockwise":false}}],"fillRule":"nonzero"}},
{"type":"setTransform","props":{"a":4.564355,"b":0,"c":0,"d":4.564355,"e":384,"f":45.933333}},
{"type":"beginPath","props":{}},
{"type":"moveTo","props":{"x":1,"y":0}},
{"type":"arc","props":{"x":0,"y":0,"radius":1,"startAngle":0,"endAngle":6.283185,"anticlockwise":false}},
{"type":"fill","props":{"path":[{"type":"beginPath","props":{}},{"type":"moveTo","props":{"x":1,"y":0}},{"type":"arc","props":{"x":0,"y":0,"radius":1,"startAngle":0,"endAngle":6.283185,"anticlockwise":false}}],"fillRule":"nonzero"}},
{"type":"setTransform","props":{"a":5.773503,"b":0,"c":0,"d":5.773503,"e":64,"f":117}},
{"type":"fillStyle","props":{"value":"#f2cc0c"}},
{"type":"beginPath","props":{}},
{"type":"moveTo","props":{"x":1,"y":0}},
{"type":"arc","props":{"x":0,"y":0,"radius":1,"startAngle":0,"endAngle":6.283185,"anticlockwise":false}},
{"type":"fill","props":{"path":[{"type":"beginPath","props":{}},{"type":"moveTo","props":{"x":1,"y":0}},{"type":"arc","props":{"x":0,"y":0,"radius":1,"startAngle":0,"endAngle":6.283185,"anticlockwise":false}}],"fillRule":"nonzero"}},
{"type":"setTransform","props":{"a":4.564355,"b":0,"c":0,"d":4.564355,"e":170.666667,"f":117}},
{"type":"beginPath","props":{}},
{"type":"moveTo","props":{"x":1,"y":0}},
{"type":"arc","props":{"x":0,"y":0,"radius":1,"startAngle":0,"endAngle":6.283185,"anticlockwise":false}},
{"type":"fill","props":{"path":[{"type":"beginPath","props":{}},{"type":"moveTo","props":{"x":1,"y":0}},{"type":"arc","props":{"x":0,"y":0,"radius":1,"startAngle":0,"endAngle":6.283185,"anticlockwise":false}}],"fillRule":"nonzero"}},
{"type":"setTransform","props":{"a":6.123724,"b":0,"c":0,"d":6.123724,"e":277.333333,"f":117}},
{"type":"beginPath","props":{}},
{"type":"moveTo","props":{"x":1,"y":0}},
{"type":"arc","props":{"x":0,"y":0,"radius":1,"startAngle":0,"endAngle":6.283185,"anticlockwise":false}},
{"type":"fill","props":{"path":[{"type":"beginPath","props":{}},{"type":"moveTo","props":{"x":1,"y":0}},{"type":"arc","props":{"x":0,"y":0,"radius":1,"startAngle":0,"endAngle":6.283185,"anticlockwise":false}}],"fillRule":"nonzero"}},
{"type":"setTransform","props":{"a":5.400617,"b":0,"c":0,"d":5.400617,"e":384,"f":117}},
{"type":"beginPath","props":{}},
{"type":"moveTo","props":{"x":1,"y":0}},
{"type":"arc","props":{"x":0,"y":0,"radius":1,"startAngle":0,"endAngle":6.283185,"anticlockwise":false}},
{"type":"fill","props":{"path":[{"type":"beginPath","props":{}},{"type":"moveTo","props":{"x":1,"y":0}},{"type":"arc","props":{"x":0,"y":0,"radius":1,"startAngle":0,"endAngle":6.283185,"anticlockwise":false}}],"fillRule":"nonzero"}},
{"type":"setTransform","props":{"a":9.128709,"b":0,"c":0,"d":9.128709,"e":64,"f":188.066667}},
{"type":"fillStyle","props":{"value":"#5794f2"}},
{"type":"beginPath","props":{}},
{"type":"moveTo","props":{"x":1,"y":0}},
{"type":"arc","props":{"x":0,"y":0,"radius":1,"startAngle":0,"endAngle":6.283185,"anticlockwise":false}},
{"type":"fill","props":{"path":[{"type":"beginPath","props":{}},{"type":"moveTo","props":{"x":1,"y":0}},{"type":"arc","props":{"x":0,"y":0,"radius":1,"startAngle":0,"endAngle":6.283185,"anticlockwise":false}}],"fillRule":"nonzero"}},
{"type":"setTransform","props":{"a":10,"b":0,"c":0,"d":10,"e":170.666667,"f":188.066667}},
{"type":"beginPath","props":{}},
{"type":"moveTo","props":{"x":1,"y":0}},
{"type":"arc","props":{"x":0,"y":0,"radius":1,"startAngle":0,"endAngle":6.283185,"anticlockwise":false}},
{"type":"fill","props":{"path":[{"type":"beginPath","props":{}},{"type":"moveTo","props":{"x":1,"y":0}},{"type":"arc","props":{"x":0,"y":0,"radius":1,"startAngle":0,"endAngle":6.283185,"anticlockwise":false}}],"fillRule":"nonzero"}},
{"type":"setTransform","props":{"a":8.660254,"b":0,"c":0,"d":8.660254,"e":277.333333,"f":188.066667}},
{"type":"beginPath","props":{}},
{"type":"moveTo","props":{"x":1,"y":0}},
{"type":"arc","props":{"x":0,"y":0,"radius":1,"startAngle":0,"endAngle":6.283185,"anticlockwise":false}},
{"type":"fill","props":{"path":[{"type":"beginPath","props":{}},{"type":"moveTo","props":{"x":1,"y":0}},{"type":"arc","props":{"x":0,"y":0,"radius":1,"startAngle":0,"endAngle":6.283185,"anticlockwise":false}}],"fillRule":"nonzero"}},
{"type":"setTransform","props":{"a":9.574271,"b":0,"c":0,"d":9.574271,"e":384,"f":188.066667}},
{"type":"beginPath","props":{}},
{"type":"moveTo","props":{"x":1,"y":0}},
{"type":"arc","props":{"x":0,"y":0,"radius":1,"startAngle":0,"endAngle":6.283185,"anticlockwise":false}},
{"type":"fill","props":{"path":[{"type":"beginPath","props":{}},{"type":"moveTo","props":{"x":1,"y":0}},{"type":"arc","props":{"x":0,"y":0,"radius":1,"startAngle":0,"endAngle":6.283185,"anticlockwise":false}}],"fillRule":"nonzero"}},
{"type":"restore","props":{}}
]
`;

exports[`stream (themeRiver) canvas snapshots contract edge cases negative values distort the stacked baseline 1`] = `
[
{"type":"save","props":{}},
{"type":"setTransform","props":{"a":1,"b":0,"c":0,"d":1,"e":0,"f":30.8}},
{"type":"globalAlpha","props":{"value":1}},
{"type":"globalCompositeOperation","props":{"value":"source-over"}},
{"type":"shadowOffsetX","props":{"value":0}},
{"type":"shadowOffsetY","props":{"value":0}},
{"type":"shadowColor","props":{"value":"#000000"}},
{"type":"fillStyle","props":{"value":"#73bf69"}},
{"type":"globalAlpha","props":{"value":1}},
{"type":"lineCap","props":{"value":"butt"}},
{"type":"lineJoin","props":{"value":"miter"}},
{"type":"miterLimit","props":{"value":10}},
{"type":"beginPath","props":{}},
{"type":"moveTo","props":{"x":8,"y":10.729412}},
{"type":"bezierCurveTo","props":{"cpx1":8,"cpy1":10.729412,"cpx2":85.830964,"cpy2":101.929412,"x":136,"y":101.929412}},
{"type":"bezierCurveTo","props":{"cpx1":188.230964,"cpy1":101.929412,"cpx2":264,"cpy2":0,"x":264,"y":0}},
{"type":"lineTo","props":{"x":264,"y":128.752941}},
{"type":"bezierCurveTo","props":{"cpx1":264,"cpy1":128.752941,"cpx2":188.255811,"cpy2":16.094118,"x":136,"y":16.094118}},
{"type":"bezierCurveTo","props":{"cpx1":85.855811,"cpy1":16.094118,"cpx2":8,"cpy2":118.023529,"x":8,"y":118.023529}},
{"type":"closePath","props":{}},
{"type":"fill","props":{"path":[{"type":"beginPath","props":{}},{"type":"moveTo","props":{"x":8,"y":10.729412}},{"type":"bezierCurveTo","props":{"cpx1":8,"cpy1":10.729412,"cpx2":85.830964,"cpy2":101.929412,"x":136,"y":101.929412}},{"type":"bezierCurveTo","props":{"cpx1":188.230964,"cpy1":101.929412,"cpx2":264,"cpy2":0,"x":264,"y":0}},{"type":"lineTo","props":{"x":264,"y":128.752941}},{"type":"bezierCurveTo","props":{"cpx1":264,"cpy1":128.752941,"cpx2":188.255811,"cpy2":16.094118,"x":136,"y":16.094118}},{"type":"bezierCurveTo","props":{"cpx1":85.855811,"cpy1":16.094118,"cpx2":8,"cpy2":118.023529,"x":8,"y":118.023529}},{"type":"closePath","props":{}}],"fillRule":"nonzero"}},
{"type":"fillStyle","props":{"value":"#f2cc0c"}},
{"type":"beginPath","props":{}},
{"type":"moveTo","props":{"x":8,"y":118.023529}},
{"type":"bezierCurveTo","props":{"cpx1":8,"cpy1":118.023529,"cpx2":85.855811,"cpy2":16.094118,"x":136,"y":16.094118}},
{"type":"bezierCurveTo","props":{"cpx1":188.255811,"cpy1":16.094118,"cpx2":264,"cpy2":128.752941,"x":264,"y":128.752941}},
{"type":"lineTo","props":{"x":264,"y":182.4}},
{"type":"bezierCurveTo","props":{"cpx1":264,"cpy1":182.4,"cpx2":188.230964,"cpy2":80.470588,"x":136,"y":80.470588}},
{"type":"bezierCurveTo","props":{"cpx1":85.830964,"cpy1":80.470588,"cpx2":8,"cpy2":171.670588,"x":8,"y":171.670588}},
{"type":"closePath","props":{}},
{"type":"fill","props":{"path":[{"type":"beginPath","props":{}},{"type":"moveTo","props":{"x":8,"y":118.023529}},{"type":"bezierCurveTo","props":{"cpx1":8,"cpy1":118.023529,"cpx2":85.855811,"cpy2":16.094118,"x":136,"y":16.094118}},{"type":"bezierCurveTo","props":{"cpx1":188.255811,"cpy1":16.094118,"cpx2":264,"cpy2":128.752941,"x":264,"y":128.752941}},{"type":"lineTo","props":{"x":264,"y":182.4}},{"type":"bezierCurveTo","props":{"cpx1":264,"cpy1":182.4,"cpx2":188.230964,"cpy2":80.470588,"x":136,"y":80.470588}},{"type":"bezierCurveTo","props":{"cpx1":85.830964,"cpy1":80.470588,"cpx2":8,"cpy2":171.670588,"x":8,"y":171.670588}},{"type":"closePath","props":{}}],"fillRule":"nonzero"}},
{"type":"restore","props":{}}
]
`;

exports[`stream (themeRiver) canvas snapshots contract edge cases nulls collapse to zero-height 1`] = `
[
{"type":"save","props":{}},
{"type":"setTransform","props":{"a":1,"b":0,"c":0,"d":1,"e":0,"f":30.8}},
{"type":"globalAlpha","props":{"value":1}},
{"type":"globalCompositeOperation","props":{"value":"source-over"}},
{"type":"shadowOffsetX","props":{"value":0}},
{"type":"shadowOffsetY","props":{"value":0}},
{"type":"shadowColor","props":{"value":"#000000"}},
{"type":"fillStyle","props":{"value":"#73bf69"}},
{"type":"globalAlpha","props":{"value":1}},
{"type":"lineCap","props":{"value":"butt"}},
{"type":"lineJoin","props":{"value":"miter"}},
{"type":"miterLimit","props":{"value":10}},
{"type":"beginPath","props":{}},
{"type":"moveTo","props":{"x":8,"y":10.729412}},
{"type":"bezierCurveTo","props":{"cpx1":8,"cpy1":10.729412,"cpx2":85.614924,"cpy2":64.376471,"x":136,"y":64.376471}},
{"type":"bezierCurveTo","props":{"cpx1":188.014924,"cpy1":64.376471,"cpx2":264,"cpy2":0,"x":264,"y":0}},
{"type":"lineTo","props":{"x":264,"y":128.752941}},
{"type":"bezierCurveTo","props":{"cpx1":264,"cpy1":128.752941,"cpx2":188.014924,"cpy2":64.376471,"x":136,"y":64.376471}},
{"type":"bezierCurveTo","props":{"cpx1":85.614924,"cpy1":64.376471,"cpx2":8,"cpy2":118.023529,"x":8,"y":118.023529}},
{"type":"closePath","props":{}},
{"type":"fill","props":{"path":[{"type":"beginPath","props":{}},{"type":"moveTo","props":{"x":8,"y":10.729412}},{"type":"bezierCurveTo","props":{"cpx1":8,"cpy1":10.729412,"cpx2":85.614924,"cpy2":64.376471,"x":136,"y":64.376471}},{"type":"bezierCurveTo","props":{"cpx1":188.014924,"cpy1":64.376471,"cpx2":264,"cpy2":0,"x":264,"y":0}},{"type":"lineTo","props":{"x":264,"y":128.752941}},{"type":"bezierCurveTo","props":{"cpx1":264,"cpy1":128.752941,"cpx2":188.014924,"cpy2":64.376471,"x":136,"y":64.376471}},{"type":"bezierCurveTo","props":{"cpx1":85.614924,"cpy1":64.376471,"cpx2":8,"cpy2":118.023529,"x":8,"y":118.023529}},{"type":"closePath","props":{}}],"fillRule":"nonzero"}},
{"type":"fillStyle","props":{"value":"#f2cc0c"}},
{"type":"beginPath","props":{}},
{"type":"moveTo","props":{"x":8,"y":118.023529}},
{"type":"bezierCurveTo","props":{"cpx1":8,"cpy1":118.023529,"cpx2":85.614924,"cpy2":64.376471,"x":136,"y":64.376471}},
{"type":"bezierCurveTo","props":{"cpx1":188.014924,"cpy1":64.376471,"cpx2":264,"cpy2":128.752941,"x":264,"y":128.752941}},
{"type":"lineTo","props":{"x":264,"y":182.4}},
{"type":"bezierCurveTo","props":{"cpx1":264,"cpy1":182.4,"cpx2":188.014924,"cpy2":118.023529,"x":136,"y":118.023529}},
{"type":"bezierCurveTo","props":{"cpx1":85.614924,"cpy1":118.023529,"cpx2":8,"cpy2":171.670588,"x":8,"y":171.670588}},
{"type":"closePath","props":{}},
{"type":"fill","props":{"path":[{"type":"beginPath","props":{}},{"type":"moveTo","props":{"x":8,"y":118.023529}},{"type":"bezierCurveTo","props":{"cpx1":8,"cpy1":118.023529,"cpx2":85.614924,"cpy2":64.376471,"x":136,"y":64.376471}},{"type":"bezierCurveTo","props":{"cpx1":188.014924,"cpy1":64.376471,"cpx2":264,"cpy2":128.752941,"x":264,"y":128.752941}},{"type":"lineTo","props":{"x":264,"y":182.4}},{"type":"bezierCurveTo","props":{"cpx1":264,"cpy1":182.4,"cpx2":188.014924,"cpy2":118.023529,"x":136,"y":118.023529}},{"type":"bezierCurveTo","props":{"cpx1":85.614924,"cpy1":118.023529,"cpx2":8,"cpy2":171.670588,"x":8,"y":171.670588}},{"type":"closePath","props":{}}],"fillRule":"nonzero"}},
{"type":"restore","props":{}}
]
`;

exports[`stream (themeRiver) canvas snapshots emphasis hover emphasis self 1`] = `
[
{"type":"save","props":{}},
{"type":"setTransform","props":{"a":1,"b":0,"c":0,"d":1,"e":0,"f":30.8}},
{"type":"globalAlpha","props":{"value":1}},
{"type":"globalCompositeOperation","props":{"value":"source-over"}},
{"type":"shadowOffsetX","props":{"value":0}},
{"type":"shadowOffsetY","props":{"value":0}},
{"type":"shadowColor","props":{"value":"#000000"}},
{"type":"fillStyle","props":{"value":"#73bf69"}},
{"type":"globalAlpha","props":{"value":1}},
{"type":"lineCap","props":{"value":"butt"}},
{"type":"lineJoin","props":{"value":"miter"}},
{"type":"miterLimit","props":{"value":10}},
{"type":"beginPath","props":{}},
{"type":"moveTo","props":{"x":8,"y":7.817143}},
{"type":"bezierCurveTo","props":{"cpx1":8,"cpy1":7.817143,"cpx2":84.884278,"cpy2":0,"x":136,"y":0}},
{"type":"bezierCurveTo","props":{"cpx1":187.284278,"cpy1":0,"cpx2":212.752662,"cpy2":13.028571,"x":264,"y":13.028571}},
{"type":"bezierCurveTo","props":{"cpx1":315.152662,"cpy1":13.028571,"cpx2":392,"cpy2":2.605714,"x":392,"y":2.605714}},
{"type":"lineTo","props":{"x":392,"y":28.662857}},
{"type":"bezierCurveTo","props":{"cpx1":392,"cpy1":28.662857,"cpx2":315.194697,"cpy2":28.662857,"x":264,"y":28.662857}},
{"type":"bezierCurveTo","props":{"cpx1":212.794697,"cpy1":28.662857,"cpx2":187.2,"cpy2":31.268571,"x":136,"y":31.268571}},
{"type":"bezierCurveTo","props":{"cpx1":84.8,"cpy1":31.268571,"cpx2":8,"cpy2":28.662857,"x":8,"y":28.662857}},
{"type":"closePath","props":{}},
{"type":"fill","props":{"path":[{"type":"beginPath","props":{}},{"type":"moveTo","props":{"x":8,"y":7.817143}},{"type":"bezierCurveTo","props":{"cpx1":8,"cpy1":7.817143,"cpx2":84.884278,"cpy2":0,"x":136,"y":0}},{"type":"bezierCurveTo","props":{"cpx1":187.284278,"cpy1":0,"cpx2":212.752662,"cpy2":13.028571,"x":264,"y":13.028571}},{"type":"bezierCurveTo","props":{"cpx1":315.152662,"cpy1":13.028571,"cpx2":392,"cpy2":2.605714,"x":392,"y":2.605714}},{"type":"lineTo","props":{"x":392,"y":28.662857}},{"type":"bezierCurveTo","props":{"cpx1":392,"cpy1":28.662857,"cpx2":315.194697,"cpy2":28.662857,"x":264,"y":28.662857}},{"type":"bezierCurveTo","props":{"cpx1":212.794697,"cpy1":28.662857,"cpx2":187.2,"cpy2":31.268571,"x":136,"y":31.268571}},{"type":"bezierCurveTo","props":{"cpx1":84.8,"cpy1":31.268571,"cpx2":8,"cpy2":28.662857,"x":8,"y":28.662857}},{"type":"closePath","props":{}}],"fillRule":"nonzero"}},
{"type":"fillStyle","props":{"value":"#f2cc0c"}},
{"type":"beginPath","props":{}},
{"type":"moveTo","props":{"x":8,"y":28.662857}},
{"type":"bezierCurveTo","props":{"cpx1":8,"cpy1":28.662857,"cpx2":84.8,"cpy2":31.268571,"x":136,"y":31.268571}},
{"type":"bezierCurveTo","props":{"cpx1":187.2,"cpy1":31.268571,"cpx2":212.794697,"cpy2":28.662857,"x":264,"y":28.662857}},
{"type":"bezierCurveTo","props":{"cpx1":315.194697,"cpy1":28.662857,"cpx2":392,"cpy2":28.662857,"x":392,"y":28.662857}},
{"type":"lineTo","props":{"x":392,"y":65.142857}},
{"type":"bezierCurveTo","props":{"cpx1":392,"cpy1":65.142857,"cpx2":315.027276,"cpy2":75.565714,"x":264,"y":75.565714}},
{"type":"bezierCurveTo","props":{"cpx1":212.627276,"cpy1":75.565714,"cpx2":187.325386,"cpy2":57.325714,"x":136,"y":57.325714}},
{"type":"bezierCurveTo","props":{"cpx1":84.925386,"cpy1":57.325714,"cpx2":8,"cpy2":70.354286,"x":8,"y":70.354286}},
{"type":"closePath","props":{}},
{"type":"fill","props":{"path":[{"type":"beginPath","props":{}},{"type":"moveTo","props":{"x":8,"y":28.662857}},{"type":"bezierCurveTo","props":{"cpx1":8,"cpy1":28.662857,"cpx2":84.8,"cpy2":31.268571,"x":136,"y":31.268571}},{"type":"bezierCurveTo","props":{"cpx1":187.2,"cpy1":31.268571,"cpx2":212.794697,"cpy2":28.662857,"x":264,"y":28.662857}},{"type":"bezierCurveTo","props":{"cpx1":315.194697,"cpy1":28.662857,"cpx2":392,"cpy2":28.662857,"x":392,"y":28.662857}},{"type":"lineTo","props":{"x":392,"y":65.142857}},{"type":"bezierCurveTo","props":{"cpx1":392,"cpy1":65.142857,"cpx2":315.027276,"cpy2":75.565714,"x":264,"y":75.565714}},{"type":"bezierCurveTo","props":{"cpx1":212.627276,"cpy1":75.565714,"cpx2":187.325386,"cpy2":57.325714,"x":136,"y":57.325714}},{"type":"bezierCurveTo","props":{"cpx1":84.925386,"cpy1":57.325714,"cpx2":8,"cpy2":70.354286,"x":8,"y":70.354286}},{"type":"closePath","props":{}}],"fillRule":"nonzero"}},
{"type":"fillStyle","props":{"value":"#5794f2"}},
{"type":"beginPath","props":{}},
{"type":"moveTo","props":{"x":8,"y":70.354286}},
{"type":"bezierCurveTo","props":{"cpx1":8,"cpy1":70.354286,"cpx2":84.925386,"cpy2":57.325714,"x":136,"y":57.325714}},
{"type":"bezierCurveTo","props":{"cpx1":187.325386,"cpy1":57.325714,"cpx2":212.627276,"cpy2":75.565714,"x":264,"y":75.565714}},
{"type":"bezierCurveTo","props":{"cpx1":315.027276,"cpy1":75.565714,"cpx2":392,"cpy2":65.142857,"x":392,"y":65.142857}},
{"type":"lineTo","props":{"x":392,"y":179.794286}},
{"type":"bezierCurveTo","props":{"cpx1":392,"cpy1":179.794286,"cpx2":315.152662,"cpy2":169.371429,"x":264,"y":169.371429}},
{"type":"bezierCurveTo","props":{"cpx1":212.752662,"cpy1":169.371429,"cpx2":187.284278,"cpy2":182.4,"x":136,"y":182.4}},
{"type":"bezierCurveTo","props":{"cpx1":84.884278,"cpy1":182.4,"cpx2":8,"cpy2":174.582857,"x":8,"y":174.582857}},
{"type":"closePath","props":{}},
{"type":"fill","props":{"path":[{"type":"beginPath","props":{}},{"type":"moveTo","props":{"x":8,"y":70.354286}},{"type":"bezierCurveTo","props":{"cpx1":8,"cpy1":70.354286,"cpx2":84.925386,"cpy2":57.325714,"x":136,"y":57.325714}},{"type":"bezierCurveTo","props":{"cpx1":187.325386,"cpy1":57.325714,"cpx2":212.627276,"cpy2":75.565714,"x":264,"y":75.565714}},{"type":"bezierCurveTo","props":{"cpx1":315.027276,"cpy1":75.565714,"cpx2":392,"cpy2":65.142857,"x":392,"y":65.142857}},{"type":"lineTo","props":{"x":392,"y":179.794286}},{"type":"bezierCurveTo","props":{"cpx1":392,"cpy1":179.794286,"cpx2":315.152662,"cpy2":169.371429,"x":264,"y":169.371429}},{"type":"bezierCurveTo","props":{"cpx1":212.752662,"cpy1":169.371429,"cpx2":187.284278,"cpy2":182.4,"x":136,"y":182.4}},{"type":"bezierCurveTo","props":{"cpx1":84.884278,"cpy1":182.4,"cpx2":8,"cpy2":174.582857,"x":8,"y":174.582857}},{"type":"closePath","props":{}}],"fillRule":"nonzero"}},
{"type":"restore","props":{}}
]
`;

exports[`stream (themeRiver) canvas snapshots field config byName fixed-color override 1`] = `
[
{"type":"save","props":{}},
{"type":"setTransform","props":{"a":1,"b":0,"c":0,"d":1,"e":0,"f":30.8}},
{"type":"globalAlpha","props":{"value":1}},
{"type":"globalCompositeOperation","props":{"value":"source-over"}},
{"type":"shadowOffsetX","props":{"value":0}},
{"type":"shadowOffsetY","props":{"value":0}},
{"type":"shadowColor","props":{"value":"#000000"}},
{"type":"fillStyle","props":{"value":"#73bf69"}},
{"type":"globalAlpha","props":{"value":1}},
{"type":"lineCap","props":{"value":"butt"}},
{"type":"lineJoin","props":{"value":"miter"}},
{"type":"miterLimit","props":{"value":10}},
{"type":"beginPath","props":{}},
{"type":"moveTo","props":{"x":8,"y":7.817143}},
{"type":"bezierCurveTo","props":{"cpx1":8,"cpy1":7.817143,"cpx2":84.884278,"cpy2":0,"x":136,"y":0}},
{"type":"bezierCurveTo","props":{"cpx1":187.284278,"cpy1":0,"cpx2":212.752662,"cpy2":13.028571,"x":264,"y":13.028571}},
{"type":"bezierCurveTo","props":{"cpx1":315.152662,"cpy1":13.028571,"cpx2":392,"cpy2":2.605714,"x":392,"y":2.605714}},
{"type":"lineTo","props":{"x":392,"y":28.662857}},
{"type":"bezierCurveTo","props":{"cpx1":392,"cpy1":28.662857,"cpx2":315.194697,"cpy2":28.662857,"x":264,"y":28.662857}},
{"type":"bezierCurveTo","props":{"cpx1":212.794697,"cpy1":28.662857,"cpx2":187.2,"cpy2":31.268571,"x":136,"y":31.268571}},
{"type":"bezierCurveTo","props":{"cpx1":84.8,"cpy1":31.268571,"cpx2":8,"cpy2":28.662857,"x":8,"y":28.662857}},
{"type":"closePath","props":{}},
{"type":"fill","props":{"path":[{"type":"beginPath","props":{}},{"type":"moveTo","props":{"x":8,"y":7.817143}},{"type":"bezierCurveTo","props":{"cpx1":8,"cpy1":7.817143,"cpx2":84.884278,"cpy2":0,"x":136,"y":0}},{"type":"bezierCurveTo","props":{"cpx1":187.284278,"cpy1":0,"cpx2":212.752662,"cpy2":13.028571,"x":264,"y":13.028571}},{"type":"bezierCurveTo","props":{"cpx1":315.152662,"cpy1":13.028571,"cpx2":392,"cpy2":2.605714,"x":392,"y":2.605714}},{"type":"lineTo","props":{"x":392,"y":28.662857}},{"type":"bezierCurveTo","props":{"cpx1":392,"cpy1":28.662857,"cpx2":315.194697,"cpy2":28.662857,"x":264,"y":28.662857}},{"type":"bezierCurveTo","props":{"cpx1":212.794697,"cpy1":28.662857,"cpx2":187.2,"cpy2":31.268571,"x":136,"y":31.268571}},{"type":"bezierCurveTo","props":{"cpx1":84.8,"cpy1":31.268571,"cpx2":8,"cpy2":28.662857,"x":8,"y":28.662857}},{"type":"closePath","props":{}}],"fillRule":"nonzero"}},
{"type":"fillStyle","props":{"value":"#ff0000"}},
{"type":"beginPath","props":{}},
{"type":"moveTo","props":{"x":8,"y":28.662857}},
{"type":"bezierCurveTo","props":{"cpx1":8,"cpy1":28.662857,"cpx2":84.8,"cpy2":31.268571,"x":136,"y":31.268571}},
{"type":"bezierCurveTo","props":{"cpx1":187.2,"cpy1":31.268571,"cpx2":212.794697,"cpy2":28.662857,"x":264,"y":28.662857}},
{"type":"bezierCurveTo","props":{"cpx1":315.194697,"cpy1":28.662857,"cpx2":392,"cpy2":28.662857,"x":392,"y":28.662857}},
{"type":"lineTo","props":{"x":392,"y":65.142857}},
{"type":"bezierCurveTo","props":{"cpx1":392,"cpy1":65.142857,"cpx2":315.027276,"cpy2":75.565714,"x":264,"y":75.565714}},
{"type":"bezierCurveTo","props":{"cpx1":212.627276,"cpy1":75.565714,"cpx2":187.325386,"cpy2":57.325714,"x":136,"y":57.325714}},
{"type":"bezierCurveTo","props":{"cpx1":84.925386,"cpy1":57.325714,"cpx2":8,"cpy2":70.354286,"x":8,"y":70.354286}},
{"type":"closePath","props":{}},
{"type":"fill","props":{"path":[{"type":"beginPath","props":{}},{"type":"moveTo","props":{"x":8,"y":28.662857}},{"type":"bezierCurveTo","props":{"cpx1":8,"cpy1":28.662857,"cpx2":84.8,"cpy2":31.268571,"x":136,"y":31.268571}},{"type":"bezierCurveTo","props":{"cpx1":187.2,"cpy1":31.268571,"cpx2":212.794697,"cpy2":28.662857,"x":264,"y":28.662857}},{"type":"bezierCurveTo","props":{"cpx1":315.194697,"cpy1":28.662857,"cpx2":392,"cpy2":28.662857,"x":392,"y":28.662857}},{"type":"lineTo","props":{"x":392,"y":65.142857}},{"type":"bezierCurveTo","props":{"cpx1":392,"cpy1":65.142857,"cpx2":315.027276,"cpy2":75.565714,"x":264,"y":75.565714}},{"type":"bezierCurveTo","props":{"cpx1":212.627276,"cpy1":75.565714,"cpx2":187.325386,"cpy2":57.325714,"x":136,"y":57.325714}},{"type":"bezierCurveTo","props":{"cpx1":84.925386,"cpy1":57.325714,"cpx2":8,"cpy2":70.354286,"x":8,"y":70.354286}},{"type":"closePath","props":{}}],"fillRule":"nonzero"}},
{"type":"fillStyle","props":{"value":"#5794f2"}},
{"type":"beginPath","props":{}},
{"type":"moveTo","props":{"x":8,"y":70.354286}},
{"type":"bezierCurveTo","props":{"cpx1":8,"cpy1":70.354286,"cpx2":84.925386,"cpy2":57.325714,"x":136,"y":57.325714}},
{"type":"bezierCurveTo","props":{"cpx1":187.325386,"cpy1":57.325714,"cpx2":212.627276,"cpy2":75.565714,"x":264,"y":75.565714}},
{"type":"bezierCurveTo","props":{"cpx1":315.027276,"cpy1":75.565714,"cpx2":392,"cpy2":65.142857,"x":392,"y":65.142857}},
{"type":"lineTo","props":{"x":392,"y":179.794286}},
{"type":"bezierCurveTo","props":{"cpx1":392,"cpy1":179.794286,"cpx2":315.152662,"cpy2":169.371429,"x":264,"y":169.371429}},
{"type":"bezierCurveTo","props":{"cpx1":212.752662,"cpy1":169.371429,"cpx2":187.284278,"cpy2":182.4,"x":136,"y":182.4}},
{"type":"bezierCurveTo","props":{"cpx1":84.884278,"cpy1":182.4,"cpx2":8,"cpy2":174.582857,"x":8,"y":174.582857}},
{"type":"closePath","props":{}},
{"type":"fill","props":{"path":[{"type":"beginPath","props":{}},{"type":"moveTo","props":{"x":8,"y":70.354286}},{"type":"bezierCurveTo","props":{"cpx1":8,"cpy1":70.354286,"cpx2":84.925386,"cpy2":57.325714,"x":136,"y":57.325714}},{"type":"bezierCurveTo","props":{"cpx1":187.325386,"cpy1":57.325714,"cpx2":212.627276,"cpy2":75.565714,"x":264,"y":75.565714}},{"type":"bezierCurveTo","props":{"cpx1":315.027276,"cpy1":75.565714,"cpx2":392,"cpy2":65.142857,"x":392,"y":65.142857}},{"type":"lineTo","props":{"x":392,"y":179.794286}},{"type":"bezierCurveTo","props":{"cpx1":392,"cpy1":179.794286,"cpx2":315.152662,"cpy2":169.371429,"x":264,"y":169.371429}},{"type":"bezierCurveTo","props":{"cpx1":212.752662,"cpy1":169.371429,"cpx2":187.284278,"cpy2":182.4,"x":136,"y":182.4}},{"type":"bezierCurveTo","props":{"cpx1":84.884278,"cpy1":182.4,"cpx2":8,"cpy2":174.582857,"x":8,"y":174.582857}},{"type":"closePath","props":{}}],"fillRule":"nonzero"}},
{"type":"restore","props":{}}
]
`;

exports[`stream (themeRiver) canvas snapshots field config hidden layer 1`] = `
[
{"type":"save","props":{}},
{"type":"setTransform","props":{"a":1,"b":0,"c":0,"d":1,"e":0,"f":30.8}},
{"type":"globalAlpha","props":{"value":1}},
{"type":"globalCompositeOperation","props":{"value":"source-over"}},
{"type":"shadowOffsetX","props":{"value":0}},
{"type":"shadowOffsetY","props":{"value":0}},
{"type":"shadowColor","props":{"value":"#000000"}},
{"type":"fillStyle","props":{"value":"#73bf69"}},
{"type":"globalAlpha","props":{"value":1}},
{"type":"lineCap","props":{"value":"butt"}},
{"type":"lineJoin","props":{"value":"miter"}},
{"type":"miterLimit","props":{"value":10}},
{"type":"beginPath","props":{}},
{"type":"moveTo","props":{"x":8,"y":18.24}},
{"type":"bezierCurveTo","props":{"cpx1":8,"cpy1":18.24,"cpx2":85.114533,"cpy2":0,"x":136,"y":0}},
{"type":"bezierCurveTo","props":{"cpx1":187.514533,"cpy1":0,"cpx2":212.485467,"cpy2":27.36,"x":264,"y":27.36}},
{"type":"bezierCurveTo","props":{"cpx1":314.885467,"cpy1":27.36,"cpx2":392,"cpy2":9.12,"x":392,"y":9.12}},
{"type":"lineTo","props":{"x":392,"y":39.52}},
{"type":"bezierCurveTo","props":{"cpx1":392,"cpy1":39.52,"cpx2":315.164032,"cpy2":45.6,"x":264,"y":45.6}},
{"type":"bezierCurveTo","props":{"cpx1":212.764032,"cpy1":45.6,"cpx2":187.235968,"cpy2":36.48,"x":136,"y":36.48}},
{"type":"bezierCurveTo","props":{"cpx1":84.835968,"cpy1":36.48,"cpx2":8,"cpy2":42.56,"x":8,"y":42.56}},
{"type":"closePath","props":{}},
{"type":"fill","props":{"path":[{"type":"beginPath","props":{}},{"type":"moveTo","props":{"x":8,"y":18.24}},{"type":"bezierCurveTo","props":{"cpx1":8,"cpy1":18.24,"cpx2":85.114533,"cpy2":0,"x":136,"y":0}},{"type":"bezierCurveTo","props":{"cpx1":187.514533,"cpy1":0,"cpx2":212.485467,"cpy2":27.36,"x":264,"y":27.36}},{"type":"bezierCurveTo","props":{"cpx1":314.885467,"cpy1":27.36,"cpx2":392,"cpy2":9.12,"x":392,"y":9.12}},{"type":"lineTo","props":{"x":392,"y":39.52}},{"type":"bezierCurveTo","props":{"cpx1":392,"cpy1":39.52,"cpx2":315.164032,"cpy2":45.6,"x":264,"y":45.6}},{"type":"bezierCurveTo","props":{"cpx1":212.764032,"cpy1":45.6,"cpx2":187.235968,"cpy2":36.48,"x":136,"y":36.48}},{"type":"bezierCurveTo","props":{"cpx1":84.835968,"cpy1":36.48,"cpx2":8,"cpy2":42.56,"x":8,"y":42.56}},{"type":"closePath","props":{}}],"fillRule":"nonzero"}},
{"type":"fillStyle","props":{"value":"#5794f2"}},
{"type":"beginPath","props":{}},
{"type":"moveTo","props":{"x":8,"y":42.56}},
{"type":"bezierCurveTo","props":{"cpx1":8,"cpy1":42.56,"cpx2":84.835968,"cpy2":36.48,"x":136,"y":36.48}},
{"type":"bezierCurveTo","props":{"cpx1":187.235968,"cpy1":36.48,"cpx2":212.764032,"cpy2":45.6,"x":264,"y":45.6}},
{"type":"bezierCurveTo","props":{"cpx1":315.164032,"cpy1":45.6,"cpx2":392,"cpy2":39.52,"x":392,"y":39.52}},
{"type":"lineTo","props":{"x":392,"y":173.28}},
{"type":"bezierCurveTo","props":{"cpx1":392,"cpy1":173.28,"cpx2":314.885467,"cpy2":155.04,"x":264,"y":155.04}},
{"type":"bezierCurveTo","props":{"cpx1":212.485467,"cpy1":155.04,"cpx2":187.514533,"cpy2":182.4,"x":136,"y":182.4}},
{"type":"bezierCurveTo","props":{"cpx1":85.114533,"cpy1":182.4,"cpx2":8,"cpy2":164.16,"x":8,"y":164.16}},
{"type":"closePath","props":{}},
{"type":"fill","props":{"path":[{"type":"beginPath","props":{}},{"type":"moveTo","props":{"x":8,"y":42.56}},{"type":"bezierCurveTo","props":{"cpx1":8,"cpy1":42.56,"cpx2":84.835968,"cpy2":36.48,"x":136,"y":36.48}},{"type":"bezierCurveTo","props":{"cpx1":187.235968,"cpy1":36.48,"cpx2":212.764032,"cpy2":45.6,"x":264,"y":45.6}},{"type":"bezierCurveTo","props":{"cpx1":315.164032,"cpy1":45.6,"cpx2":392,"cpy2":39.52,"x":392,"y":39.52}},{"type":"lineTo","props":{"x":392,"y":173.28}},{"type":"bezierCurveTo","props":{"cpx1":392,"cpy1":173.28,"cpx2":314.885467,"cpy2":155.04,"x":264,"y":155.04}},{"type":"bezierCurveTo","props":{"cpx1":212.485467,"cpy1":155.04,"cpx2":187.514533,"cpy2":182.4,"x":136,"y":182.4}},{"type":"bezierCurveTo","props":{"cpx1":85.114533,"cpy1":182.4,"cpx2":8,"cpy2":164.16,"x":8,"y":164.16}},{"type":"closePath","props":{}}],"fillRule":"nonzero"}},
{"type":"restore","props":{}}
]
`;

exports[`stream (themeRiver) canvas snapshots geometry boundary gap 1`] = `
[
{"type":"save","props":{}},
{"type":"setTransform","props":{"a":1,"b":0,"c":0,"d":1,"e":0,"f":12.56}},
{"type":"globalAlpha","props":{"value":1}},
{"type":"globalCompositeOperation","props":{"value":"source-over"}},
{"type":"shadowOffsetX","props":{"value":0}},
{"type":"shadowOffsetY","props":{"value":0}},
{"type":"shadowColor","props":{"value":"#000000"}},
{"type":"fillStyle","props":{"value":"#73bf69"}},
{"type":"globalAlpha","props":{"value":1}},
{"type":"lineCap","props":{"value":"butt"}},
{"type":"lineJoin","props":{"value":"miter"}},
{"type":"miterLimit","props":{"value":10}},
{"type":"beginPath","props":{}},
{"type":"moveTo","props":{"x":8,"y":9.380571}},
{"type":"bezierCurveTo","props":{"cpx1":8,"cpy1":9.380571,"cpx2":84.920989,"cpy2":0,"x":136,"y":0}},
{"type":"bezierCurveTo","props":{"cpx1":187.320989,"cpy1":0,"cpx2":212.732085,"cpy2":15.634286,"x":264,"y":15.634286}},
{"type":"bezierCurveTo","props":{"cpx1":315.132085,"cpy1":15.634286,"cpx2":392,"cpy2":3.126857,"x":392,"y":3.126857}},
{"type":"lineTo","props":{"x":392,"y":34.395429}},
{"type":"bezierCurveTo","props":{"cpx1":392,"cpy1":34.395429,"cpx2":315.192364,"cpy2":34.395429,"x":264,"y":34.395429}},
{"type":"bezierCurveTo","props":{"cpx1":212.792364,"cpy1":34.395429,"cpx2":187.2,"cpy2":37.522286,"x":136,"y":37.522286}},
{"type":"bezierCurveTo","props":{"cpx1":84.8,"cpy1":37.522286,"cpx2":8,"cpy2":34.395429,"x":8,"y":34.395429}},
{"type":"closePath","props":{}},
{"type":"fill","props":{"path":[{"type":"beginPath","props":{}},{"type":"moveTo","props":{"x":8,"y":9.380571}},{"type":"bezierCurveTo","props":{"cpx1":8,"cpy1":9.380571,"cpx2":84.920989,"cpy2":0,"x":136,"y":0}},{"type":"bezierCurveTo","props":{"cpx1":187.320989,"cpy1":0,"cpx2":212.732085,"cpy2":15.634286,"x":264,"y":15.634286}},{"type":"bezierCurveTo","props":{"cpx1":315.132085,"cpy1":15.634286,"cpx2":392,"cpy2":3.126857,"x":392,"y":3.126857}},{"type":"lineTo","props":{"x":392,"y":34.395429}},{"type":"bezierCurveTo","props":{"cpx1":392,"cpy1":34.395429,"cpx2":315.192364,"cpy2":34.395429,"x":264,"y":34.395429}},{"type":"bezierCurveTo","props":{"cpx1":212.792364,"cpy1":34.395429,"cpx2":187.2,"cpy2":37.522286,"x":136,"y":37.522286}},{"type":"bezierCurveTo","props":{"cpx1":84.8,"cpy1":37.522286,"cpx2":8,"cpy2":34.395429,"x":8,"y":34.395429}},{"type":"closePath","props":{}}],"fillRule":"nonzero"}},
{"type":"fillStyle","props":{"value":"#f2cc0c"}},
{"type":"beginPath","props":{}},
{"type":"moveTo","props":{"x":8,"y":34.395429}},
{"type":"bezierCurveTo","props":{"cpx1":8,"cpy1":34.395429,"cpx2":84.8,"cpy2":37.522286,"x":136,"y":37.522286}},
{"type":"bezierCurveTo","props":{"cpx1":187.2,"cpy1":37.522286,"cpx2":212.792364,"cpy2":34.395429,"x":264,"y":34.395429}},
{"type":"bezierCurveTo","props":{"cpx1":315.192364,"cpy1":34.395429,"cpx2":392,"cpy2":34.395429,"x":392,"y":34.395429}},
{"type":"lineTo","props":{"x":392,"y":78.171429}},
{"type":"bezierCurveTo","props":{"cpx1":392,"cpy1":78.171429,"cpx2":314.952721,"cpy2":90.678857,"x":264,"y":90.678857}},
{"type":"bezierCurveTo","props":{"cpx1":212.552721,"cpy1":90.678857,"cpx2":187.379365,"cpy2":68.790857,"x":136,"y":68.790857}},
{"type":"bezierCurveTo","props":{"cpx1":84.979365,"cpy1":68.790857,"cpx2":8,"cpy2":84.425143,"x":8,"y":84.425143}},
{"type":"closePath","props":{}},
{"type":"fill","props":{"path":[{"type":"beginPath","props":{}},{"type":"moveTo","props":{"x":8,"y":34.395429}},{"type":"bezierCurveTo","props":{"cpx1":8,"cpy1":34.395429,"cpx2":84.8,"cpy2":37.522286,"x":136,"y":37.522286}},{"type":"bezierCurveTo","props":{"cpx1":187.2,"cpy1":37.522286,"cpx2":212.792364,"cpy2":34.395429,"x":264,"y":34.395429}},{"type":"bezierCurveTo","props":{"cpx1":315.192364,"cpy1":34.395429,"cpx2":392,"cpy2":34.395429,"x":392,"y":34.395429}},{"type":"lineTo","props":{"x":392,"y":78.171429}},{"type":"bezierCurveTo","props":{"cpx1":392,"cpy1":78.171429,"cpx2":314.952721,"cpy2":90.678857,"x":264,"y":90.678857}},{"type":"bezierCurveTo","props":{"cpx1":212.552721,"cpy1":90.678857,"cpx2":187.379365,"cpy2":68.790857,"x":136,"y":68.790857}},{"type":"bezierCurveTo","props":{"cpx1":84.979365,"cpy1":68.790857,"cpx2":8,"cpy2":84.425143,"x":8,"y":84.425143}},{"type":"closePath","props":{}}],"fillRule":"nonzero"}},
{"type":"fillStyle","props":{"value":"#5794f2"}},
{"type":"beginPath","props":{}},
{"type":"moveTo","props":{"x":8,"y":84.425143}},
{"type":"bezierCurveTo","props":{"cpx1":8,"cpy1":84.425143,"cpx2":84.979365,"cpy2":68.790857,"x":136,"y":68.790857}},
{"type":"bezierCurveTo","props":{"cpx1":187.379365,"cpy1":68.790857,"cpx2":212.552721,"cpy2":90.678857,"x":264,"y":90.678857}},
{"type":"bezierCurveTo","props":{"cpx1":314.952721,"cpy1":90.678857,"cpx2":392,"cpy2":78.171429,"x":392,"y":78.171429}},
{"type":"lineTo","props":{"x":392,"y":215.753143}},
{"type":"bezierCurveTo","props":{"cpx1":392,"cpy1":215.753143,"cpx2":315.132085,"cpy2":203.245714,"x":264,"y":203.245714}},
{"type":"bezierCurveTo","props":{"cpx1":212.732085,"cpy1":203.245714,"cpx2":187.320989,"cpy2":218.88,"x":136,"y":218.88}},
{"type":"bezierCurveTo","props":{"cpx1":84.920989,"cpy1":218.88,"cpx2":8,"cpy2":209.499429,"x":8,"y":209.499429}},
{"type":"closePath","props":{}},
{"type":"fill","props":{"path":[{"type":"beginPath","props":{}},{"type":"moveTo","props":{"x":8,"y":84.425143}},{"type":"bezierCurveTo","props":{"cpx1":8,"cpy1":84.425143,"cpx2":84.979365,"cpy2":68.790857,"x":136,"y":68.790857}},{"type":"bezierCurveTo","props":{"cpx1":187.379365,"cpy1":68.790857,"cpx2":212.552721,"cpy2":90.678857,"x":264,"y":90.678857}},{"type":"bezierCurveTo","props":{"cpx1":314.952721,"cpy1":90.678857,"cpx2":392,"cpy2":78.171429,"x":392,"y":78.171429}},{"type":"lineTo","props":{"x":392,"y":215.753143}},{"type":"bezierCurveTo","props":{"cpx1":392,"cpy1":215.753143,"cpx2":315.132085,"cpy2":203.245714,"x":264,"y":203.245714}},{"type":"bezierCurveTo","props":{"cpx1":212.732085,"cpy1":203.245714,"cpx2":187.320989,"cpy2":218.88,"x":136,"y":218.88}},{"type":"bezierCurveTo","props":{"cpx1":84.920989,"cpy1":218.88,"cpx2":8,"cpy2":209.499429,"x":8,"y":209.499429}},{"type":"closePath","props":{}}],"fillRule":"nonzero"}},
{"type":"restore","props":{}}
]
`;

exports[`stream (themeRiver) canvas snapshots layer labels label font size 1`] = `
[
{"type":"save","props":{}},
{"type":"setTransform","props":{"a":1,"b":0,"c":0,"d":1,"e":0,"f":30.8}},
{"type":"globalAlpha","props":{"value":1}},
{"type":"globalCompositeOperation","props":{"value":"source-over"}},
{"type":"shadowOffsetX","props":{"value":0}},
{"type":"shadowOffsetY","props":{"value":0}},
{"type":"shadowColor","props":{"value":"#000000"}},
{"type":"fillStyle","props":{"value":"#73bf69"}},
{"type":"globalAlpha","props":{"value":1}},
{"type":"lineCap","props":{"value":"butt"}},
{"type":"lineJoin","props":{"value":"miter"}},
{"type":"miterLimit","props":{"value":10}},
{"type":"beginPath","props":{}},
{"type":"moveTo","props":{"x":8,"y":7.817143}},
{"type":"bezierCurveTo","props":{"cpx1":8,"cpy1":7.817143,"cpx2":84.884278,"cpy2":0,"x":136,"y":0}},
{"type":"bezierCurveTo","props":{"cpx1":187.284278,"cpy1":0,"cpx2":212.752662,"cpy2":13.028571,"x":264,"y":13.028571}},
{"type":"bezierCurveTo","props":{"cpx1":315.152662,"cpy1":13.028571,"cpx2":392,"cpy2":2.605714,"x":392,"y":2.605714}},
{"type":"lineTo","props":{"x":392,"y":28.662857}},
{"type":"bezierCurveTo","props":{"cpx1":392,"cpy1":28.662857,"cpx2":315.194697,"cpy2":28.662857,"x":264,"y":28.662857}},
{"type":"bezierCurveTo","props":{"cpx1":212.794697,"cpy1":28.662857,"cpx2":187.2,"cpy2":31.268571,"x":136,"y":31.268571}},
{"type":"bezierCurveTo","props":{"cpx1":84.8,"cpy1":31.268571,"cpx2":8,"cpy2":28.662857,"x":8,"y":28.662857}},
{"type":"closePath","props":{}},
{"type":"fill","props":{"path":[{"type":"beginPath","props":{}},{"type":"moveTo","props":{"x":8,"y":7.817143}},{"type":"bezierCurveTo","props":{"cpx1":8,"cpy1":7.817143,"cpx2":84.884278,"cpy2":0,"x":136,"y":0}},{"type":"bezierCurveTo","props":{"cpx1":187.284278,"cpy1":0,"cpx2":212.752662,"cpy2":13.028571,"x":264,"y":13.028571}},{"type":"bezierCurveTo","props":{"cpx1":315.152662,"cpy1":13.028571,"cpx2":392,"cpy2":2.605714,"x":392,"y":2.605714}},{"type":"lineTo","props":{"x":392,"y":28.662857}},{"type":"bezierCurveTo","props":{"cpx1":392,"cpy1":28.662857,"cpx2":315.194697,"cpy2":28.662857,"x":264,"y":28.662857}},{"type":"bezierCurveTo","props":{"cpx1":212.794697,"cpy1":28.662857,"cpx2":187.2,"cpy2":31.268571,"x":136,"y":31.268571}},{"type":"bezierCurveTo","props":{"cpx1":84.8,"cpy1":31.268571,"cpx2":8,"cpy2":28.662857,"x":8,"y":28.662857}},{"type":"closePath","props":{}}],"fillRule":"nonzero"}},
{"type":"fillStyle","props":{"value":"#f2cc0c"}},
{"type":"beginPath","props":{}},
{"type":"moveTo","props":{"x":8,"y":28.662857}},
{"type":"bezierCurveTo","props":{"cpx1":8,"cpy1":28.662857,"cpx2":84.8,"cpy2":31.268571,"x":136,"y":31.268571}},
{"type":"bezierCurveTo","props":{"cpx1":187.2,"cpy1":31.268571,"cpx2":212.794697,"cpy2":28.662857,"x":264,"y":28.662857}},
{"type":"bezierCurveTo","props":{"cpx1":315.194697,"cpy1":28.662857,"cpx2":392,"cpy2":28.662857,"x":392,"y":28.662857}},
{"type":"lineTo","props":{"x":392,"y":65.142857}},
{"type":"bezierCurveTo","props":{"cpx1":392,"cpy1":65.142857,"cpx2":315.027276,"cpy2":75.565714,"x":264,"y":75.565714}},
{"type":"bezierCurveTo","props":{"cpx1":212.627276,"cpy1":75.565714,"cpx2":187.325386,"cpy2":57.325714,"x":136,"y":57.325714}},
{"type":"bezierCurveTo","props":{"cpx1":84.925386,"cpy1":57.325714,"cpx2":8,"cpy2":70.354286,"x":8,"y":70.354286}},
{"type":"closePath","props":{}},
{"type":"fill","props":{"path":[{"type":"beginPath","props":{}},{"type":"moveTo","props":{"x":8,"y":28.662857}},{"type":"bezierCurveTo","props":{"cpx1":8,"cpy1":28.662857,"cpx2":84.8,"cpy2":31.268571,"x":136,"y":31.268571}},{"type":"bezierCurveTo","props":{"cpx1":187.2,"cpy1":31.268571,"cpx2":212.794697,"cpy2":28.662857,"x":264,"y":28.662857}},{"type":"bezierCurveTo","props":{"cpx1":315.194697,"cpy1":28.662857,"cpx2":392,"cpy2":28.662857,"x":392,"y":28.662857}},{"type":"lineTo","props":{"x":392,"y":65.142857}},{"type":"bezierCurveTo","props":{"cpx1":392,"cpy1":65.142857,"cpx2":315.027276,"cpy2":75.565714,"x":264,"y":75.565714}},{"type":"bezierCurveTo","props":{"cpx1":212.627276,"cpy1":75.565714,"cpx2":187.325386,"cpy2":57.325714,"x":136,"y":57.325714}},{"type":"bezierCurveTo","props":{"cpx1":84.925386,"cpy1":57.325714,"cpx2":8,"cpy2":70.354286,"x":8,"y":70.354286}},{"type":"closePath","props":{}}],"fillRule":"nonzero"}},
{"type":"fillStyle","props":{"value":"#5794f2"}},
{"type":"beginPath","props":{}},
{"type":"moveTo","props":{"x":8,"y":70.354286}},
{"type":"bezierCurveTo","props":{"cpx1":8,"cpy1":70.354286,"cpx2":84.925386,"cpy2":57.325714,"x":136,"y":57.325714}},
{"type":"bezierCurveTo","props":{"cpx1":187.325386,"cpy1":57.325714,"cpx2":212.627276,"cpy2":75.565714,"x":264,"y":75.565714}},
{"type":"bezierCurveTo","props":{"cpx1":315.027276,"cpy1":75.565714,"cpx2":392,"cpy2":65.142857,"x":392,"y":65.142857}},
{"type":"lineTo","props":{"x":392,"y":179.794286}},
{"type":"bezierCurveTo","props":{"cpx1":392,"cpy1":179.794286,"cpx2":315.152662,"cpy2":169.371429,"x":264,"y":169.371429}},
{"type":"bezierCurveTo","props":{"cpx1":212.752662,"cpy1":169.371429,"cpx2":187.284278,"cpy2":182.4,"x":136,"y":182.4}},
{"type":"bezierCurveTo","props":{"cpx1":84.884278,"cpy1":182.4,"cpx2":8,"cpy2":174.582857,"x":8,"y":174.582857}},
{"type":"closePath","props":{}},
{"type":"fill","props":{"path":[{"type":"beginPath","props":{}},{"type":"moveTo","props":{"x":8,"y":70.354286}},{"type":"bezierCurveTo","props":{"cpx1":8,"cpy1":70.354286,"cpx2":84.925386,"cpy2":57.325714,"x":136,"y":57.325714}},{"type":"bezierCurveTo","props":{"cpx1":187.325386,"cpy1":57.325714,"cpx2":212.627276,"cpy2":75.565714,"x":264,"y":75.565714}},{"type":"bezierCurveTo","props":{"cpx1":315.027276,"cpy1":75.565714,"cpx2":392,"cpy2":65.142857,"x":392,"y":65.142857}},{"type":"lineTo","props":{"x":392,"y":179.794286}},{"type":"bezierCurveTo","props":{"cpx1":392,"cpy1":179.794286,"cpx2":315.152662,"cpy2":169.371429,"x":264,"y":169.371429}},{"type":"bezierCurveTo","props":{"cpx1":212.752662,"cpy1":169.371429,"cpx2":187.284278,"cpy2":182.4,"x":136,"y":182.4}},{"type":"bezierCurveTo","props":{"cpx1":84.884278,"cpy1":182.4,"cpx2":8,"cpy2":174.582857,"x":8,"y":174.582857}},{"type":"closePath","props":{}}],"fillRule":"nonzero"}},
{"type":"setTransform","props":{"a":1,"b":0,"c":0,"d":1,"e":4,"f":49.04}},
{"type":"globalAlpha","props":{"value":1}},
{"type":"globalCompositeOperation","props":{"value":"source-over"}},
{"type":"shadowOffsetX","props":{"value":0}},
{"type":"shadowOffsetY","props":{"value":0}},
{"type":"shadowColor","props":{"value":"#000000"}},
{"type":"fillStyle","props":{"value":"#ccccdc"}},
{"type":"globalAlpha","props":{"value":1}},
{"type":"lineCap","props":{"value":"butt"}},
{"type":"lineJoin","props":{"value":"miter"}},
{"type":"miterLimit","props":{"value":2}},
{"type":"font","props":{"value":"18px 'Inter', 'Helvetica', 'Arial', sans-serif"}},
{"type":"textAlign","props":{"value":"left"}},
{"type":"textBaseline","props":{"value":"middle"}},
{"type":"fillText","props":{"text":"error","x":0,"y":0,"maxWidth":null}},
{"type":"setTransform","props":{"a":1,"b":0,"c":0,"d":1,"e":4,"f":80.308571}},
{"type":"font","props":{"value":"18px 'Inter', 'Helvetica', 'Arial', sans-serif"}},
{"type":"textAlign","props":{"value":"left"}},
{"type":"textBaseline","props":{"value":"middle"}},
{"type":"fillText","props":{"text":"warn","x":0,"y":0,"maxWidth":null}},
{"type":"setTransform","props":{"a":1,"b":0,"c":0,"d":1,"e":4,"f":153.268571}},
{"type":"font","props":{"value":"18px 'Inter', 'Helvetica', 'Arial', sans-serif"}},
{"type":"textAlign","props":{"value":"left"}},
{"type":"textBaseline","props":{"value":"middle"}},
{"type":"fillText","props":{"text":"info","x":0,"y":0,"maxWidth":null}},
{"type":"restore","props":{}}
]
`;

exports[`stream (themeRiver) canvas snapshots layer labels label offset onto the ribbon 1`] = `
[
{"type":"save","props":{}},
{"type":"setTransform","props":{"a":1,"b":0,"c":0,"d":1,"e":0,"f":30.8}},
{"type":"globalAlpha","props":{"value":1}},
{"type":"globalCompositeOperation","props":{"value":"source-over"}},
{"type":"shadowOffsetX","props":{"value":0}},
{"type":"shadowOffsetY","props":{"value":0}},
{"type":"shadowColor","props":{"value":"#000000"}},
{"type":"fillStyle","props":{"value":"#73bf69"}},
{"type":"globalAlpha","props":{"value":1}},
{"type":"lineCap","props":{"value":"butt"}},
{"type":"lineJoin","props":{"value":"miter"}},
{"type":"miterLimit","props":{"value":10}},
{"type":"beginPath","props":{}},
{"type":"moveTo","props":{"x":8,"y":7.817143}},
{"type":"bezierCurveTo","props":{"cpx1":8,"cpy1":7.817143,"cpx2":84.884278,"cpy2":0,"x":136,"y":0}},
{"type":"bezierCurveTo","props":{"cpx1":187.284278,"cpy1":0,"cpx2":212.752662,"cpy2":13.028571,"x":264,"y":13.028571}},
{"type":"bezierCurveTo","props":{"cpx1":315.152662,"cpy1":13.028571,"cpx2":392,"cpy2":2.605714,"x":392,"y":2.605714}},
{"type":"lineTo","props":{"x":392,"y":28.662857}},
{"type":"bezierCurveTo","props":{"cpx1":392,"cpy1":28.662857,"cpx2":315.194697,"cpy2":28.662857,"x":264,"y":28.662857}},
{"type":"bezierCurveTo","props":{"cpx1":212.794697,"cpy1":28.662857,"cpx2":187.2,"cpy2":31.268571,"x":136,"y":31.268571}},
{"type":"bezierCurveTo","props":{"cpx1":84.8,"cpy1":31.268571,"cpx2":8,"cpy2":28.662857,"x":8,"y":28.662857}},
{"type":"closePath","props":{}},
{"type":"fill","props":{"path":[{"type":"beginPath","props":{}},{"type":"moveTo","props":{"x":8,"y":7.817143}},{"type":"bezierCurveTo","props":{"cpx1":8,"cpy1":7.817143,"cpx2":84.884278,"cpy2":0,"x":136,"y":0}},{"type":"bezierCurveTo","props":{"cpx1":187.284278,"cpy1":0,"cpx2":212.752662,"cpy2":13.028571,"x":264,"y":13.028571}},{"type":"bezierCurveTo","props":{"cpx1":315.152662,"cpy1":13.028571,"cpx2":392,"cpy2":2.605714,"x":392,"y":2.605714}},{"type":"lineTo","props":{"x":392,"y":28.662857}},{"type":"bezierCurveTo","props":{"cpx1":392,"cpy1":28.662857,"cpx2":315.194697,"cpy2":28.662857,"x":264,"y":28.662857}},{"type":"bezierCurveTo","props":{"cpx1":212.794697,"cpy1":28.662857,"cpx2":187.2,"cpy2":31.268571,"x":136,"y":31.268571}},{"type":"bezierCurveTo","props":{"cpx1":84.8,"cpy1":31.268571,"cpx2":8,"cpy2":28.662857,"x":8,"y":28.662857}},{"type":"closePath","props":{}}],"fillRule":"nonzero"}},
{"type":"fillStyle","props":{"value":"#f2cc0c"}},
{"type":"beginPath","props":{}},
{"type":"moveTo","props":{"x":8,"y":28.662857}},
{"type":"bezierCurveTo","props":{"cpx1":8,"cpy1":28.662857,"cpx2":84.8,"cpy2":31.268571,"x":136,"y":31.268571}},
{"type":"bezierCurveTo","props":{"cpx1":187.2,"cpy1":31.268571,"cpx2":212.794697,"cpy2":28.662857,"x":264,"y":28.662857}},
{"type":"bezierCurveTo","props":{"cpx1":315.194697,"cpy1":28.662857,"cpx2":392,"cpy2":28.662857,"x":392,"y":28.662857}},
{"type":"lineTo","props":{"x":392,"y":65.142857}},
{"type":"bezierCurveTo","props":{"cpx1":392,"cpy1":65.142857,"cpx2":315.027276,"cpy2":75.565714,"x":264,"y":75.565714}},
{"type":"bezierCurveTo","props":{"cpx1":212.627276,"cpy1":75.565714,"cpx2":187.325386,"cpy2":57.325714,"x":136,"y":57.325714}},
{"type":"bezierCurveTo","props":{"cpx1":84.925386,"cpy1":57.325714,"cpx2":8,"cpy2":70.354286,"x":8,"y":70.354286}},
{"type":"closePath","props":{}},
{"type":"fill","props":{"path":[{"type":"beginPath","props":{}},{"type":"moveTo","props":{"x":8,"y":28.662857}},{"type":"bezierCurveTo","props":{"cpx1":8,"cpy1":28.662857,"cpx2":84.8,"cpy2":31.268571,"x":136,"y":31.268571}},{"type":"bezierCurveTo","props":{"cpx1":187.2,"cpy1":31.268571,"cpx2":212.794697,"cpy2":28.662857,"x":264,"y":28.662857}},{"type":"bezierCurveTo","props":{"cpx1":315.194697,"cpy1":28.662857,"cpx2":392,"cpy2":28.662857,"x":392,"y":28.662857}},{"type":"lineTo","props":{"x":392,"y":65.142857}},{"type":"bezierCurveTo","props":{"cpx1":392,"cpy1":65.142857,"cpx2":315.027276,"cpy2":75.565714,"x":264,"y":75.565714}},{"type":"bezierCurveTo","props":{"cpx1":212.627276,"cpy1":75.565714,"cpx2":187.325386,"cpy2":57.325714,"x":136,"y":57.325714}},{"type":"bezierCurveTo","props":{"cpx1":84.925386,"cpy1":57.325714,"cpx2":8,"cpy2":70.354286,"x":8,"y":70.354286}},{"type":"closePath","props":{}}],"fillRule":"nonzero"}},
{"type":"fillStyle","props":{"value":"#5794f2"}},
{"type":"beginPath","props":{}},
{"type":"moveTo","props":{"x":8,"y":70.354286}},
{"type":"bezierCurveTo","props":{"cpx1":8,"cpy1":70.354286,"cpx2":84.925386,"cpy2":57.325714,"x":136,"y":57.325714}},
{"type":"bezierCurveTo","props":{"cpx1":187.325386,"cpy1":57.325714,"cpx2":212.627276,"cpy2":75.565714,"x":264,"y":75.565714}},
{"type":"bezierCurveTo","props":{"cpx1":315.027276,"cpy1":75.565714,"cpx2":392,"cpy2":65.142857,"x":392,"y":65.142857}},
{"type":"lineTo","props":{"x":392,"y":179.794286}},
{"type":"bezierCurveTo","props":{"cpx1":392,"cpy1":179.794286,"cpx2":315.152662,"cpy2":169.371429,"x":264,"y":169.371429}},
{"type":"bezierCurveTo","props":{"cpx1":212.752662,"cpy1":169.371429,"cpx2":187.284278,"cpy2":182.4,"x":136,"y":182.4}},
{"type":"bezierCurveTo","props":{"cpx1":84.884278,"cpy1":182.4,"cpx2":8,"cpy2":174.582857,"x":8,"y":174.582857}},
{"type":"closePath","props":{}},
{"type":"fill","props":{"path":[{"type":"beginPath","props":{}},{"type":"moveTo","props":{"x":8,"y":70.354286}},{"type":"bezierCurveTo","props":{"cpx1":8,"cpy1":70.354286,"cpx2":84.925386,"cpy2":57.325714,"x":136,"y":57.325714}},{"type":"bezierCurveTo","props":{"cpx1":187.325386,"cpy1":57.325714,"cpx2":212.627276,"cpy2":75.565714,"x":264,"y":75.565714}},{"type":"bezierCurveTo","props":{"cpx1":315.027276,"cpy1":75.565714,"cpx2":392,"cpy2":65.142857,"x":392,"y":65.142857}},{"type":"lineTo","props":{"x":392,"y":179.794286}},{"type":"bezierCurveTo","props":{"cpx1":392,"cpy1":179.794286,"cpx2":315.152662,"cpy2":169.371429,"x":264,"y":169.371429}},{"type":"bezierCurveTo","props":{"cpx1":212.752662,"cpy1":169.371429,"cpx2":187.284278,"cpy2":182.4,"x":136,"y":182.4}},{"type":"bezierCurveTo","props":{"cpx1":84.884278,"cpy1":182.4,"cpx2":8,"cpy2":174.582857,"x":8,"y":174.582857}},{"type":"closePath","props":{}}],"fillRule":"nonzero"}},
{"type":"setTransform","props":{"a":1,"b":0,"c":0,"d":1,"e":48,"f":49.04}},
{"type":"globalAlpha","props":{"value":1}},
{"type":"globalCompositeOperation","props":{"value":"source-over"}},
{"type":"shadowOffsetX","props":{"value":0}},
{"type":"shadowOffsetY","props":{"value":0}},
{"type":"shadowColor","props":{"value":"#000000"}},
{"type":"fillStyle","props":{"value":"#ccccdc"}},
{"type":"globalAlpha","props":{"value":1}},
{"type":"lineCap","props":{"value":"butt"}},
{"type":"lineJoin","props":{"value":"miter"}},
{"type":"miterLimit","props":{"value":2}},
{"type":"font","props":{"value":"11px 'Inter', 'Helvetica', 'Arial', sans-serif"}},
{"type":"textAlign","props":{"value":"left"}},
{"type":"textBaseline","props":{"value":"middle"}},
{"type":"fillText","props":{"text":"error","x":0,"y":0,"maxWidth":null}},
{"type":"setTransform","props":{"a":1,"b":0,"c":0,"d":1,"e":48,"f":80.308571}},
{"type":"font","props":{"value":"11px 'Inter', 'Helvetica', 'Arial', sans-serif"}},
{"type":"textAlign","props":{"value":"left"}},
{"type":"textBaseline","props":{"value":"middle"}},
{"type":"fillText","props":{"text":"warn","x":0,"y":0,"maxWidth":null}},
{"type":"setTransform","props":{"a":1,"b":0,"c":0,"d":1,"e":48,"f":153.268571}},
{"type":"font","props":{"value":"11px 'Inter', 'Helvetica', 'Arial', sans-serif"}},
{"type":"textAlign","props":{"value":"left"}},
{"type":"textBaseline","props":{"value":"middle"}},
{"type":"fillText","props":{"text":"info","x":0,"y":0,"maxWidth":null}},
{"type":"restore","props":{}}
]
`;

exports[`stream (themeRiver) canvas snapshots layer labels labels on 1`] = `
[
{"type":"save","props":{}},
{"type":"setTransform","props":{"a":1,"b":0,"c":0,"d":1,"e":0,"f":30.8}},
{"type":"globalAlpha","props":{"value":1}},
{"type":"globalCompositeOperation","props":{"value":"source-over"}},
{"type":"shadowOffsetX","props":{"value":0}},
{"type":"shadowOffsetY","props":{"value":0}},
{"type":"shadowColor","props":{"value":"#000000"}},
{"type":"fillStyle","props":{"value":"#73bf69"}},
{"type":"globalAlpha","props":{"value":1}},
{"type":"lineCap","props":{"value":"butt"}},
{"type":"lineJoin","props":{"value":"miter"}},
{"type":"miterLimit","props":{"value":10}},
{"type":"beginPath","props":{}},
{"type":"moveTo","props":{"x":8,"y":7.817143}},
{"type":"bezierCurveTo","props":{"cpx1":8,"cpy1":7.817143,"cpx2":84.884278,"cpy2":0,"x":136,"y":0}},
{"type":"bezierCurveTo","props":{"cpx1":187.284278,"cpy1":0,"cpx2":212.752662,"cpy2":13.028571,"x":264,"y":13.028571}},
{"type":"bezierCurveTo","props":{"cpx1":315.152662,"cpy1":13.028571,"cpx2":392,"cpy2":2.605714,"x":392,"y":2.605714}},
{"type":"lineTo","props":{"x":392,"y":28.662857}},
{"type":"bezierCurveTo","props":{"cpx1":392,"cpy1":28.662857,"cpx2":315.194697,"cpy2":28.662857,"x":264,"y":28.662857}},
{"type":"bezierCurveTo","props":{"cpx1":212.794697,"cpy1":28.662857,"cpx2":187.2,"cpy2":31.268571,"x":136,"y":31.268571}},
{"type":"bezierCurveTo","props":{"cpx1":84.8,"cpy1":31.268571,"cpx2":8,"cpy2":28.662857,"x":8,"y":28.662857}},
{"type":"closePath","props":{}},
{"type":"fill","props":{"path":[{"type":"beginPath","props":{}},{"type":"moveTo","props":{"x":8,"y":7.817143}},{"type":"bezierCurveTo","props":{"cpx1":8,"cpy1":7.817143,"cpx2":84.884278,"cpy2":0,"x":136,"y":0}},{"type":"bezierCurveTo","props":{"cpx1":187.284278,"cpy1":0,"cpx2":212.752662,"cpy2":13.028571,"x":264,"y":13.028571}},{"type":"bezierCurveTo","props":{"cpx1":315.152662,"cpy1":13.028571,"cpx2":392,"cpy2":2.605714,"x":392,"y":2.605714}},{"type":"lineTo","props":{"x":392,"y":28.662857}},{"type":"bezierCurveTo","props":{"cpx1":392,"cpy1":28.662857,"cpx2":315.194697,"cpy2":28.662857,"x":264,"y":28.662857}},{"type":"bezierCurveTo","props":{"cpx1":212.794697,"cpy1":28.662857,"cpx2":187.2,"cpy2":31.268571,"x":136,"y":31.268571}},{"type":"bezierCurveTo","props":{"cpx1":84.8,"cpy1":31.268571,"cpx2":8,"cpy2":28.662857,"x":8,"y":28.662857}},{"type":"closePath","props":{}}],"fillRule":"nonzero"}},
{"type":"fillStyle","props":{"value":"#f2cc0c"}},
{"type":"beginPath","props":{}},
{"type":"moveTo","props":{"x":8,"y":28.662857}},
{"type":"bezierCurveTo","props":{"cpx1":8,"cpy1":28.662857,"cpx2":84.8,"cpy2":31.268571,"x":136,"y":31.268571}},
{"type":"bezierCurveTo","props":{"cpx1":187.2,"cpy1":31.268571,"cpx2":212.794697,"cpy2":28.662857,"x":264,"y":28.662857}},
{"type":"bezierCurveTo","props":{"cpx1":315.194697,"cpy1":28.662857,"cpx2":392,"cpy2":28.662857,"x":392,"y":28.662857}},
{"type":"lineTo","props":{"x":392,"y":65.142857}},
{"type":"bezierCurveTo","props":{"cpx1":392,"cpy1":65.142857,"cpx2":315.027276,"cpy2":75.565714,"x":264,"y":75.565714}},
{"type":"bezierCurveTo","props":{"cpx1":212.627276,"cpy1":75.565714,"cpx2":187.325386,"cpy2":57.325714,"x":136,"y":57.325714}},
{"type":"bezierCurveTo","props":{"cpx1":84.925386,"cpy1":57.325714,"cpx2":8,"cpy2":70.354286,"x":8,"y":70.354286}},
{"type":"closePath","props":{}},
{"type":"fill","props":{"path":[{"type":"beginPath","props":{}},{"type":"moveTo","props":{"x":8,"y":28.662857}},{"type":"bezierCurveTo","props":{"cpx1":8,"cpy1":28.662857,"cpx2":84.8,"cpy2":31.268571,"x":136,"y":31.268571}},{"type":"bezierCurveTo","props":{"cpx1":187.2,"cpy1":31.268571,"cpx2":212.794697,"cpy2":28.662857,"x":264,"y":28.662857}},{"type":"bezierCurveTo","props":{"cpx1":315.194697,"cpy1":28.662857,"cpx2":392,"cpy2":28.662857,"x":392,"y":28.662857}},{"type":"lineTo","props":{"x":392,"y":65.142857}},{"type":"bezierCurveTo","props":{"cpx1":392,"cpy1":65.142857,"cpx2":315.027276,"cpy2":75.565714,"x":264,"y":75.565714}},{"type":"bezierCurveTo","props":{"cpx1":212.627276,"cpy1":75.565714,"cpx2":187.325386,"cpy2":57.325714,"x":136,"y":57.325714}},{"type":"bezierCurveTo","props":{"cpx1":84.925386,"cpy1":57.325714,"cpx2":8,"cpy2":70.354286,"x":8,"y":70.354286}},{"type":"closePath","props":{}}],"fillRule":"nonzero"}},
{"type":"fillStyle","props":{"value":"#5794f2"}},
{"type":"beginPath","props":{}},
{"type":"moveTo","props":{"x":8,"y":70.354286}},
{"type":"bezierCurveTo","props":{"cpx1":8,"cpy1":70.354286,"cpx2":84.925386,"cpy2":57.325714,"x":136,"y":57.325714}},
{"type":"bezierCurveTo","props":{"cpx1":187.325386,"cpy1":57.325714,"cpx2":212.627276,"cpy2":75.565714,"x":264,"y":75.565714}},
{"type":"bezierCurveTo","props":{"cpx1":315.027276,"cpy1":75.565714,"cpx2":392,"cpy2":65.142857,"x":392,"y":65.142857}},
{"type":"lineTo","props":{"x":392,"y":179.794286}},
{"type":"bezierCurveTo","props":{"cpx1":392,"cpy1":179.794286,"cpx2":315.152662,"cpy2":169.371429,"x":264,"y":169.371429}},
{"type":"bezierCurveTo","props":{"cpx1":212.752662,"cpy1":169.371429,"cpx2":187.284278,"cpy2":182.4,"x":136,"y":182.4}},
{"type":"bezierCurveTo","props":{"cpx1":84.884278,"cpy1":182.4,"cpx2":8,"cpy2":174.582857,"x":8,"y":174.582857}},
{"type":"closePath","props":{}},
{"type":"fill","props":{"path":[{"type":"beginPath","props":{}},{"type":"moveTo","props":{"x":8,"y":70.354286}},{"type":"bezierCurveTo","props":{"cpx1":8,"cpy1":70.354286,"cpx2":84.925386,"cpy2":57.325714,"x":136,"y":57.325714}},{"type":"bezierCurveTo","props":{"cpx1":187.325386,"cpy1":57.325714,"cpx2":212.627276,"cpy2":75.565714,"x":264,"y":75.565714}},{"type":"bezierCurveTo","props":{"cpx1":315.027276,"cpy1":75.565714,"cpx2":392,"cpy2":65.142857,"x":392,"y":65.142857}},{"type":"lineTo","props":{"x":392,"y":179.794286}},{"type":"bezierCurveTo","props":{"cpx1":392,"cpy1":179.794286,"cpx2":315.152662,"cpy2":169.371429,"x":264,"y":169.371429}},{"type":"bezierCurveTo","props":{"cpx1":212.752662,"cpy1":169.371429,"cpx2":187.284278,"cpy2":182.4,"x":136,"y":182.4}},{"type":"bezierCurveTo","props":{"cpx1":84.884278,"cpy1":182.4,"cpx2":8,"cpy2":174.582857,"x":8,"y":174.582857}},{"type":"closePath","props":{}}],"fillRule":"nonzero"}},
{"type":"setTransform","props":{"a":1,"b":0,"c":0,"d":1,"e":4,"f":49.04}},
{"type":"globalAlpha","props":{"value":1}},
{"type":"globalCompositeOperation","props":{"value":"source-over"}},
{"type":"shadowOffsetX","props":{"value":0}},
{"type":"shadowOffsetY","props":{"value":0}},
{"type":"shadowColor","props":{"value":"#000000"}},
{"type":"fillStyle","props":{"value":"#ccccdc"}},
{"type":"globalAlpha","props":{"value":1}},
{"type":"lineCap","props":{"value":"butt"}},
{"type":"lineJoin","props":{"value":"miter"}},
{"type":"miterLimit","props":{"value":2}},
{"type":"font","props":{"value":"11px 'Inter', 'Helvetica', 'Arial', sans-serif"}},
{"type":"textAlign","props":{"value":"left"}},
{"type":"textBaseline","props":{"value":"middle"}},
{"type":"fillText","props":{"text":"error","x":0,"y":0,"maxWidth":null}},
{"type":"setTransform","props":{"a":1,"b":0,"c":0,"d":1,"e":4,"f":80.308571}},
{"type":"font","props":{"value":"11px 'Inter', 'Helvetica', 'Arial', sans-serif"}},
{"type":"textAlign","props":{"value":"left"}},
{"type":"textBaseline","props":{"value":"middle"}},
{"type":"fillText","props":{"text":"warn","x":0,"y":0,"maxWidth":null}},
{"type":"setTransform","props":{"a":1,"b":0,"c":0,"d":1,"e":4,"f":153.268571}},
{"type":"font","props":{"value":"11px 'Inter', 'Helvetica', 'Arial', sans-serif"}},
{"type":"textAlign","props":{"value":"left"}},
{"type":"textBaseline","props":{"value":"middle"}},
{"type":"fillText","props":{"text":"info","x":0,"y":0,"maxWidth":null}},
{"type":"restore","props":{}}
]
`;

exports[`stream (themeRiver) canvas snapshots layer source Fields source on an ambiguous frame 1`] = `
[
{"type":"save","props":{}},
{"type":"setTransform","props":{"a":1,"b":0,"c":0,"d":1,"e":0,"f":30.8}},
{"type":"globalAlpha","props":{"value":1}},
{"type":"globalCompositeOperation","props":{"value":"source-over"}},
{"type":"shadowOffsetX","props":{"value":0}},
{"type":"shadowOffsetY","props":{"value":0}},
{"type":"shadowColor","props":{"value":"#000000"}},
{"type":"fillStyle","props":{"value":"#f2cc0c"}},
{"type":"globalAlpha","props":{"value":1}},
{"type":"lineCap","props":{"value":"butt"}},
{"type":"lineJoin","props":{"value":"miter"}},
{"type":"miterLimit","props":{"value":10}},
{"type":"beginPath","props":{}},
{"type":"moveTo","props":{"x":8,"y":50.666667}},
{"type":"bezierCurveTo","props":{"cpx1":8,"cpy1":50.666667,"cpx2":8,"cpy2":10.133333,"x":8,"y":10.133333}},
{"type":"bezierCurveTo","props":{"cpx1":8,"cpy1":10.133333,"cpx2":264,"cpy2":60.8,"x":264,"y":60.8}},
{"type":"bezierCurveTo","props":{"cpx1":264,"cpy1":60.8,"cpx2":264,"cpy2":0,"x":264,"y":0}},
{"type":"lineTo","props":{"x":264,"y":16.581818}},
{"type":"bezierCurveTo","props":{"cpx1":264,"cpy1":16.581818,"cpx2":264,"cpy2":66.327273,"x":264,"y":66.327273}},
{"type":"bezierCurveTo","props":{"cpx1":264,"cpy1":66.327273,"cpx2":8,"cpy2":24.872727,"x":8,"y":24.872727}},
{"type":"bezierCurveTo","props":{"cpx1":8,"cpy1":24.872727,"cpx2":8,"cpy2":58.036364,"x":8,"y":58.036364}},
{"type":"closePath","props":{}},
{"type":"fill","props":{"path":[{"type":"beginPath","props":{}},{"type":"moveTo","props":{"x":8,"y":50.666667}},{"type":"bezierCurveTo","props":{"cpx1":8,"cpy1":50.666667,"cpx2":8,"cpy2":10.133333,"x":8,"y":10.133333}},{"type":"bezierCurveTo","props":{"cpx1":8,"cpy1":10.133333,"cpx2":264,"cpy2":60.8,"x":264,"y":60.8}},{"type":"bezierCurveTo","props":{"cpx1":264,"cpy1":60.8,"cpx2":264,"cpy2":0,"x":264,"y":0}},{"type":"lineTo","props":{"x":264,"y":16.581818}},{"type":"bezierCurveTo","props":{"cpx1":264,"cpy1":16.581818,"cpx2":264,"cpy2":66.327273,"x":264,"y":66.327273}},{"type":"bezierCurveTo","props":{"cpx1":264,"cpy1":66.327273,"cpx2":8,"cpy2":24.872727,"x":8,"y":24.872727}},{"type":"bezierCurveTo","props":{"cpx1":8,"cpy1":24.872727,"cpx2":8,"cpy2":58.036364,"x":8,"y":58.036364}},{"type":"closePath","props":{}}],"fillRule":"nonzero"}},
{"type":"fillStyle","props":{"value":"#5794f2"}},
{"type":"beginPath","props":{}},
{"type":"moveTo","props":{"x":8,"y":58.036364}},
{"type":"bezierCurveTo","props":{"cpx1":8,"cpy1":58.036364,"cpx2":8,"cpy2":24.872727,"x":8,"y":24.872727}},
{"type":"bezierCurveTo","props":{"cpx1":8,"cpy1":24.872727,"cpx2":264,"cpy2":66.327273,"x":264,"y":66.327273}},
{"type":"bezierCurveTo","props":{"cpx1":264,"cpy1":66.327273,"cpx2":264,"cpy2":16.581818,"x":264,"y":16.581818}},
{"type":"lineTo","props":{"x":264,"y":182.4}},
{"type":"bezierCurveTo","props":{"cpx1":264,"cpy1":182.4,"cpx2":264,"cpy2":121.6,"x":264,"y":121.6}},
{"type":"bezierCurveTo","props":{"cpx1":264,"cpy1":121.6,"cpx2":8,"cpy2":172.266667,"x":8,"y":172.266667}},
{"type":"bezierCurveTo","props":{"cpx1":8,"cpy1":172.266667,"cpx2":8,"cpy2":131.733333,"x":8,"y":131.733333}},
{"type":"closePath","props":{}},
{"type":"fill","props":{"path":[{"type":"beginPath","props":{}},{"type":"moveTo","props":{"x":8,"y":58.036364}},{"type":"bezierCurveTo","props":{"cpx1":8,"cpy1":58.036364,"cpx2":8,"cpy2":24.872727,"x":8,"y":24.872727}},{"type":"bezierCurveTo","props":{"cpx1":8,"cpy1":24.872727,"cpx2":264,"cpy2":66.327273,"x":264,"y":66.327273}},{"type":"bezierCurveTo","props":{"cpx1":264,"cpy1":66.327273,"cpx2":264,"cpy2":16.581818,"x":264,"y":16.581818}},{"type":"lineTo","props":{"x":264,"y":182.4}},{"type":"bezierCurveTo","props":{"cpx1":264,"cpy1":182.4,"cpx2":264,"cpy2":121.6,"x":264,"y":121.6}},{"type":"bezierCurveTo","props":{"cpx1":264,"cpy1":121.6,"cpx2":8,"cpy2":172.266667,"x":8,"y":172.266667}},{"type":"bezierCurveTo","props":{"cpx1":8,"cpy1":172.266667,"cpx2":8,"cpy2":131.733333,"x":8,"y":131.733333}},{"type":"closePath","props":{}}],"fillRule":"nonzero"}},
{"type":"restore","props":{}}
]
`;

exports[`stream (themeRiver) canvas snapshots layer source Labels source on the same ambiguous frame 1`] = `
[
{"type":"save","props":{}},
{"type":"setTransform","props":{"a":1,"b":0,"c":0,"d":1,"e":0,"f":30.8}},
{"type":"globalAlpha","props":{"value":1}},
{"type":"globalCompositeOperation","props":{"value":"source-over"}},
{"type":"shadowOffsetX","props":{"value":0}},
{"type":"shadowOffsetY","props":{"value":0}},
{"type":"shadowColor","props":{"value":"#000000"}},
{"type":"fillStyle","props":{"value":"#73bf69"}},
{"type":"globalAlpha","props":{"value":1}},
{"type":"lineCap","props":{"value":"butt"}},
{"type":"lineJoin","props":{"value":"miter"}},
{"type":"miterLimit","props":{"value":10}},
{"type":"beginPath","props":{}},
{"type":"moveTo","props":{"x":8,"y":0}},
{"type":"bezierCurveTo","props":{"cpx1":8,"cpy1":0,"cpx2":264,"cpy2":0,"x":264,"y":0}},
{"type":"lineTo","props":{"x":264,"y":45.6}},
{"type":"bezierCurveTo","props":{"cpx1":264,"cpy1":45.6,"cpx2":8,"cpy2":60.8,"x":8,"y":60.8}},
{"type":"closePath","props":{}},
{"type":"fill","props":{"path":[{"type":"beginPath","props":{}},{"type":"moveTo","props":{"x":8,"y":0}},{"type":"bezierCurveTo","props":{"cpx1":8,"cpy1":0,"cpx2":264,"cpy2":0,"x":264,"y":0}},{"type":"lineTo","props":{"x":264,"y":45.6}},{"type":"bezierCurveTo","props":{"cpx1":264,"cpy1":45.6,"cpx2":8,"cpy2":60.8,"x":8,"y":60.8}},{"type":"closePath","props":{}}],"fillRule":"nonzero"}},
{"type":"fillStyle","props":{"value":"#f2cc0c"}},
{"type":"beginPath","props":{}},
{"type":"moveTo","props":{"x":8,"y":60.8}},
{"type":"bezierCurveTo","props":{"cpx1":8,"cpy1":60.8,"cpx2":264,"cpy2":45.6,"x":264,"y":45.6}},
{"type":"lineTo","props":{"x":264,"y":182.4}},
{"type":"bezierCurveTo","props":{"cpx1":264,"cpy1":182.4,"cpx2":8,"cpy2":182.4,"x":8,"y":182.4}},
{"type":"closePath","props":{}},
{"type":"fill","props":{"path":[{"type":"beginPath","props":{}},{"type":"moveTo","props":{"x":8,"y":60.8}},{"type":"bezierCurveTo","props":{"cpx1":8,"cpy1":60.8,"cpx2":264,"cpy2":45.6,"x":264,"y":45.6}},{"type":"lineTo","props":{"x":264,"y":182.4}},{"type":"bezierCurveTo","props":{"cpx1":264,"cpy1":182.4,"cpx2":8,"cpy2":182.4,"x":8,"y":182.4}},{"type":"closePath","props":{}}],"fillRule":"nonzero"}},
{"type":"restore","props":{}}
]
`;

exports[`stream (themeRiver) canvas snapshots layer source labels path on an unambiguously long frame 1`] = `
[
{"type":"save","props":{}},
{"type":"setTransform","props":{"a":1,"b":0,"c":0,"d":1,"e":0,"f":30.8}},
{"type":"globalAlpha","props":{"value":1}},
{"type":"globalCompositeOperation","props":{"value":"source-over"}},
{"type":"shadowOffsetX","props":{"value":0}},
{"type":"shadowOffsetY","props":{"value":0}},
{"type":"shadowColor","props":{"value":"#000000"}},
{"type":"fillStyle","props":{"value":"#73bf69"}},
{"type":"globalAlpha","props":{"value":1}},
{"type":"lineCap","props":{"value":"butt"}},
{"type":"lineJoin","props":{"value":"miter"}},
{"type":"miterLimit","props":{"value":10}},
{"type":"beginPath","props":{}},
{"type":"moveTo","props":{"x":8,"y":0}},
{"type":"bezierCurveTo","props":{"cpx1":8,"cpy1":0,"cpx2":264,"cpy2":0,"x":264,"y":0}},
{"type":"lineTo","props":{"x":264,"y":45.6}},
{"type":"bezierCurveTo","props":{"cpx1":264,"cpy1":45.6,"cpx2":8,"cpy2":60.8,"x":8,"y":60.8}},
{"type":"closePath","props":{}},
{"type":"fill","props":{"path":[{"type":"beginPath","props":{}},{"type":"moveTo","props":{"x":8,"y":0}},{"type":"bezierCurveTo","props":{"cpx1":8,"cpy1":0,"cpx2":264,"cpy2":0,"x":264,"y":0}},{"type":"lineTo","props":{"x":264,"y":45.6}},{"type":"bezierCurveTo","props":{"cpx1":264,"cpy1":45.6,"cpx2":8,"cpy2":60.8,"x":8,"y":60.8}},{"type":"closePath","props":{}}],"fillRule":"nonzero"}},
{"type":"fillStyle","props":{"value":"#f2cc0c"}},
{"type":"beginPath","props":{}},
{"type":"moveTo","props":{"x":8,"y":60.8}},
{"type":"bezierCurveTo","props":{"cpx1":8,"cpy1":60.8,"cpx2":264,"cpy2":45.6,"x":264,"y":45.6}},
{"type":"lineTo","props":{"x":264,"y":182.4}},
{"type":"bezierCurveTo","props":{"cpx1":264,"cpy1":182.4,"cpx2":8,"cpy2":182.4,"x":8,"y":182.4}},
{"type":"closePath","props":{}},
{"type":"fill","props":{"path":[{"type":"beginPath","props":{}},{"type":"moveTo","props":{"x":8,"y":60.8}},{"type":"bezierCurveTo","props":{"cpx1":8,"cpy1":60.8,"cpx2":264,"cpy2":45.6,"x":264,"y":45.6}},{"type":"lineTo","props":{"x":264,"y":182.4}},{"type":"bezierCurveTo","props":{"cpx1":264,"cpy1":182.4,"cpx2":8,"cpy2":182.4,"x":8,"y":182.4}},{"type":"closePath","props":{}}],"fillRule":"nonzero"}},
{"type":"restore","props":{}}
]
`;

exports[`stream (themeRiver) canvas snapshots ribbon style ribbon border 1`] = `
[
{"type":"save","props":{}},
{"type":"setTransform","props":{"a":1,"b":0,"c":0,"d":1,"e":0,"f":30.8}},
{"type":"globalAlpha","props":{"value":1}},
{"type":"globalCompositeOperation","props":{"value":"source-over"}},
{"type":"shadowOffsetX","props":{"value":0}},
{"type":"shadowOffsetY","props":{"value":0}},
{"type":"shadowColor","props":{"value":"#000000"}},
{"type":"fillStyle","props":{"value":"#73bf69"}},
{"type":"strokeStyle","props":{"value":"#000000"}},
{"type":"globalAlpha","props":{"value":1}},
{"type":"lineWidth","props":{"value":2}},
{"type":"lineCap","props":{"value":"butt"}},
{"type":"lineJoin","props":{"value":"miter"}},
{"type":"miterLimit","props":{"value":10}},
{"type":"beginPath","props":{}},
{"type":"moveTo","props":{"x":8,"y":7.817143}},
{"type":"bezierCurveTo","props":{"cpx1":8,"cpy1":7.817143,"cpx2":84.884278,"cpy2":0,"x":136,"y":0}},
{"type":"bezierCurveTo","props":{"cpx1":187.284278,"cpy1":0,"cpx2":212.752662,"cpy2":13.028571,"x":264,"y":13.028571}},
{"type":"bezierCurveTo","props":{"cpx1":315.152662,"cpy1":13.028571,"cpx2":392,"cpy2":2.605714,"x":392,"y":2.605714}},
{"type":"lineTo","props":{"x":392,"y":28.662857}},
{"type":"bezierCurveTo","props":{"cpx1":392,"cpy1":28.662857,"cpx2":315.194697,"cpy2":28.662857,"x":264,"y":28.662857}},
{"type":"bezierCurveTo","props":{"cpx1":212.794697,"cpy1":28.662857,"cpx2":187.2,"cpy2":31.268571,"x":136,"y":31.268571}},
{"type":"bezierCurveTo","props":{"cpx1":84.8,"cpy1":31.268571,"cpx2":8,"cpy2":28.662857,"x":8,"y":28.662857}},
{"type":"closePath","props":{}},
{"type":"fill","props":{"path":[{"type":"beginPath","props":{}},{"type":"moveTo","props":{"x":8,"y":7.817143}},{"type":"bezierCurveTo","props":{"cpx1":8,"cpy1":7.817143,"cpx2":84.884278,"cpy2":0,"x":136,"y":0}},{"type":"bezierCurveTo","props":{"cpx1":187.284278,"cpy1":0,"cpx2":212.752662,"cpy2":13.028571,"x":264,"y":13.028571}},{"type":"bezierCurveTo","props":{"cpx1":315.152662,"cpy1":13.028571,"cpx2":392,"cpy2":2.605714,"x":392,"y":2.605714}},{"type":"lineTo","props":{"x":392,"y":28.662857}},{"type":"bezierCurveTo","props":{"cpx1":392,"cpy1":28.662857,"cpx2":315.194697,"cpy2":28.662857,"x":264,"y":28.662857}},{"type":"bezierCurveTo","props":{"cpx1":212.794697,"cpy1":28.662857,"cpx2":187.2,"cpy2":31.268571,"x":136,"y":31.268571}},{"type":"bezierCurveTo","props":{"cpx1":84.8,"cpy1":31.268571,"cpx2":8,"cpy2":28.662857,"x":8,"y":28.662857}},{"type":"closePath","props":{}}],"fillRule":"nonzero"}},
{"type":"stroke","props":{"path":[{"type":"beginPath","props":{}},{"type":"moveTo","props":{"x":8,"y":7.817143}},{"type":"bezierCurveTo","props":{"cpx1":8,"cpy1":7.817143,"cpx2":84.884278,"cpy2":0,"x":136,"y":0}},{"type":"bezierCurveTo","props":{"cpx1":187.284278,"cpy1":0,"cpx2":212.752662,"cpy2":13.028571,"x":264,"y":13.028571}},{"type":"bezierCurveTo","props":{"cpx1":315.152662,"cpy1":13.028571,"cpx2":392,"cpy2":2.605714,"x":392,"y":2.605714}},{"type":"lineTo","props":{"x":392,"y":28.662857}},{"type":"bezierCurveTo","props":{"cpx1":392,"cpy1":28.662857,"cpx2":315.194697,"cpy2":28.662857,"x":264,"y":28.662857}},{"type":"bezierCurveTo","props":{"cpx1":212.794697,"cpy1":28.662857,"cpx2":187.2,"cpy2":31.268571,"x":136,"y":31.268571}},{"type":"bezierCurveTo","props":{"cpx1":84.8,"cpy1":31.268571,"cpx2":8,"cpy2":28.662857,"x":8,"y":28.662857}},{"type":"closePath","props":{}}]}},
{"type":"fillStyle","props":{"value":"#f2cc0c"}},
{"type":"beginPath","props":{}},
{"type":"moveTo","props":{"x":8,"y":28.662857}},
{"type":"bezierCurveTo","props":{"cpx1":8,"cpy1":28.662857,"cpx2":84.8,"cpy2":31.268571,"x":136,"y":31.268571}},
{"type":"bezierCurveTo","props":{"cpx1":187.2,"cpy1":31.268571,"cpx2":212.794697,"cpy2":28.662857,"x":264,"y":28.662857}},
{"type":"bezierCurveTo","props":{"cpx1":315.194697,"cpy1":28.662857,"cpx2":392,"cpy2":28.662857,"x":392,"y":28.662857}},
{"type":"lineTo","props":{"x":392,"y":65.142857}},
{"type":"bezierCurveTo","props":{"cpx1":392,"cpy1":65.142857,"cpx2":315.027276,"cpy2":75.565714,"x":264,"y":75.565714}},
{"type":"bezierCurveTo","props":{"cpx1":212.627276,"cpy1":75.565714,"cpx2":187.325386,"cpy2":57.325714,"x":136,"y":57.325714}},
{"type":"bezierCurveTo","props":{"cpx1":84.925386,"cpy1":57.325714,"cpx2":8,"cpy2":70.354286,"x":8,"y":70.354286}},
{"type":"closePath","props":{}},
{"type":"fill","props":{"path":[{"type":"beginPath","props":{}},{"type":"moveTo","props":{"x":8,"y":28.662857}},{"type":"bezierCurveTo","props":{"cpx1":8,"cpy1":28.662857,"cpx2":84.8,"cpy2":31.268571,"x":136,"y":31.268571}},{"type":"bezierCurveTo","props":{"cpx1":187.2,"cpy1":31.268571,"cpx2":212.794697,"cpy2":28.662857,"x":264,"y":28.662857}},{"type":"bezierCurveTo","props":{"cpx1":315.194697,"cpy1":28.662857,"cpx2":392,"cpy2":28.662857,"x":392,"y":28.662857}},{"type":"lineTo","props":{"x":392,"y":65.142857}},{"type":"bezierCurveTo","props":{"cpx1":392,"cpy1":65.142857,"cpx2":315.027276,"cpy2":75.565714,"x":264,"y":75.565714}},{"type":"bezierCurveTo","props":{"cpx1":212.627276,"cpy1":75.565714,"cpx2":187.325386,"cpy2":57.325714,"x":136,"y":57.325714}},{"type":"bezierCurveTo","props":{"cpx1":84.925386,"cpy1":57.325714,"cpx2":8,"cpy2":70.354286,"x":8,"y":70.354286}},{"type":"closePath","props":{}}],"fillRule":"nonzero"}},
{"type":"stroke","props":{"path":[{"type":"beginPath","props":{}},{"type":"moveTo","props":{"x":8,"y":28.662857}},{"type":"bezierCurveTo","props":{"cpx1":8,"cpy1":28.662857,"cpx2":84.8,"cpy2":31.268571,"x":136,"y":31.268571}},{"type":"bezierCurveTo","props":{"cpx1":187.2,"cpy1":31.268571,"cpx2":212.794697,"cpy2":28.662857,"x":264,"y":28.662857}},{"type":"bezierCurveTo","props":{"cpx1":315.194697,"cpy1":28.662857,"cpx2":392,"cpy2":28.662857,"x":392,"y":28.662857}},{"type":"lineTo","props":{"x":392,"y":65.142857}},{"type":"bezierCurveTo","props":{"cpx1":392,"cpy1":65.142857,"cpx2":315.027276,"cpy2":75.565714,"x":264,"y":75.565714}},{"type":"bezierCurveTo","props":{"cpx1":212.627276,"cpy1":75.565714,"cpx2":187.325386,"cpy2":57.325714,"x":136,"y":57.325714}},{"type":"bezierCurveTo","props":{"cpx1":84.925386,"cpy1":57.325714,"cpx2":8,"cpy2":70.354286,"x":8,"y":70.354286}},{"type":"closePath","props":{}}]}},
{"type":"fillStyle","props":{"value":"#5794f2"}},
{"type":"beginPath","props":{}},
{"type":"moveTo","props":{"x":8,"y":70.354286}},
{"type":"bezierCurveTo","props":{"cpx1":8,"cpy1":70.354286,"cpx2":84.925386,"cpy2":57.325714,"x":136,"y":57.325714}},
{"type":"bezierCurveTo","props":{"cpx1":187.325386,"cpy1":57.325714,"cpx2":212.627276,"cpy2":75.565714,"x":264,"y":75.565714}},
{"type":"bezierCurveTo","props":{"cpx1":315.027276,"cpy1":75.565714,"cpx2":392,"cpy2":65.142857,"x":392,"y":65.142857}},
{"type":"lineTo","props":{"x":392,"y":179.794286}},
{"type":"bezierCurveTo","props":{"cpx1":392,"cpy1":179.794286,"cpx2":315.152662,"cpy2":169.371429,"x":264,"y":169.371429}},
{"type":"bezierCurveTo","props":{"cpx1":212.752662,"cpy1":169.371429,"cpx2":187.284278,"cpy2":182.4,"x":136,"y":182.4}},
{"type":"bezierCurveTo","props":{"cpx1":84.884278,"cpy1":182.4,"cpx2":8,"cpy2":174.582857,"x":8,"y":174.582857}},
{"type":"closePath","props":{}},
{"type":"fill","props":{"path":[{"type":"beginPath","props":{}},{"type":"moveTo","props":{"x":8,"y":70.354286}},{"type":"bezierCurveTo","props":{"cpx1":8,"cpy1":70.354286,"cpx2":84.925386,"cpy2":57.325714,"x":136,"y":57.325714}},{"type":"bezierCurveTo","props":{"cpx1":187.325386,"cpy1":57.325714,"cpx2":212.627276,"cpy2":75.565714,"x":264,"y":75.565714}},{"type":"bezierCurveTo","props":{"cpx1":315.027276,"cpy1":75.565714,"cpx2":392,"cpy2":65.142857,"x":392,"y":65.142857}},{"type":"lineTo","props":{"x":392,"y":179.794286}},{"type":"bezierCurveTo","props":{"cpx1":392,"cpy1":179.794286,"cpx2":315.152662,"cpy2":169.371429,"x":264,"y":169.371429}},{"type":"bezierCurveTo","props":{"cpx1":212.752662,"cpy1":169.371429,"cpx2":187.284278,"cpy2":182.4,"x":136,"y":182.4}},{"type":"bezierCurveTo","props":{"cpx1":84.884278,"cpy1":182.4,"cpx2":8,"cpy2":174.582857,"x":8,"y":174.582857}},{"type":"closePath","props":{}}],"fillRule":"nonzero"}},
{"type":"stroke","props":{"path":[{"type":"beginPath","props":{}},{"type":"moveTo","props":{"x":8,"y":70.354286}},{"type":"bezierCurveTo","props":{"cpx1":8,"cpy1":70.354286,"cpx2":84.925386,"cpy2":57.325714,"x":136,"y":57.325714}},{"type":"bezierCurveTo","props":{"cpx1":187.325386,"cpy1":57.325714,"cpx2":212.627276,"cpy2":75.565714,"x":264,"y":75.565714}},{"type":"bezierCurveTo","props":{"cpx1":315.027276,"cpy1":75.565714,"cpx2":392,"cpy2":65.142857,"x":392,"y":65.142857}},{"type":"lineTo","props":{"x":392,"y":179.794286}},{"type":"bezierCurveTo","props":{"cpx1":392,"cpy1":179.794286,"cpx2":315.152662,"cpy2":169.371429,"x":264,"y":169.371429}},{"type":"bezierCurveTo","props":{"cpx1":212.752662,"cpy1":169.371429,"cpx2":187.284278,"cpy2":182.4,"x":136,"y":182.4}},{"type":"bezierCurveTo","props":{"cpx1":84.884278,"cpy1":182.4,"cpx2":8,"cpy2":174.582857,"x":8,"y":174.582857}},{"type":"closePath","props":{}}]}},
{"type":"restore","props":{}}
]
`;

exports[`stream (themeRiver) canvas snapshots ribbon style ribbon opacity 1`] = `
[
{"type":"save","props":{}},
{"type":"setTransform","props":{"a":1,"b":0,"c":0,"d":1,"e":0,"f":30.8}},
{"type":"globalAlpha","props":{"value":0.5}},
{"type":"globalCompositeOperation","props":{"value":"source-over"}},
{"type":"shadowOffsetX","props":{"value":0}},
{"type":"shadowOffsetY","props":{"value":0}},
{"type":"shadowColor","props":{"value":"#000000"}},
{"type":"fillStyle","props":{"value":"#73bf69"}},
{"type":"globalAlpha","props":{"value":0.5}},
{"type":"lineCap","props":{"value":"butt"}},
{"type":"lineJoin","props":{"value":"miter"}},
{"type":"miterLimit","props":{"value":10}},
{"type":"beginPath","props":{}},
{"type":"moveTo","props":{"x":8,"y":7.817143}},
{"type":"bezierCurveTo","props":{"cpx1":8,"cpy1":7.817143,"cpx2":84.884278,"cpy2":0,"x":136,"y":0}},
{"type":"bezierCurveTo","props":{"cpx1":187.284278,"cpy1":0,"cpx2":212.752662,"cpy2":13.028571,"x":264,"y":13.028571}},
{"type":"bezierCurveTo","props":{"cpx1":315.152662,"cpy1":13.028571,"cpx2":392,"cpy2":2.605714,"x":392,"y":2.605714}},
{"type":"lineTo","props":{"x":392,"y":28.662857}},
{"type":"bezierCurveTo","props":{"cpx1":392,"cpy1":28.662857,"cpx2":315.194697,"cpy2":28.662857,"x":264,"y":28.662857}},
{"type":"bezierCurveTo","props":{"cpx1":212.794697,"cpy1":28.662857,"cpx2":187.2,"cpy2":31.268571,"x":136,"y":31.268571}},
{"type":"bezierCurveTo","props":{"cpx1":84.8,"cpy1":31.268571,"cpx2":8,"cpy2":28.662857,"x":8,"y":28.662857}},
{"type":"closePath","props":{}},
{"type":"fill","props":{"path":[{"type":"beginPath","props":{}},{"type":"moveTo","props":{"x":8,"y":7.817143}},{"type":"bezierCurveTo","props":{"cpx1":8,"cpy1":7.817143,"cpx2":84.884278,"cpy2":0,"x":136,"y":0}},{"type":"bezierCurveTo","props":{"cpx1":187.284278,"cpy1":0,"cpx2":212.752662,"cpy2":13.028571,"x":264,"y":13.028571}},{"type":"bezierCurveTo","props":{"cpx1":315.152662,"cpy1":13.028571,"cpx2":392,"cpy2":2.605714,"x":392,"y":2.605714}},{"type":"lineTo","props":{"x":392,"y":28.662857}},{"type":"bezierCurveTo","props":{"cpx1":392,"cpy1":28.662857,"cpx2":315.194697,"cpy2":28.662857,"x":264,"y":28.662857}},{"type":"bezierCurveTo","props":{"cpx1":212.794697,"cpy1":28.662857,"cpx2":187.2,"cpy2":31.268571,"x":136,"y":31.268571}},{"type":"bezierCurveTo","props":{"cpx1":84.8,"cpy1":31.268571,"cpx2":8,"cpy2":28.662857,"x":8,"y":28.662857}},{"type":"closePath","props":{}}],"fillRule":"nonzero"}},
{"type":"fillStyle","props":{"value":"#f2cc0c"}},
{"type":"beginPath","props":{}},
{"type":"moveTo","props":{"x":8,"y":28.662857}},
{"type":"bezierCurveTo","props":{"cpx1":8,"cpy1":28.662857,"cpx2":84.8,"cpy2":31.268571,"x":136,"y":31.268571}},
{"type":"bezierCurveTo","props":{"cpx1":187.2,"cpy1":31.268571,"cpx2":212.794697,"cpy2":28.662857,"x":264,"y":28.662857}},
{"type":"bezierCurveTo","props":{"cpx1":315.194697,"cpy1":28.662857,"cpx2":392,"cpy2":28.662857,"x":392,"y":28.662857}},
{"type":"lineTo","props":{"x":392,"y":65.142857}},
{"type":"bezierCurveTo","props":{"cpx1":392,"cpy1":65.142857,"cpx2":315.027276,"cpy2":75.565714,"x":264,"y":75.565714}},
{"type":"bezierCurveTo","props":{"cpx1":212.627276,"cpy1":75.565714,"cpx2":187.325386,"cpy2":57.325714,"x":136,"y":57.325714}},
{"type":"bezierCurveTo","props":{"cpx1":84.925386,"cpy1":57.325714,"cpx2":8,"cpy2":70.354286,"x":8,"y":70.354286}},
{"type":"closePath","props":{}},
{"type":"fill","props":{"path":[{"type":"beginPath","props":{}},{"type":"moveTo","props":{"x":8,"y":28.662857}},{"type":"bezierCurveTo","props":{"cpx1":8,"cpy1":28.662857,"cpx2":84.8,"cpy2":31.268571,"x":136,"y":31.268571}},{"type":"bezierCurveTo","props":{"cpx1":187.2,"cpy1":31.268571,"cpx2":212.794697,"cpy2":28.662857,"x":264,"y":28.662857}},{"type":"bezierCurveTo","props":{"cpx1":315.194697,"cpy1":28.662857,"cpx2":392,"cpy2":28.662857,"x":392,"y":28.662857}},{"type":"lineTo","props":{"x":392,"y":65.142857}},{"type":"bezierCurveTo","props":{"cpx1":392,"cpy1":65.142857,"cpx2":315.027276,"cpy2":75.565714,"x":264,"y":75.565714}},{"type":"bezierCurveTo","props":{"cpx1":212.627276,"cpy1":75.565714,"cpx2":187.325386,"cpy2":57.325714,"x":136,"y":57.325714}},{"type":"bezierCurveTo","props":{"cpx1":84.925386,"cpy1":57.325714,"cpx2":8,"cpy2":70.354286,"x":8,"y":70.354286}},{"type":"closePath","props":{}}],"fillRule":"nonzero"}},
{"type":"fillStyle","props":{"value":"#5794f2"}},
{"type":"beginPath","props":{}},
{"type":"moveTo","props":{"x":8,"y":70.354286}},
{"type":"bezierCurveTo","props":{"cpx1":8,"cpy1":70.354286,"cpx2":84.925386,"cpy2":57.325714,"x":136,"y":57.325714}},
{"type":"bezierCurveTo","props":{"cpx1":187.325386,"cpy1":57.325714,"cpx2":212.627276,"cpy2":75.565714,"x":264,"y":75.565714}},
{"type":"bezierCurveTo","props":{"cpx1":315.027276,"cpy1":75.565714,"cpx2":392,"cpy2":65.142857,"x":392,"y":65.142857}},
{"type":"lineTo","props":{"x":392,"y":179.794286}},
{"type":"bezierCurveTo","props":{"cpx1":392,"cpy1":179.794286,"cpx2":315.152662,"cpy2":169.371429,"x":264,"y":169.371429}},
{"type":"bezierCurveTo","props":{"cpx1":212.752662,"cpy1":169.371429,"cpx2":187.284278,"cpy2":182.4,"x":136,"y":182.4}},
{"type":"bezierCurveTo","props":{"cpx1":84.884278,"cpy1":182.4,"cpx2":8,"cpy2":174.582857,"x":8,"y":174.582857}},
{"type":"closePath","props":{}},
{"type":"fill","props":{"path":[{"type":"beginPath","props":{}},{"type":"moveTo","props":{"x":8,"y":70.354286}},{"type":"bezierCurveTo","props":{"cpx1":8,"cpy1":70.354286,"cpx2":84.925386,"cpy2":57.325714,"x":136,"y":57.325714}},{"type":"bezierCurveTo","props":{"cpx1":187.325386,"cpy1":57.325714,"cpx2":212.627276,"cpy2":75.565714,"x":264,"y":75.565714}},{"type":"bezierCurveTo","props":{"cpx1":315.027276,"cpy1":75.565714,"cpx2":392,"cpy2":65.142857,"x":392,"y":65.142857}},{"type":"lineTo","props":{"x":392,"y":179.794286}},{"type":"bezierCurveTo","props":{"cpx1":392,"cpy1":179.794286,"cpx2":315.152662,"cpy2":169.371429,"x":264,"y":169.371429}},{"type":"bezierCurveTo","props":{"cpx1":212.752662,"cpy1":169.371429,"cpx2":187.284278,"cpy2":182.4,"x":136,"y":182.4}},{"type":"bezierCurveTo","props":{"cpx1":84.884278,"cpy1":182.4,"cpx2":8,"cpy2":174.582857,"x":8,"y":174.582857}},{"type":"closePath","props":{}}],"fillRule":"nonzero"}},
{"type":"restore","props":{}}
]
`;
