// Jest Snapshot v1, https://jestjs.io/docs/snapshot-testing

exports[`cartesian chart canvas styles renders a category-axis bar chart 1`] = `
[
  {
    "props": {
      "height": 300,
      "width": 400,
      "x": 0,
      "y": 0,
    },
    "type": "clearRect",
  },
  {
    "props": {},
    "type": "save",
  },
  {
    "props": {
      "a": 1,
      "b": 0,
      "c": 0,
      "d": 1,
      "e": 0,
      "f": 0,
    },
    "type": "setTransform",
  },
  {
    "props": {
      "value": 1,
    },
    "type": "globalAlpha",
  },
  {
    "props": {
      "value": "source-over",
    },
    "type": "globalCompositeOperation",
  },
  {
    "props": {
      "value": 0,
    },
    "type": "shadowOffsetX",
  },
  {
    "props": {
      "value": 0,
    },
    "type": "shadowOffsetY",
  },
  {
    "props": {
      "value": "#000000",
    },
    "type": "shadowColor",
  },
  {
    "props": {
      "value": "rgba(240, 250, 255, 0.09)",
    },
    "type": "strokeStyle",
  },
  {
    "props": {
      "value": 1,
    },
    "type": "globalAlpha",
  },
  {
    "props": {
      "value": "butt",
    },
    "type": "lineCap",
  },
  {
    "props": {
      "value": "miter",
    },
    "type": "lineJoin",
  },
  {
    "props": {
      "value": 10,
    },
    "type": "lineWidth",
  },
  {
    "props": {},
    "type": "beginPath",
  },
  {
    "props": {
      "x": 18,
      "y": 243.5,
    },
    "type": "moveTo",
  },
  {
    "props": {
      "x": 384,
      "y": 243.5,
    },
    "type": "lineTo",
  },
  {
    "props": {
      "path": [
        {
          "props": {},
          "type": "beginPath",
        },
        {
          "props": {
            "x": 18,
            "y": 243.5,
          },
          "type": "moveTo",
        },
        {
          "props": {
            "x": 384,
            "y": 243.5,
          },
          "type": "lineTo",
        },
      ],
    },
    "type": "stroke",
  },
  {
    "props": {},
    "type": "beginPath",
  },
  {
    "props": {
      "x": 18,
      "y": 186.5,
    },
    "type": "moveTo",
  },
  {
    "props": {
      "x": 384,
      "y": 186.5,
    },
    "type": "lineTo",
  },
  {
    "props": {
      "path": [
        {
          "props": {},
          "type": "beginPath",
        },
        {
          "props": {
            "x": 18,
            "y": 186.5,
          },
          "type": "moveTo",
        },
        {
          "props": {
            "x": 384,
            "y": 186.5,
          },
          "type": "lineTo",
        },
      ],
    },
    "type": "stroke",
  },
  {
    "props": {},
    "type": "beginPath",
  },
  {
    "props": {
      "x": 18,
      "y": 129.5,
    },
    "type": "moveTo",
  },
  {
    "props": {
      "x": 384,
      "y": 129.5,
    },
    "type": "lineTo",
  },
  {
    "props": {
      "path": [
        {
          "props": {},
          "type": "beginPath",
        },
        {
          "props": {
            "x": 18,
            "y": 129.5,
          },
          "type": "moveTo",
        },
        {
          "props": {
            "x": 384,
            "y": 129.5,
          },
          "type": "lineTo",
        },
      ],
    },
    "type": "stroke",
  },
  {
    "props": {},
    "type": "beginPath",
  },
  {
    "props": {
      "x": 18,
      "y": 73.5,
    },
    "type": "moveTo",
  },
  {
    "props": {
      "x": 384,
      "y": 73.5,
    },
    "type": "lineTo",
  },
  {
    "props": {
      "path": [
        {
          "props": {},
          "type": "beginPath",
        },
        {
          "props": {
            "x": 18,
            "y": 73.5,
          },
          "type": "moveTo",
        },
        {
          "props": {
            "x": 384,
            "y": 73.5,
          },
          "type": "lineTo",
        },
      ],
    },
    "type": "stroke",
  },
  {
    "props": {},
    "type": "beginPath",
  },
  {
    "props": {
      "x": 18,
      "y": 16.5,
    },
    "type": "moveTo",
  },
  {
    "props": {
      "x": 384,
      "y": 16.5,
    },
    "type": "lineTo",
  },
  {
    "props": {
      "path": [
        {
          "props": {},
          "type": "beginPath",
        },
        {
          "props": {
            "x": 18,
            "y": 16.5,
          },
          "type": "moveTo",
        },
        {
          "props": {
            "x": 384,
            "y": 16.5,
          },
          "type": "lineTo",
        },
      ],
    },
    "type": "stroke",
  },
  {
    "props": {},
    "type": "beginPath",
  },
  {
    "props": {
      "x": 18.5,
      "y": 16,
    },
    "type": "moveTo",
  },
  {
    "props": {
      "x": 18.5,
      "y": 243,
    },
    "type": "lineTo",
  },
  {
    "props": {
      "path": [
        {
          "props": {},
          "type": "beginPath",
        },
        {
          "props": {
            "x": 18.5,
            "y": 16,
          },
          "type": "moveTo",
        },
        {
          "props": {
            "x": 18.5,
            "y": 243,
          },
          "type": "lineTo",
        },
      ],
    },
    "type": "stroke",
  },
  {
    "props": {},
    "type": "beginPath",
  },
  {
    "props": {
      "x": 140.5,
      "y": 16,
    },
    "type": "moveTo",
  },
  {
    "props": {
      "x": 140.5,
      "y": 243,
    },
    "type": "lineTo",
  },
  {
    "props": {
      "path": [
        {
          "props": {},
          "type": "beginPath",
        },
        {
          "props": {
            "x": 140.5,
            "y": 16,
          },
          "type": "moveTo",
        },
        {
          "props": {
            "x": 140.5,
            "y": 243,
          },
          "type": "lineTo",
        },
      ],
    },
    "type": "stroke",
  },
  {
    "props": {},
    "type": "beginPath",
  },
  {
    "props": {
      "x": 262.5,
      "y": 16,
    },
    "type": "moveTo",
  },
  {
    "props": {
      "x": 262.5,
      "y": 243,
    },
    "type": "lineTo",
  },
  {
    "props": {
      "path": [
        {
          "props": {},
          "type": "beginPath",
        },
        {
          "props": {
            "x": 262.5,
            "y": 16,
          },
          "type": "moveTo",
        },
        {
          "props": {
            "x": 262.5,
            "y": 243,
          },
          "type": "lineTo",
        },
      ],
    },
    "type": "stroke",
  },
  {
    "props": {},
    "type": "beginPath",
  },
  {
    "props": {
      "x": 384.5,
      "y": 16,
    },
    "type": "moveTo",
  },
  {
    "props": {
      "x": 384.5,
      "y": 243,
    },
    "type": "lineTo",
  },
  {
    "props": {
      "path": [
        {
          "props": {},
          "type": "beginPath",
        },
        {
          "props": {
            "x": 384.5,
            "y": 16,
          },
          "type": "moveTo",
        },
        {
          "props": {
            "x": 384.5,
            "y": 243,
          },
          "type": "lineTo",
        },
      ],
    },
    "type": "stroke",
  },
  {
    "props": {},
    "type": "beginPath",
  },
  {
    "props": {
      "x": 18,
      "y": 243.5,
    },
    "type": "moveTo",
  },
  {
    "props": {
      "x": 14,
      "y": 243.5,
    },
    "type": "lineTo",
  },
  {
    "props": {
      "path": [
        {
          "props": {},
          "type": "beginPath",
        },
        {
          "props": {
            "x": 18,
            "y": 243.5,
          },
          "type": "moveTo",
        },
        {
          "props": {
            "x": 14,
            "y": 243.5,
          },
          "type": "lineTo",
        },
      ],
    },
    "type": "stroke",
  },
  {
    "props": {},
    "type": "beginPath",
  },
  {
    "props": {
      "x": 18.000000000000004,
      "y": 186.5,
    },
    "type": "moveTo",
  },
  {
    "props": {
      "x": 14.000000000000004,
      "y": 186.5,
    },
    "type": "lineTo",
  },
  {
    "props": {
      "path": [
        {
          "props": {},
          "type": "beginPath",
        },
        {
          "props": {
            "x": 18.000000000000004,
            "y": 186.5,
          },
          "type": "moveTo",
        },
        {
          "props": {
            "x": 14.000000000000004,
            "y": 186.5,
          },
          "type": "lineTo",
        },
      ],
    },
    "type": "stroke",
  },
  {
    "props": {},
    "type": "beginPath",
  },
  {
    "props": {
      "x": 18.000000000000007,
      "y": 129.5,
    },
    "type": "moveTo",
  },
  {
    "props": {
      "x": 14.000000000000007,
      "y": 129.5,
    },
    "type": "lineTo",
  },
  {
    "props": {
      "path": [
        {
          "props": {},
          "type": "beginPath",
        },
        {
          "props": {
            "x": 18.000000000000007,
            "y": 129.5,
          },
          "type": "moveTo",
        },
        {
          "props": {
            "x": 14.000000000000007,
            "y": 129.5,
          },
          "type": "lineTo",
        },
      ],
    },
    "type": "stroke",
  },
  {
    "props": {},
    "type": "beginPath",
  },
  {
    "props": {
      "x": 18.00000000000001,
      "y": 73.5,
    },
    "type": "moveTo",
  },
  {
    "props": {
      "x": 14.00000000000001,
      "y": 73.5,
    },
    "type": "lineTo",
  },
  {
    "props": {
      "path": [
        {
          "props": {},
          "type": "beginPath",
        },
        {
          "props": {
            "x": 18.00000000000001,
            "y": 73.5,
          },
          "type": "moveTo",
        },
        {
          "props": {
            "x": 14.00000000000001,
            "y": 73.5,
          },
          "type": "lineTo",
        },
      ],
    },
    "type": "stroke",
  },
  {
    "props": {},
    "type": "beginPath",
  },
  {
    "props": {
      "x": 18.000000000000014,
      "y": 16.5,
    },
    "type": "moveTo",
  },
  {
    "props": {
      "x": 14.000000000000014,
      "y": 16.5,
    },
    "type": "lineTo",
  },
  {
    "props": {
      "path": [
        {
          "props": {},
          "type": "beginPath",
        },
        {
          "props": {
            "x": 18.000000000000014,
            "y": 16.5,
          },
          "type": "moveTo",
        },
        {
          "props": {
            "x": 14.000000000000014,
            "y": 16.5,
          },
          "type": "lineTo",
        },
      ],
    },
    "type": "stroke",
  },
  {
    "props": {},
    "type": "beginPath",
  },
  {
    "props": {
      "x": 18.5,
      "y": 243,
    },
    "type": "moveTo",
  },
  {
    "props": {
      "x": 18.5,
      "y": 247,
    },
    "type": "lineTo",
  },
  {
    "props": {
      "path": [
        {
          "props": {},
          "type": "beginPath",
        },
        {
          "props": {
            "x": 18.5,
            "y": 243,
          },
          "type": "moveTo",
        },
        {
          "props": {
            "x": 18.5,
            "y": 247,
          },
          "type": "lineTo",
        },
      ],
    },
    "type": "stroke",
  },
  {
    "props": {},
    "type": "beginPath",
  },
  {
    "props": {
      "x": 140.5,
      "y": 243,
    },
    "type": "moveTo",
  },
  {
    "props": {
      "x": 140.5,
      "y": 247,
    },
    "type": "lineTo",
  },
  {
    "props": {
      "path": [
        {
          "props": {},
          "type": "beginPath",
        },
        {
          "props": {
            "x": 140.5,
            "y": 243,
          },
          "type": "moveTo",
        },
        {
          "props": {
            "x": 140.5,
            "y": 247,
          },
          "type": "lineTo",
        },
      ],
    },
    "type": "stroke",
  },
  {
    "props": {},
    "type": "beginPath",
  },
  {
    "props": {
      "x": 262.5,
      "y": 243,
    },
    "type": "moveTo",
  },
  {
    "props": {
      "x": 262.5,
      "y": 247,
    },
    "type": "lineTo",
  },
  {
    "props": {
      "path": [
        {
          "props": {},
          "type": "beginPath",
        },
        {
          "props": {
            "x": 262.5,
            "y": 243,
          },
          "type": "moveTo",
        },
        {
          "props": {
            "x": 262.5,
            "y": 247,
          },
          "type": "lineTo",
        },
      ],
    },
    "type": "stroke",
  },
  {
    "props": {},
    "type": "beginPath",
  },
  {
    "props": {
      "x": 384.5,
      "y": 243,
    },
    "type": "moveTo",
  },
  {
    "props": {
      "x": 384.5,
      "y": 247,
    },
    "type": "lineTo",
  },
  {
    "props": {
      "path": [
        {
          "props": {},
          "type": "beginPath",
        },
        {
          "props": {
            "x": 384.5,
            "y": 243,
          },
          "type": "moveTo",
        },
        {
          "props": {
            "x": 384.5,
            "y": 247,
          },
          "type": "lineTo",
        },
      ],
    },
    "type": "stroke",
  },
  {
    "props": {
      "a": 1,
      "b": 2.4492935982947064e-16,
      "c": -4.66973964754502e-16,
      "d": 1,
      "e": 10,
      "f": 243,
    },
    "type": "setTransform",
  },
  {
    "props": {
      "value": 1,
    },
    "type": "globalAlpha",
  },
  {
    "props": {
      "value": "source-over",
    },
    "type": "globalCompositeOperation",
  },
  {
    "props": {
      "value": 0,
    },
    "type": "shadowOffsetX",
  },
  {
    "props": {
      "value": 0,
    },
    "type": "shadowOffsetY",
  },
  {
    "props": {
      "value": "#000000",
    },
    "type": "shadowColor",
  },
  {
    "props": {
      "value": "#ccccdc",
    },
    "type": "fillStyle",
  },
  {
    "props": {
      "value": 1,
    },
    "type": "globalAlpha",
  },
  {
    "props": {
      "value": "butt",
    },
    "type": "lineCap",
  },
  {
    "props": {
      "value": "miter",
    },
    "type": "lineJoin",
  },
  {
    "props": {
      "value": 2,
    },
    "type": "lineWidth",
  },
  {
    "props": {
      "value": "12px 'Inter', 'Helvetica', 'Arial', sans-serif",
    },
    "type": "font",
  },
  {
    "props": {
      "value": "right",
    },
    "type": "textAlign",
  },
  {
    "props": {
      "value": "middle",
    },
    "type": "textBaseline",
  },
  {
    "props": {
      "maxWidth": null,
      "text": "10",
      "x": 0,
      "y": 0,
    },
    "type": "fillText",
  },
  {
    "props": {
      "a": 1,
      "b": 2.4492935982947064e-16,
      "c": -4.66973964754502e-16,
      "d": 1,
      "e": 10.000000000000004,
      "f": 186.25,
    },
    "type": "setTransform",
  },
  {
    "props": {
      "value": "12px 'Inter', 'Helvetica', 'Arial', sans-serif",
    },
    "type": "font",
  },
  {
    "props": {
      "value": "right",
    },
    "type": "textAlign",
  },
  {
    "props": {
      "value": "middle",
    },
    "type": "textBaseline",
  },
  {
    "props": {
      "maxWidth": null,
      "text": "20",
      "x": 0,
      "y": 0,
    },
    "type": "fillText",
  },
  {
    "props": {
      "a": 1,
      "b": 2.4492935982947064e-16,
      "c": -4.66973964754502e-16,
      "d": 1,
      "e": 10.000000000000007,
      "f": 129.5,
    },
    "type": "setTransform",
  },
  {
    "props": {
      "value": "12px 'Inter', 'Helvetica', 'Arial', sans-serif",
    },
    "type": "font",
  },
  {
    "props": {
      "value": "right",
    },
    "type": "textAlign",
  },
  {
    "props": {
      "value": "middle",
    },
    "type": "textBaseline",
  },
  {
    "props": {
      "maxWidth": null,
      "text": "30",
      "x": 0,
      "y": 0,
    },
    "type": "fillText",
  },
  {
    "props": {
      "a": 1,
      "b": 2.4492935982947064e-16,
      "c": -4.66973964754502e-16,
      "d": 1,
      "e": 10.00000000000001,
      "f": 72.75,
    },
    "type": "setTransform",
  },
  {
    "props": {
      "value": "12px 'Inter', 'Helvetica', 'Arial', sans-serif",
    },
    "type": "font",
  },
  {
    "props": {
      "value": "right",
    },
    "type": "textAlign",
  },
  {
    "props": {
      "value": "middle",
    },
    "type": "textBaseline",
  },
  {
    "props": {
      "maxWidth": null,
      "text": "40",
      "x": 0,
      "y": 0,
    },
    "type": "fillText",
  },
  {
    "props": {
      "a": 1,
      "b": 2.4492935982947064e-16,
      "c": -4.66973964754502e-16,
      "d": 1,
      "e": 10.000000000000014,
      "f": 16,
    },
    "type": "setTransform",
  },
  {
    "props": {
      "value": "12px 'Inter', 'Helvetica', 'Arial', sans-serif",
    },
    "type": "font",
  },
  {
    "props": {
      "value": "right",
    },
    "type": "textAlign",
  },
  {
    "props": {
      "value": "middle",
    },
    "type": "textBaseline",
  },
  {
    "props": {
      "maxWidth": null,
      "text": "50",
      "x": 0,
      "y": 0,
    },
    "type": "fillText",
  },
  {
    "props": {
      "a": 1,
      "b": 0,
      "c": 0,
      "d": 1,
      "e": 79,
      "f": 251,
    },
    "type": "setTransform",
  },
  {
    "props": {
      "value": "12px 'Inter', 'Helvetica', 'Arial', sans-serif",
    },
    "type": "font",
  },
  {
    "props": {
      "value": "center",
    },
    "type": "textAlign",
  },
  {
    "props": {
      "value": "middle",
    },
    "type": "textBaseline",
  },
  {
    "props": {
      "maxWidth": null,
      "text": "Sales",
      "x": 0,
      "y": 0.5,
    },
    "type": "fillText",
  },
  {
    "props": {
      "a": 1,
      "b": 0,
      "c": 0,
      "d": 1,
      "e": 201,
      "f": 251,
    },
    "type": "setTransform",
  },
  {
    "props": {
      "value": "12px 'Inter', 'Helvetica', 'Arial', sans-serif",
    },
    "type": "font",
  },
  {
    "props": {
      "value": "center",
    },
    "type": "textAlign",
  },
  {
    "props": {
      "value": "middle",
    },
    "type": "textBaseline",
  },
  {
    "props": {
      "maxWidth": null,
      "text": "Admin",
      "x": 0,
      "y": 0.5,
    },
    "type": "fillText",
  },
  {
    "props": {
      "a": 1,
      "b": 0,
      "c": 0,
      "d": 1,
      "e": 323,
      "f": 251,
    },
    "type": "setTransform",
  },
  {
    "props": {
      "value": "12px 'Inter', 'Helvetica', 'Arial', sans-serif",
    },
    "type": "font",
  },
  {
    "props": {
      "value": "center",
    },
    "type": "textAlign",
  },
  {
    "props": {
      "value": "middle",
    },
    "type": "textBaseline",
  },
  {
    "props": {
      "maxWidth": null,
      "text": "IT",
      "x": 0,
      "y": 0.5,
    },
    "type": "fillText",
  },
  {
    "props": {
      "a": 1,
      "b": 0,
      "c": 0,
      "d": 1,
      "e": 0,
      "f": 0,
    },
    "type": "setTransform",
  },
  {
    "props": {
      "value": 1,
    },
    "type": "globalAlpha",
  },
  {
    "props": {
      "value": "source-over",
    },
    "type": "globalCompositeOperation",
  },
  {
    "props": {
      "value": 0,
    },
    "type": "shadowOffsetX",
  },
  {
    "props": {
      "value": 0,
    },
    "type": "shadowOffsetY",
  },
  {
    "props": {
      "value": "#000000",
    },
    "type": "shadowColor",
  },
  {
    "props": {
      "value": "#808080",
    },
    "type": "fillStyle",
  },
  {
    "props": {
      "value": 1,
    },
    "type": "globalAlpha",
  },
  {
    "props": {
      "value": "butt",
    },
    "type": "lineCap",
  },
  {
    "props": {
      "value": "miter",
    },
    "type": "lineJoin",
  },
  {
    "props": {
      "value": 10,
    },
    "type": "lineWidth",
  },
  {
    "props": {},
    "type": "beginPath",
  },
  {
    "props": {
      "height": -187.27499999999998,
      "width": 42.40952380952381,
      "x": 34.46999999999999,
      "y": 243,
    },
    "type": "rect",
  },
  {
    "props": {
      "fillRule": "nonzero",
      "path": [
        {
          "props": {},
          "type": "beginPath",
        },
        {
          "props": {
            "height": -187.27499999999998,
            "width": 42.40952380952381,
            "x": 34.46999999999999,
            "y": 243,
          },
          "type": "rect",
        },
      ],
    },
    "type": "fill",
  },
  {
    "props": {},
    "type": "beginPath",
  },
  {
    "props": {
      "height": -0,
      "width": 42.40952380952382,
      "x": 156.47,
      "y": 243,
    },
    "type": "rect",
  },
  {
    "props": {
      "fillRule": "nonzero",
      "path": [
        {
          "props": {},
          "type": "beginPath",
        },
        {
          "props": {
            "height": -0,
            "width": 42.40952380952382,
            "x": 156.47,
            "y": 243,
          },
          "type": "rect",
        },
      ],
    },
    "type": "fill",
  },
  {
    "props": {},
    "type": "beginPath",
  },
  {
    "props": {
      "height": -113.5,
      "width": 42.40952380952382,
      "x": 278.46999999999997,
      "y": 243,
    },
    "type": "rect",
  },
  {
    "props": {
      "fillRule": "nonzero",
      "path": [
        {
          "props": {},
          "type": "beginPath",
        },
        {
          "props": {
            "height": -113.5,
            "width": 42.40952380952382,
            "x": 278.46999999999997,
            "y": 243,
          },
          "type": "rect",
        },
      ],
    },
    "type": "fill",
  },
  {
    "props": {},
    "type": "beginPath",
  },
  {
    "props": {
      "height": -227,
      "width": 42.40952380952382,
      "x": 81.12047619047618,
      "y": 243,
    },
    "type": "rect",
  },
  {
    "props": {
      "fillRule": "nonzero",
      "path": [
        {
          "props": {},
          "type": "beginPath",
        },
        {
          "props": {
            "height": -227,
            "width": 42.40952380952382,
            "x": 81.12047619047618,
            "y": 243,
          },
          "type": "rect",
        },
      ],
    },
    "type": "fill",
  },
  {
    "props": {},
    "type": "beginPath",
  },
  {
    "props": {
      "height": -22.69999999999999,
      "width": 42.40952380952382,
      "x": 203.12047619047618,
      "y": 243,
    },
    "type": "rect",
  },
  {
    "props": {
      "fillRule": "nonzero",
      "path": [
        {
          "props": {},
          "type": "beginPath",
        },
        {
          "props": {
            "height": -22.69999999999999,
            "width": 42.40952380952382,
            "x": 203.12047619047618,
            "y": 243,
          },
          "type": "rect",
        },
      ],
    },
    "type": "fill",
  },
  {
    "props": {},
    "type": "beginPath",
  },
  {
    "props": {
      "height": -102.15,
      "width": 42.40952380952382,
      "x": 325.1204761904762,
      "y": 243,
    },
    "type": "rect",
  },
  {
    "props": {
      "fillRule": "nonzero",
      "path": [
        {
          "props": {},
          "type": "beginPath",
        },
        {
          "props": {
            "height": -102.15,
            "width": 42.40952380952382,
            "x": 325.1204761904762,
            "y": 243,
          },
          "type": "rect",
        },
      ],
    },
    "type": "fill",
  },
  {
    "props": {
      "a": 1,
      "b": 0,
      "c": 0,
      "d": 1,
      "e": 5,
      "f": 281.5,
    },
    "type": "setTransform",
  },
  {
    "props": {
      "value": "source-over",
    },
    "type": "globalCompositeOperation",
  },
  {
    "props": {
      "value": "rgba(0, 0, 0, 0)",
    },
    "type": "fillStyle",
  },
  {
    "props": {
      "value": "#b7b9be",
    },
    "type": "strokeStyle",
  },
  {
    "props": {},
    "type": "beginPath",
  },
  {
    "props": {
      "height": 25,
      "width": 64,
      "x": -5,
      "y": -6.5,
    },
    "type": "rect",
  },
  {
    "props": {
      "fillRule": "nonzero",
      "path": [
        {
          "props": {},
          "type": "beginPath",
        },
        {
          "props": {
            "height": 25,
            "width": 64,
            "x": -5,
            "y": -6.5,
          },
          "type": "rect",
        },
      ],
    },
    "type": "fill",
  },
  {
    "props": {
      "value": 1,
    },
    "type": "globalAlpha",
  },
  {
    "props": {
      "value": "#808080",
    },
    "type": "fillStyle",
  },
  {
    "props": {
      "value": 1,
    },
    "type": "globalAlpha",
  },
  {
    "props": {
      "value": "butt",
    },
    "type": "lineCap",
  },
  {
    "props": {
      "value": 10,
    },
    "type": "lineWidth",
  },
  {
    "props": {},
    "type": "beginPath",
  },
  {
    "props": {
      "x": 3,
      "y": 0,
    },
    "type": "moveTo",
  },
  {
    "props": {
      "x": 9,
      "y": 0,
    },
    "type": "lineTo",
  },
  {
    "props": {
      "anticlockwise": false,
      "endAngle": 6.283185307179586,
      "radius": 3,
      "startAngle": 4.71238898038469,
      "x": 9,
      "y": 3,
    },
    "type": "arc",
  },
  {
    "props": {
      "x": 12,
      "y": 9,
    },
    "type": "lineTo",
  },
  {
    "props": {
      "anticlockwise": false,
      "endAngle": 1.5707963267948966,
      "radius": 3,
      "startAngle": 0,
      "x": 9,
      "y": 9,
    },
    "type": "arc",
  },
  {
    "props": {
      "x": 3,
      "y": 12,
    },
    "type": "lineTo",
  },
  {
    "props": {
      "anticlockwise": false,
      "endAngle": 3.141592653589793,
      "radius": 3,
      "startAngle": 1.5707963267948966,
      "x": 3,
      "y": 9,
    },
    "type": "arc",
  },
  {
    "props": {
      "x": 0,
      "y": 3,
    },
    "type": "lineTo",
  },
  {
    "props": {
      "anticlockwise": false,
      "endAngle": 4.71238898038469,
      "radius": 3,
      "startAngle": 3.141592653589793,
      "x": 3,
      "y": 3,
    },
    "type": "arc",
  },
  {
    "props": {},
    "type": "closePath",
  },
  {
    "props": {
      "fillRule": "nonzero",
      "path": [
        {
          "props": {},
          "type": "beginPath",
        },
        {
          "props": {
            "x": 3,
            "y": 0,
          },
          "type": "moveTo",
        },
        {
          "props": {
            "x": 9,
            "y": 0,
          },
          "type": "lineTo",
        },
        {
          "props": {
            "anticlockwise": false,
            "endAngle": 6.283185307179586,
            "radius": 3,
            "startAngle": 4.71238898038469,
            "x": 9,
            "y": 3,
          },
          "type": "arc",
        },
        {
          "props": {
            "x": 12,
            "y": 9,
          },
          "type": "lineTo",
        },
        {
          "props": {
            "anticlockwise": false,
            "endAngle": 1.5707963267948966,
            "radius": 3,
            "startAngle": 0,
            "x": 9,
            "y": 9,
          },
          "type": "arc",
        },
        {
          "props": {
            "x": 3,
            "y": 12,
          },
          "type": "lineTo",
        },
        {
          "props": {
            "anticlockwise": false,
            "endAngle": 3.141592653589793,
            "radius": 3,
            "startAngle": 1.5707963267948966,
            "x": 3,
            "y": 9,
          },
          "type": "arc",
        },
        {
          "props": {
            "x": 0,
            "y": 3,
          },
          "type": "lineTo",
        },
        {
          "props": {
            "anticlockwise": false,
            "endAngle": 4.71238898038469,
            "radius": 3,
            "startAngle": 3.141592653589793,
            "x": 3,
            "y": 3,
          },
          "type": "arc",
        },
        {
          "props": {},
          "type": "closePath",
        },
      ],
    },
    "type": "fill",
  },
  {
    "props": {
      "value": 1,
    },
    "type": "globalAlpha",
  },
  {
    "props": {
      "value": "source-over",
    },
    "type": "globalCompositeOperation",
  },
  {
    "props": {
      "value": 0,
    },
    "type": "shadowOffsetX",
  },
  {
    "props": {
      "value": 0,
    },
    "type": "shadowOffsetY",
  },
  {
    "props": {
      "value": "#000000",
    },
    "type": "shadowColor",
  },
  {
    "props": {
      "value": "#ccccdc",
    },
    "type": "fillStyle",
  },
  {
    "props": {
      "value": 1,
    },
    "type": "globalAlpha",
  },
  {
    "props": {
      "value": "butt",
    },
    "type": "lineCap",
  },
  {
    "props": {
      "value": "miter",
    },
    "type": "lineJoin",
  },
  {
    "props": {
      "value": 2,
    },
    "type": "lineWidth",
  },
  {
    "props": {
      "value": "12px 'Inter', 'Helvetica', 'Arial', sans-serif",
    },
    "type": "font",
  },
  {
    "props": {
      "value": "left",
    },
    "type": "textAlign",
  },
  {
    "props": {
      "value": "middle",
    },
    "type": "textBaseline",
  },
  {
    "props": {
      "maxWidth": null,
      "text": "Budget",
      "x": 17,
      "y": 6,
    },
    "type": "fillText",
  },
  {
    "props": {
      "value": 1,
    },
    "type": "globalAlpha",
  },
  {
    "props": {
      "value": "source-over",
    },
    "type": "globalCompositeOperation",
  },
  {
    "props": {
      "value": 0,
    },
    "type": "shadowOffsetX",
  },
  {
    "props": {
      "value": 0,
    },
    "type": "shadowOffsetY",
  },
  {
    "props": {
      "value": "#000000",
    },
    "type": "shadowColor",
  },
  {
    "props": {
      "value": "rgba(0, 0, 0, 0)",
    },
    "type": "fillStyle",
  },
  {
    "props": {
      "value": 1,
    },
    "type": "globalAlpha",
  },
  {
    "props": {
      "value": "butt",
    },
    "type": "lineCap",
  },
  {
    "props": {
      "value": "miter",
    },
    "type": "lineJoin",
  },
  {
    "props": {
      "value": 10,
    },
    "type": "lineWidth",
  },
  {
    "props": {},
    "type": "beginPath",
  },
  {
    "props": {
      "height": 12,
      "width": 23,
      "x": 0,
      "y": 0,
    },
    "type": "rect",
  },
  {
    "props": {
      "fillRule": "nonzero",
      "path": [
        {
          "props": {},
          "type": "beginPath",
        },
        {
          "props": {
            "height": 12,
            "width": 23,
            "x": 0,
            "y": 0,
          },
          "type": "rect",
        },
      ],
    },
    "type": "fill",
  },
  {
    "props": {
      "a": 1,
      "b": 0,
      "c": 0,
      "d": 1,
      "e": 36,
      "f": 281.5,
    },
    "type": "setTransform",
  },
  {
    "props": {
      "value": 1,
    },
    "type": "globalAlpha",
  },
  {
    "props": {
      "value": "#808080",
    },
    "type": "fillStyle",
  },
  {
    "props": {
      "value": 1,
    },
    "type": "globalAlpha",
  },
  {
    "props": {
      "value": "butt",
    },
    "type": "lineCap",
  },
  {
    "props": {
      "value": 10,
    },
    "type": "lineWidth",
  },
  {
    "props": {},
    "type": "beginPath",
  },
  {
    "props": {
      "x": 3,
      "y": 0,
    },
    "type": "moveTo",
  },
  {
    "props": {
      "x": 9,
      "y": 0,
    },
    "type": "lineTo",
  },
  {
    "props": {
      "anticlockwise": false,
      "endAngle": 6.283185307179586,
      "radius": 3,
      "startAngle": 4.71238898038469,
      "x": 9,
      "y": 3,
    },
    "type": "arc",
  },
  {
    "props": {
      "x": 12,
      "y": 9,
    },
    "type": "lineTo",
  },
  {
    "props": {
      "anticlockwise": false,
      "endAngle": 1.5707963267948966,
      "radius": 3,
      "startAngle": 0,
      "x": 9,
      "y": 9,
    },
    "type": "arc",
  },
  {
    "props": {
      "x": 3,
      "y": 12,
    },
    "type": "lineTo",
  },
  {
    "props": {
      "anticlockwise": false,
      "endAngle": 3.141592653589793,
      "radius": 3,
      "startAngle": 1.5707963267948966,
      "x": 3,
      "y": 9,
    },
    "type": "arc",
  },
  {
    "props": {
      "x": 0,
      "y": 3,
    },
    "type": "lineTo",
  },
  {
    "props": {
      "anticlockwise": false,
      "endAngle": 4.71238898038469,
      "radius": 3,
      "startAngle": 3.141592653589793,
      "x": 3,
      "y": 3,
    },
    "type": "arc",
  },
  {
    "props": {},
    "type": "closePath",
  },
  {
    "props": {
      "fillRule": "nonzero",
      "path": [
        {
          "props": {},
          "type": "beginPath",
        },
        {
          "props": {
            "x": 3,
            "y": 0,
          },
          "type": "moveTo",
        },
        {
          "props": {
            "x": 9,
            "y": 0,
          },
          "type": "lineTo",
        },
        {
          "props": {
            "anticlockwise": false,
            "endAngle": 6.283185307179586,
            "radius": 3,
            "startAngle": 4.71238898038469,
            "x": 9,
            "y": 3,
          },
          "type": "arc",
        },
        {
          "props": {
            "x": 12,
            "y": 9,
          },
          "type": "lineTo",
        },
        {
          "props": {
            "anticlockwise": false,
            "endAngle": 1.5707963267948966,
            "radius": 3,
            "startAngle": 0,
            "x": 9,
            "y": 9,
          },
          "type": "arc",
        },
        {
          "props": {
            "x": 3,
            "y": 12,
          },
          "type": "lineTo",
        },
        {
          "props": {
            "anticlockwise": false,
            "endAngle": 3.141592653589793,
            "radius": 3,
            "startAngle": 1.5707963267948966,
            "x": 3,
            "y": 9,
          },
          "type": "arc",
        },
        {
          "props": {
            "x": 0,
            "y": 3,
          },
          "type": "lineTo",
        },
        {
          "props": {
            "anticlockwise": false,
            "endAngle": 4.71238898038469,
            "radius": 3,
            "startAngle": 3.141592653589793,
            "x": 3,
            "y": 3,
          },
          "type": "arc",
        },
        {
          "props": {},
          "type": "closePath",
        },
      ],
    },
    "type": "fill",
  },
  {
    "props": {
      "value": 1,
    },
    "type": "globalAlpha",
  },
  {
    "props": {
      "value": "source-over",
    },
    "type": "globalCompositeOperation",
  },
  {
    "props": {
      "value": 0,
    },
    "type": "shadowOffsetX",
  },
  {
    "props": {
      "value": 0,
    },
    "type": "shadowOffsetY",
  },
  {
    "props": {
      "value": "#000000",
    },
    "type": "shadowColor",
  },
  {
    "props": {
      "value": "#ccccdc",
    },
    "type": "fillStyle",
  },
  {
    "props": {
      "value": 1,
    },
    "type": "globalAlpha",
  },
  {
    "props": {
      "value": "butt",
    },
    "type": "lineCap",
  },
  {
    "props": {
      "value": "miter",
    },
    "type": "lineJoin",
  },
  {
    "props": {
      "value": 2,
    },
    "type": "lineWidth",
  },
  {
    "props": {
      "value": "12px 'Inter', 'Helvetica', 'Arial', sans-serif",
    },
    "type": "font",
  },
  {
    "props": {
      "value": "left",
    },
    "type": "textAlign",
  },
  {
    "props": {
      "value": "middle",
    },
    "type": "textBaseline",
  },
  {
    "props": {
      "maxWidth": null,
      "text": "Actual",
      "x": 17,
      "y": 6,
    },
    "type": "fillText",
  },
  {
    "props": {
      "value": 1,
    },
    "type": "globalAlpha",
  },
  {
    "props": {
      "value": "source-over",
    },
    "type": "globalCompositeOperation",
  },
  {
    "props": {
      "value": 0,
    },
    "type": "shadowOffsetX",
  },
  {
    "props": {
      "value": 0,
    },
    "type": "shadowOffsetY",
  },
  {
    "props": {
      "value": "#000000",
    },
    "type": "shadowColor",
  },
  {
    "props": {
      "value": "rgba(0, 0, 0, 0)",
    },
    "type": "fillStyle",
  },
  {
    "props": {
      "value": 1,
    },
    "type": "globalAlpha",
  },
  {
    "props": {
      "value": "butt",
    },
    "type": "lineCap",
  },
  {
    "props": {
      "value": "miter",
    },
    "type": "lineJoin",
  },
  {
    "props": {
      "value": 10,
    },
    "type": "lineWidth",
  },
  {
    "props": {},
    "type": "beginPath",
  },
  {
    "props": {
      "height": 12,
      "width": 23,
      "x": 0,
      "y": 0,
    },
    "type": "rect",
  },
  {
    "props": {
      "fillRule": "nonzero",
      "path": [
        {
          "props": {},
          "type": "beginPath",
        },
        {
          "props": {
            "height": 12,
            "width": 23,
            "x": 0,
            "y": 0,
          },
          "type": "rect",
        },
      ],
    },
    "type": "fill",
  },
  {
    "props": {},
    "type": "restore",
  },
]
`;

exports[`cartesian chart canvas styles renders a time-axis line chart 1`] = `
[
  {
    "props": {
      "height": 300,
      "width": 400,
      "x": 0,
      "y": 0,
    },
    "type": "clearRect",
  },
  {
    "props": {},
    "type": "save",
  },
  {
    "props": {
      "a": 1,
      "b": 0,
      "c": 0,
      "d": 1,
      "e": 0,
      "f": 0,
    },
    "type": "setTransform",
  },
  {
    "props": {
      "value": 1,
    },
    "type": "globalAlpha",
  },
  {
    "props": {
      "value": "source-over",
    },
    "type": "globalCompositeOperation",
  },
  {
    "props": {
      "value": 0,
    },
    "type": "shadowOffsetX",
  },
  {
    "props": {
      "value": 0,
    },
    "type": "shadowOffsetY",
  },
  {
    "props": {
      "value": "#000000",
    },
    "type": "shadowColor",
  },
  {
    "props": {
      "value": "rgba(240, 250, 255, 0.09)",
    },
    "type": "strokeStyle",
  },
  {
    "props": {
      "value": 1,
    },
    "type": "globalAlpha",
  },
  {
    "props": {
      "value": "butt",
    },
    "type": "lineCap",
  },
  {
    "props": {
      "value": "miter",
    },
    "type": "lineJoin",
  },
  {
    "props": {
      "value": 10,
    },
    "type": "lineWidth",
  },
  {
    "props": {},
    "type": "beginPath",
  },
  {
    "props": {
      "x": 18,
      "y": 243.5,
    },
    "type": "moveTo",
  },
  {
    "props": {
      "x": 384,
      "y": 243.5,
    },
    "type": "lineTo",
  },
  {
    "props": {
      "path": [
        {
          "props": {},
          "type": "beginPath",
        },
        {
          "props": {
            "x": 18,
            "y": 243.5,
          },
          "type": "moveTo",
        },
        {
          "props": {
            "x": 384,
            "y": 243.5,
          },
          "type": "lineTo",
        },
      ],
    },
    "type": "stroke",
  },
  {
    "props": {},
    "type": "beginPath",
  },
  {
    "props": {
      "x": 18,
      "y": 197.5,
    },
    "type": "moveTo",
  },
  {
    "props": {
      "x": 384,
      "y": 197.5,
    },
    "type": "lineTo",
  },
  {
    "props": {
      "path": [
        {
          "props": {},
          "type": "beginPath",
        },
        {
          "props": {
            "x": 18,
            "y": 197.5,
          },
          "type": "moveTo",
        },
        {
          "props": {
            "x": 384,
            "y": 197.5,
          },
          "type": "lineTo",
        },
      ],
    },
    "type": "stroke",
  },
  {
    "props": {},
    "type": "beginPath",
  },
  {
    "props": {
      "x": 18,
      "y": 152.5,
    },
    "type": "moveTo",
  },
  {
    "props": {
      "x": 384,
      "y": 152.5,
    },
    "type": "lineTo",
  },
  {
    "props": {
      "path": [
        {
          "props": {},
          "type": "beginPath",
        },
        {
          "props": {
            "x": 18,
            "y": 152.5,
          },
          "type": "moveTo",
        },
        {
          "props": {
            "x": 384,
            "y": 152.5,
          },
          "type": "lineTo",
        },
      ],
    },
    "type": "stroke",
  },
  {
    "props": {},
    "type": "beginPath",
  },
  {
    "props": {
      "x": 18,
      "y": 107.5,
    },
    "type": "moveTo",
  },
  {
    "props": {
      "x": 384,
      "y": 107.5,
    },
    "type": "lineTo",
  },
  {
    "props": {
      "path": [
        {
          "props": {},
          "type": "beginPath",
        },
        {
          "props": {
            "x": 18,
            "y": 107.5,
          },
          "type": "moveTo",
        },
        {
          "props": {
            "x": 384,
            "y": 107.5,
          },
          "type": "lineTo",
        },
      ],
    },
    "type": "stroke",
  },
  {
    "props": {},
    "type": "beginPath",
  },
  {
    "props": {
      "x": 18,
      "y": 61.5,
    },
    "type": "moveTo",
  },
  {
    "props": {
      "x": 384,
      "y": 61.5,
    },
    "type": "lineTo",
  },
  {
    "props": {
      "path": [
        {
          "props": {},
          "type": "beginPath",
        },
        {
          "props": {
            "x": 18,
            "y": 61.5,
          },
          "type": "moveTo",
        },
        {
          "props": {
            "x": 384,
            "y": 61.5,
          },
          "type": "lineTo",
        },
      ],
    },
    "type": "stroke",
  },
  {
    "props": {},
    "type": "beginPath",
  },
  {
    "props": {
      "x": 18,
      "y": 16.5,
    },
    "type": "moveTo",
  },
  {
    "props": {
      "x": 384,
      "y": 16.5,
    },
    "type": "lineTo",
  },
  {
    "props": {
      "path": [
        {
          "props": {},
          "type": "beginPath",
        },
        {
          "props": {
            "x": 18,
            "y": 16.5,
          },
          "type": "moveTo",
        },
        {
          "props": {
            "x": 384,
            "y": 16.5,
          },
          "type": "lineTo",
        },
      ],
    },
    "type": "stroke",
  },
  {
    "props": {},
    "type": "beginPath",
  },
  {
    "props": {
      "x": 18.5,
      "y": 16,
    },
    "type": "moveTo",
  },
  {
    "props": {
      "x": 18.5,
      "y": 243,
    },
    "type": "lineTo",
  },
  {
    "props": {
      "path": [
        {
          "props": {},
          "type": "beginPath",
        },
        {
          "props": {
            "x": 18.5,
            "y": 16,
          },
          "type": "moveTo",
        },
        {
          "props": {
            "x": 18.5,
            "y": 243,
          },
          "type": "lineTo",
        },
      ],
    },
    "type": "stroke",
  },
  {
    "props": {},
    "type": "beginPath",
  },
  {
    "props": {
      "x": 109.5,
      "y": 16,
    },
    "type": "moveTo",
  },
  {
    "props": {
      "x": 109.5,
      "y": 243,
    },
    "type": "lineTo",
  },
  {
    "props": {
      "path": [
        {
          "props": {},
          "type": "beginPath",
        },
        {
          "props": {
            "x": 109.5,
            "y": 16,
          },
          "type": "moveTo",
        },
        {
          "props": {
            "x": 109.5,
            "y": 243,
          },
          "type": "lineTo",
        },
      ],
    },
    "type": "stroke",
  },
  {
    "props": {},
    "type": "beginPath",
  },
  {
    "props": {
      "x": 201.5,
      "y": 16,
    },
    "type": "moveTo",
  },
  {
    "props": {
      "x": 201.5,
      "y": 243,
    },
    "type": "lineTo",
  },
  {
    "props": {
      "path": [
        {
          "props": {},
          "type": "beginPath",
        },
        {
          "props": {
            "x": 201.5,
            "y": 16,
          },
          "type": "moveTo",
        },
        {
          "props": {
            "x": 201.5,
            "y": 243,
          },
          "type": "lineTo",
        },
      ],
    },
    "type": "stroke",
  },
  {
    "props": {},
    "type": "beginPath",
  },
  {
    "props": {
      "x": 292.5,
      "y": 16,
    },
    "type": "moveTo",
  },
  {
    "props": {
      "x": 292.5,
      "y": 243,
    },
    "type": "lineTo",
  },
  {
    "props": {
      "path": [
        {
          "props": {},
          "type": "beginPath",
        },
        {
          "props": {
            "x": 292.5,
            "y": 16,
          },
          "type": "moveTo",
        },
        {
          "props": {
            "x": 292.5,
            "y": 243,
          },
          "type": "lineTo",
        },
      ],
    },
    "type": "stroke",
  },
  {
    "props": {},
    "type": "beginPath",
  },
  {
    "props": {
      "x": 384.5,
      "y": 16,
    },
    "type": "moveTo",
  },
  {
    "props": {
      "x": 384.5,
      "y": 243,
    },
    "type": "lineTo",
  },
  {
    "props": {
      "path": [
        {
          "props": {},
          "type": "beginPath",
        },
        {
          "props": {
            "x": 384.5,
            "y": 16,
          },
          "type": "moveTo",
        },
        {
          "props": {
            "x": 384.5,
            "y": 243,
          },
          "type": "lineTo",
        },
      ],
    },
    "type": "stroke",
  },
  {
    "props": {},
    "type": "beginPath",
  },
  {
    "props": {
      "x": 18,
      "y": 243.5,
    },
    "type": "moveTo",
  },
  {
    "props": {
      "x": 14,
      "y": 243.5,
    },
    "type": "lineTo",
  },
  {
    "props": {
      "path": [
        {
          "props": {},
          "type": "beginPath",
        },
        {
          "props": {
            "x": 18,
            "y": 243.5,
          },
          "type": "moveTo",
        },
        {
          "props": {
            "x": 14,
            "y": 243.5,
          },
          "type": "lineTo",
        },
      ],
    },
    "type": "stroke",
  },
  {
    "props": {},
    "type": "beginPath",
  },
  {
    "props": {
      "x": 18.000000000000004,
      "y": 197.5,
    },
    "type": "moveTo",
  },
  {
    "props": {
      "x": 14.000000000000004,
      "y": 197.5,
    },
    "type": "lineTo",
  },
  {
    "props": {
      "path": [
        {
          "props": {},
          "type": "beginPath",
        },
        {
          "props": {
            "x": 18.000000000000004,
            "y": 197.5,
          },
          "type": "moveTo",
        },
        {
          "props": {
            "x": 14.000000000000004,
            "y": 197.5,
          },
          "type": "lineTo",
        },
      ],
    },
    "type": "stroke",
  },
  {
    "props": {},
    "type": "beginPath",
  },
  {
    "props": {
      "x": 18.000000000000007,
      "y": 152.5,
    },
    "type": "moveTo",
  },
  {
    "props": {
      "x": 14.000000000000005,
      "y": 152.5,
    },
    "type": "lineTo",
  },
  {
    "props": {
      "path": [
        {
          "props": {},
          "type": "beginPath",
        },
        {
          "props": {
            "x": 18.000000000000007,
            "y": 152.5,
          },
          "type": "moveTo",
        },
        {
          "props": {
            "x": 14.000000000000005,
            "y": 152.5,
          },
          "type": "lineTo",
        },
      ],
    },
    "type": "stroke",
  },
  {
    "props": {},
    "type": "beginPath",
  },
  {
    "props": {
      "x": 18.000000000000007,
      "y": 107.5,
    },
    "type": "moveTo",
  },
  {
    "props": {
      "x": 14.000000000000009,
      "y": 107.5,
    },
    "type": "lineTo",
  },
  {
    "props": {
      "path": [
        {
          "props": {},
          "type": "beginPath",
        },
        {
          "props": {
            "x": 18.000000000000007,
            "y": 107.5,
          },
          "type": "moveTo",
        },
        {
          "props": {
            "x": 14.000000000000009,
            "y": 107.5,
          },
          "type": "lineTo",
        },
      ],
    },
    "type": "stroke",
  },
  {
    "props": {},
    "type": "beginPath",
  },
  {
    "props": {
      "x": 18.00000000000001,
      "y": 61.5,
    },
    "type": "moveTo",
  },
  {
    "props": {
      "x": 14.00000000000001,
      "y": 61.5,
    },
    "type": "lineTo",
  },
  {
    "props": {
      "path": [
        {
          "props": {},
          "type": "beginPath",
        },
        {
          "props": {
            "x": 18.00000000000001,
            "y": 61.5,
          },
          "type": "moveTo",
        },
        {
          "props": {
            "x": 14.00000000000001,
            "y": 61.5,
          },
          "type": "lineTo",
        },
      ],
    },
    "type": "stroke",
  },
  {
    "props": {},
    "type": "beginPath",
  },
  {
    "props": {
      "x": 18.000000000000014,
      "y": 16.5,
    },
    "type": "moveTo",
  },
  {
    "props": {
      "x": 14.000000000000014,
      "y": 16.5,
    },
    "type": "lineTo",
  },
  {
    "props": {
      "path": [
        {
          "props": {},
          "type": "beginPath",
        },
        {
          "props": {
            "x": 18.000000000000014,
            "y": 16.5,
          },
          "type": "moveTo",
        },
        {
          "props": {
            "x": 14.000000000000014,
            "y": 16.5,
          },
          "type": "lineTo",
        },
      ],
    },
    "type": "stroke",
  },
  {
    "props": {},
    "type": "beginPath",
  },
  {
    "props": {
      "x": 18.5,
      "y": 243,
    },
    "type": "moveTo",
  },
  {
    "props": {
      "x": 18.5,
      "y": 247,
    },
    "type": "lineTo",
  },
  {
    "props": {
      "path": [
        {
          "props": {},
          "type": "beginPath",
        },
        {
          "props": {
            "x": 18.5,
            "y": 243,
          },
          "type": "moveTo",
        },
        {
          "props": {
            "x": 18.5,
            "y": 247,
          },
          "type": "lineTo",
        },
      ],
    },
    "type": "stroke",
  },
  {
    "props": {},
    "type": "beginPath",
  },
  {
    "props": {
      "x": 109.5,
      "y": 243,
    },
    "type": "moveTo",
  },
  {
    "props": {
      "x": 109.5,
      "y": 247,
    },
    "type": "lineTo",
  },
  {
    "props": {
      "path": [
        {
          "props": {},
          "type": "beginPath",
        },
        {
          "props": {
            "x": 109.5,
            "y": 243,
          },
          "type": "moveTo",
        },
        {
          "props": {
            "x": 109.5,
            "y": 247,
          },
          "type": "lineTo",
        },
      ],
    },
    "type": "stroke",
  },
  {
    "props": {},
    "type": "beginPath",
  },
  {
    "props": {
      "x": 201.5,
      "y": 243,
    },
    "type": "moveTo",
  },
  {
    "props": {
      "x": 201.5,
      "y": 247,
    },
    "type": "lineTo",
  },
  {
    "props": {
      "path": [
        {
          "props": {},
          "type": "beginPath",
        },
        {
          "props": {
            "x": 201.5,
            "y": 243,
          },
          "type": "moveTo",
        },
        {
          "props": {
            "x": 201.5,
            "y": 247,
          },
          "type": "lineTo",
        },
      ],
    },
    "type": "stroke",
  },
  {
    "props": {},
    "type": "beginPath",
  },
  {
    "props": {
      "x": 292.5,
      "y": 243,
    },
    "type": "moveTo",
  },
  {
    "props": {
      "x": 292.5,
      "y": 247,
    },
    "type": "lineTo",
  },
  {
    "props": {
      "path": [
        {
          "props": {},
          "type": "beginPath",
        },
        {
          "props": {
            "x": 292.5,
            "y": 243,
          },
          "type": "moveTo",
        },
        {
          "props": {
            "x": 292.5,
            "y": 247,
          },
          "type": "lineTo",
        },
      ],
    },
    "type": "stroke",
  },
  {
    "props": {},
    "type": "beginPath",
  },
  {
    "props": {
      "x": 384.5,
      "y": 243,
    },
    "type": "moveTo",
  },
  {
    "props": {
      "x": 384.5,
      "y": 247,
    },
    "type": "lineTo",
  },
  {
    "props": {
      "path": [
        {
          "props": {},
          "type": "beginPath",
        },
        {
          "props": {
            "x": 384.5,
            "y": 243,
          },
          "type": "moveTo",
        },
        {
          "props": {
            "x": 384.5,
            "y": 247,
          },
          "type": "lineTo",
        },
      ],
    },
    "type": "stroke",
  },
  {
    "props": {
      "a": 1,
      "b": 2.4492935982947064e-16,
      "c": -4.66973964754502e-16,
      "d": 1,
      "e": 10,
      "f": 243,
    },
    "type": "setTransform",
  },
  {
    "props": {
      "value": 1,
    },
    "type": "globalAlpha",
  },
  {
    "props": {
      "value": "source-over",
    },
    "type": "globalCompositeOperation",
  },
  {
    "props": {
      "value": 0,
    },
    "type": "shadowOffsetX",
  },
  {
    "props": {
      "value": 0,
    },
    "type": "shadowOffsetY",
  },
  {
    "props": {
      "value": "#000000",
    },
    "type": "shadowColor",
  },
  {
    "props": {
      "value": "#ccccdc",
    },
    "type": "fillStyle",
  },
  {
    "props": {
      "value": 1,
    },
    "type": "globalAlpha",
  },
  {
    "props": {
      "value": "butt",
    },
    "type": "lineCap",
  },
  {
    "props": {
      "value": "miter",
    },
    "type": "lineJoin",
  },
  {
    "props": {
      "value": 2,
    },
    "type": "lineWidth",
  },
  {
    "props": {
      "value": "12px 'Inter', 'Helvetica', 'Arial', sans-serif",
    },
    "type": "font",
  },
  {
    "props": {
      "value": "right",
    },
    "type": "textAlign",
  },
  {
    "props": {
      "value": "middle",
    },
    "type": "textBaseline",
  },
  {
    "props": {
      "maxWidth": null,
      "text": "10",
      "x": 0,
      "y": 0,
    },
    "type": "fillText",
  },
  {
    "props": {
      "a": 1,
      "b": 2.4492935982947064e-16,
      "c": -4.66973964754502e-16,
      "d": 1,
      "e": 10.000000000000004,
      "f": 197.6,
    },
    "type": "setTransform",
  },
  {
    "props": {
      "value": "12px 'Inter', 'Helvetica', 'Arial', sans-serif",
    },
    "type": "font",
  },
  {
    "props": {
      "value": "right",
    },
    "type": "textAlign",
  },
  {
    "props": {
      "value": "middle",
    },
    "type": "textBaseline",
  },
  {
    "props": {
      "maxWidth": null,
      "text": "20",
      "x": 0,
      "y": 0,
    },
    "type": "fillText",
  },
  {
    "props": {
      "a": 1,
      "b": 2.4492935982947064e-16,
      "c": -4.66973964754502e-16,
      "d": 1,
      "e": 10.000000000000005,
      "f": 152.2,
    },
    "type": "setTransform",
  },
  {
    "props": {
      "value": "12px 'Inter', 'Helvetica', 'Arial', sans-serif",
    },
    "type": "font",
  },
  {
    "props": {
      "value": "right",
    },
    "type": "textAlign",
  },
  {
    "props": {
      "value": "middle",
    },
    "type": "textBaseline",
  },
  {
    "props": {
      "maxWidth": null,
      "text": "30",
      "x": 0,
      "y": 0,
    },
    "type": "fillText",
  },
  {
    "props": {
      "a": 1,
      "b": 2.4492935982947064e-16,
      "c": -4.66973964754502e-16,
      "d": 1,
      "e": 10.000000000000007,
      "f": 106.80000000000001,
    },
    "type": "setTransform",
  },
  {
    "props": {
      "value": "12px 'Inter', 'Helvetica', 'Arial', sans-serif",
    },
    "type": "font",
  },
  {
    "props": {
      "value": "right",
    },
    "type": "textAlign",
  },
  {
    "props": {
      "value": "middle",
    },
    "type": "textBaseline",
  },
  {
    "props": {
      "maxWidth": null,
      "text": "40",
      "x": 0,
      "y": 0,
    },
    "type": "fillText",
  },
  {
    "props": {
      "a": 1,
      "b": 2.4492935982947064e-16,
      "c": -4.66973964754502e-16,
      "d": 1,
      "e": 10.00000000000001,
      "f": 61.39999999999998,
    },
    "type": "setTransform",
  },
  {
    "props": {
      "value": "12px 'Inter', 'Helvetica', 'Arial', sans-serif",
    },
    "type": "font",
  },
  {
    "props": {
      "value": "right",
    },
    "type": "textAlign",
  },
  {
    "props": {
      "value": "middle",
    },
    "type": "textBaseline",
  },
  {
    "props": {
      "maxWidth": null,
      "text": "50",
      "x": 0,
      "y": 0,
    },
    "type": "fillText",
  },
  {
    "props": {
      "a": 1,
      "b": 2.4492935982947064e-16,
      "c": -4.66973964754502e-16,
      "d": 1,
      "e": 10.000000000000014,
      "f": 16,
    },
    "type": "setTransform",
  },
  {
    "props": {
      "value": "12px 'Inter', 'Helvetica', 'Arial', sans-serif",
    },
    "type": "font",
  },
  {
    "props": {
      "value": "right",
    },
    "type": "textAlign",
  },
  {
    "props": {
      "value": "middle",
    },
    "type": "textBaseline",
  },
  {
    "props": {
      "maxWidth": null,
      "text": "60",
      "x": 0,
      "y": 0,
    },
    "type": "fillText",
  },
  {
    "props": {
      "a": 1,
      "b": 0,
      "c": 0,
      "d": 1,
      "e": 18,
      "f": 251,
    },
    "type": "setTransform",
  },
  {
    "props": {
      "value": "12px 'Inter', 'Helvetica', 'Arial', sans-serif",
    },
    "type": "font",
  },
  {
    "props": {
      "value": "center",
    },
    "type": "textAlign",
  },
  {
    "props": {
      "value": "middle",
    },
    "type": "textBaseline",
  },
  {
    "props": {
      "maxWidth": null,
      "text": "1970",
      "x": 0,
      "y": 0.5,
    },
    "type": "fillText",
  },
  {
    "props": {
      "a": 1,
      "b": 0,
      "c": 0,
      "d": 1,
      "e": 109.5,
      "f": 251,
    },
    "type": "setTransform",
  },
  {
    "props": {
      "value": "12px 'Inter', 'Helvetica', 'Arial', sans-serif",
    },
    "type": "font",
  },
  {
    "props": {
      "value": "center",
    },
    "type": "textAlign",
  },
  {
    "props": {
      "value": "middle",
    },
    "type": "textBaseline",
  },
  {
    "props": {
      "maxWidth": null,
      "text": "00:00:00 001",
      "x": 0,
      "y": 0.5,
    },
    "type": "fillText",
  },
  {
    "props": {
      "a": 1,
      "b": 0,
      "c": 0,
      "d": 1,
      "e": 201,
      "f": 251,
    },
    "type": "setTransform",
  },
  {
    "props": {
      "value": "12px 'Inter', 'Helvetica', 'Arial', sans-serif",
    },
    "type": "font",
  },
  {
    "props": {
      "value": "center",
    },
    "type": "textAlign",
  },
  {
    "props": {
      "value": "middle",
    },
    "type": "textBaseline",
  },
  {
    "props": {
      "maxWidth": null,
      "text": "00:00:00 002",
      "x": 0,
      "y": 0.5,
    },
    "type": "fillText",
  },
  {
    "props": {
      "a": 1,
      "b": 0,
      "c": 0,
      "d": 1,
      "e": 292.5,
      "f": 251,
    },
    "type": "setTransform",
  },
  {
    "props": {
      "value": "12px 'Inter', 'Helvetica', 'Arial', sans-serif",
    },
    "type": "font",
  },
  {
    "props": {
      "value": "center",
    },
    "type": "textAlign",
  },
  {
    "props": {
      "value": "middle",
    },
    "type": "textBaseline",
  },
  {
    "props": {
      "maxWidth": null,
      "text": "00:00:00 003",
      "x": 0,
      "y": 0.5,
    },
    "type": "fillText",
  },
  {
    "props": {
      "a": 1,
      "b": 0,
      "c": 0,
      "d": 1,
      "e": 384,
      "f": 251,
    },
    "type": "setTransform",
  },
  {
    "props": {
      "value": "12px 'Inter', 'Helvetica', 'Arial', sans-serif",
    },
    "type": "font",
  },
  {
    "props": {
      "value": "center",
    },
    "type": "textAlign",
  },
  {
    "props": {
      "value": "middle",
    },
    "type": "textBaseline",
  },
  {
    "props": {
      "maxWidth": null,
      "text": "00:00:00 004",
      "x": 0,
      "y": 0.5,
    },
    "type": "fillText",
  },
  {
    "props": {},
    "type": "save",
  },
  {
    "props": {
      "a": 1,
      "b": 0,
      "c": 0,
      "d": 1,
      "e": 0,
      "f": 0,
    },
    "type": "setTransform",
  },
  {
    "props": {},
    "type": "beginPath",
  },
  {
    "props": {
      "height": 229,
      "width": 368,
      "x": 17,
      "y": 15,
    },
    "type": "rect",
  },
  {
    "props": {
      "fillRule": "nonzero",
      "path": [
        {
          "props": {},
          "type": "beginPath",
        },
        {
          "props": {
            "height": 229,
            "width": 368,
            "x": 17,
            "y": 15,
          },
          "type": "rect",
        },
      ],
    },
    "type": "clip",
  },
  {
    "props": {
      "a": 1,
      "b": 0,
      "c": 0,
      "d": 1,
      "e": 0,
      "f": 0,
    },
    "type": "setTransform",
  },
  {
    "props": {
      "value": 1,
    },
    "type": "globalAlpha",
  },
  {
    "props": {
      "value": "source-over",
    },
    "type": "globalCompositeOperation",
  },
  {
    "props": {
      "value": 0,
    },
    "type": "shadowOffsetX",
  },
  {
    "props": {
      "value": 0,
    },
    "type": "shadowOffsetY",
  },
  {
    "props": {
      "value": "#000000",
    },
    "type": "shadowColor",
  },
  {
    "props": {
      "value": "#808080",
    },
    "type": "strokeStyle",
  },
  {
    "props": {
      "value": 1,
    },
    "type": "globalAlpha",
  },
  {
    "props": {
      "value": 2,
    },
    "type": "lineWidth",
  },
  {
    "props": {
      "value": "butt",
    },
    "type": "lineCap",
  },
  {
    "props": {
      "value": "bevel",
    },
    "type": "lineJoin",
  },
  {
    "props": {
      "value": 10,
    },
    "type": "lineWidth",
  },
  {
    "props": {},
    "type": "beginPath",
  },
  {
    "props": {
      "x": 109.5,
      "y": 243,
    },
    "type": "moveTo",
  },
  {
    "props": {
      "x": 201,
      "y": 197.60000610351562,
    },
    "type": "lineTo",
  },
  {
    "props": {
      "x": 292.5,
      "y": 152.1999969482422,
    },
    "type": "lineTo",
  },
  {
    "props": {
      "path": [
        {
          "props": {},
          "type": "beginPath",
        },
        {
          "props": {
            "x": 109.5,
            "y": 243,
          },
          "type": "moveTo",
        },
        {
          "props": {
            "x": 201,
            "y": 197.60000610351562,
          },
          "type": "lineTo",
        },
        {
          "props": {
            "x": 292.5,
            "y": 152.1999969482422,
          },
          "type": "lineTo",
        },
      ],
    },
    "type": "stroke",
  },
  {
    "props": {},
    "type": "restore",
  },
  {
    "props": {},
    "type": "save",
  },
  {
    "props": {
      "a": 1,
      "b": 0,
      "c": 0,
      "d": 1,
      "e": 0,
      "f": 0,
    },
    "type": "setTransform",
  },
  {
    "props": {},
    "type": "beginPath",
  },
  {
    "props": {
      "height": 229,
      "width": 368,
      "x": 17,
      "y": 15,
    },
    "type": "rect",
  },
  {
    "props": {
      "fillRule": "nonzero",
      "path": [
        {
          "props": {},
          "type": "beginPath",
        },
        {
          "props": {
            "height": 229,
            "width": 368,
            "x": 17,
            "y": 15,
          },
          "type": "rect",
        },
      ],
    },
    "type": "clip",
  },
  {
    "props": {
      "a": 1,
      "b": 0,
      "c": 0,
      "d": 1,
      "e": 0,
      "f": 0,
    },
    "type": "setTransform",
  },
  {
    "props": {
      "value": 1,
    },
    "type": "globalAlpha",
  },
  {
    "props": {
      "value": "source-over",
    },
    "type": "globalCompositeOperation",
  },
  {
    "props": {
      "value": 0,
    },
    "type": "shadowOffsetX",
  },
  {
    "props": {
      "value": 0,
    },
    "type": "shadowOffsetY",
  },
  {
    "props": {
      "value": "#000000",
    },
    "type": "shadowColor",
  },
  {
    "props": {
      "value": "#808080",
    },
    "type": "strokeStyle",
  },
  {
    "props": {
      "value": 1,
    },
    "type": "globalAlpha",
  },
  {
    "props": {
      "value": 2,
    },
    "type": "lineWidth",
  },
  {
    "props": {
      "value": "butt",
    },
    "type": "lineCap",
  },
  {
    "props": {
      "value": "bevel",
    },
    "type": "lineJoin",
  },
  {
    "props": {
      "value": 10,
    },
    "type": "lineWidth",
  },
  {
    "props": {},
    "type": "beginPath",
  },
  {
    "props": {
      "x": 109.5,
      "y": 106.80000305175781,
    },
    "type": "moveTo",
  },
  {
    "props": {
      "x": 201,
      "y": 61.400001525878906,
    },
    "type": "lineTo",
  },
  {
    "props": {
      "x": 292.5,
      "y": 16,
    },
    "type": "lineTo",
  },
  {
    "props": {
      "path": [
        {
          "props": {},
          "type": "beginPath",
        },
        {
          "props": {
            "x": 109.5,
            "y": 106.80000305175781,
          },
          "type": "moveTo",
        },
        {
          "props": {
            "x": 201,
            "y": 61.400001525878906,
          },
          "type": "lineTo",
        },
        {
          "props": {
            "x": 292.5,
            "y": 16,
          },
          "type": "lineTo",
        },
      ],
    },
    "type": "stroke",
  },
  {
    "props": {},
    "type": "restore",
  },
  {
    "props": {
      "a": 3,
      "b": 0,
      "c": 0,
      "d": 3,
      "e": 109.5,
      "f": 243,
    },
    "type": "setTransform",
  },
  {
    "props": {
      "value": 1,
    },
    "type": "globalAlpha",
  },
  {
    "props": {
      "value": "source-over",
    },
    "type": "globalCompositeOperation",
  },
  {
    "props": {
      "value": 0,
    },
    "type": "shadowOffsetX",
  },
  {
    "props": {
      "value": 0,
    },
    "type": "shadowOffsetY",
  },
  {
    "props": {
      "value": "#000000",
    },
    "type": "shadowColor",
  },
  {
    "props": {
      "value": "#ffffff",
    },
    "type": "fillStyle",
  },
  {
    "props": {
      "value": "#808080",
    },
    "type": "strokeStyle",
  },
  {
    "props": {
      "value": 1,
    },
    "type": "globalAlpha",
  },
  {
    "props": {
      "value": 0.6666666666666666,
    },
    "type": "lineWidth",
  },
  {
    "props": {
      "value": "butt",
    },
    "type": "lineCap",
  },
  {
    "props": {
      "value": "miter",
    },
    "type": "lineJoin",
  },
  {
    "props": {
      "value": 10,
    },
    "type": "lineWidth",
  },
  {
    "props": {},
    "type": "beginPath",
  },
  {
    "props": {
      "x": 1,
      "y": 0,
    },
    "type": "moveTo",
  },
  {
    "props": {
      "anticlockwise": false,
      "endAngle": 6.283185307179586,
      "radius": 1,
      "startAngle": 0,
      "x": 0,
      "y": 0,
    },
    "type": "arc",
  },
  {
    "props": {
      "fillRule": "nonzero",
      "path": [
        {
          "props": {},
          "type": "beginPath",
        },
        {
          "props": {
            "x": 1,
            "y": 0,
          },
          "type": "moveTo",
        },
        {
          "props": {
            "anticlockwise": false,
            "endAngle": 6.283185307179586,
            "radius": 1,
            "startAngle": 0,
            "x": 0,
            "y": 0,
          },
          "type": "arc",
        },
      ],
    },
    "type": "fill",
  },
  {
    "props": {
      "path": [
        {
          "props": {},
          "type": "beginPath",
        },
        {
          "props": {
            "x": 1,
            "y": 0,
          },
          "type": "moveTo",
        },
        {
          "props": {
            "anticlockwise": false,
            "endAngle": 6.283185307179586,
            "radius": 1,
            "startAngle": 0,
            "x": 0,
            "y": 0,
          },
          "type": "arc",
        },
      ],
    },
    "type": "stroke",
  },
  {
    "props": {
      "a": 3,
      "b": 0,
      "c": 0,
      "d": 3,
      "e": 201,
      "f": 197.60000610351562,
    },
    "type": "setTransform",
  },
  {
    "props": {},
    "type": "beginPath",
  },
  {
    "props": {
      "x": 1,
      "y": 0,
    },
    "type": "moveTo",
  },
  {
    "props": {
      "anticlockwise": false,
      "endAngle": 6.283185307179586,
      "radius": 1,
      "startAngle": 0,
      "x": 0,
      "y": 0,
    },
    "type": "arc",
  },
  {
    "props": {
      "fillRule": "nonzero",
      "path": [
        {
          "props": {},
          "type": "beginPath",
        },
        {
          "props": {
            "x": 1,
            "y": 0,
          },
          "type": "moveTo",
        },
        {
          "props": {
            "anticlockwise": false,
            "endAngle": 6.283185307179586,
            "radius": 1,
            "startAngle": 0,
            "x": 0,
            "y": 0,
          },
          "type": "arc",
        },
      ],
    },
    "type": "fill",
  },
  {
    "props": {
      "path": [
        {
          "props": {},
          "type": "beginPath",
        },
        {
          "props": {
            "x": 1,
            "y": 0,
          },
          "type": "moveTo",
        },
        {
          "props": {
            "anticlockwise": false,
            "endAngle": 6.283185307179586,
            "radius": 1,
            "startAngle": 0,
            "x": 0,
            "y": 0,
          },
          "type": "arc",
        },
      ],
    },
    "type": "stroke",
  },
  {
    "props": {
      "a": 3,
      "b": 0,
      "c": 0,
      "d": 3,
      "e": 292.5,
      "f": 152.1999969482422,
    },
    "type": "setTransform",
  },
  {
    "props": {},
    "type": "beginPath",
  },
  {
    "props": {
      "x": 1,
      "y": 0,
    },
    "type": "moveTo",
  },
  {
    "props": {
      "anticlockwise": false,
      "endAngle": 6.283185307179586,
      "radius": 1,
      "startAngle": 0,
      "x": 0,
      "y": 0,
    },
    "type": "arc",
  },
  {
    "props": {
      "fillRule": "nonzero",
      "path": [
        {
          "props": {},
          "type": "beginPath",
        },
        {
          "props": {
            "x": 1,
            "y": 0,
          },
          "type": "moveTo",
        },
        {
          "props": {
            "anticlockwise": false,
            "endAngle": 6.283185307179586,
            "radius": 1,
            "startAngle": 0,
            "x": 0,
            "y": 0,
          },
          "type": "arc",
        },
      ],
    },
    "type": "fill",
  },
  {
    "props": {
      "path": [
        {
          "props": {},
          "type": "beginPath",
        },
        {
          "props": {
            "x": 1,
            "y": 0,
          },
          "type": "moveTo",
        },
        {
          "props": {
            "anticlockwise": false,
            "endAngle": 6.283185307179586,
            "radius": 1,
            "startAngle": 0,
            "x": 0,
            "y": 0,
          },
          "type": "arc",
        },
      ],
    },
    "type": "stroke",
  },
  {
    "props": {
      "a": 3,
      "b": 0,
      "c": 0,
      "d": 3,
      "e": 109.5,
      "f": 106.80000305175781,
    },
    "type": "setTransform",
  },
  {
    "props": {},
    "type": "beginPath",
  },
  {
    "props": {
      "x": 1,
      "y": 0,
    },
    "type": "moveTo",
  },
  {
    "props": {
      "anticlockwise": false,
      "endAngle": 6.283185307179586,
      "radius": 1,
      "startAngle": 0,
      "x": 0,
      "y": 0,
    },
    "type": "arc",
  },
  {
    "props": {
      "fillRule": "nonzero",
      "path": [
        {
          "props": {},
          "type": "beginPath",
        },
        {
          "props": {
            "x": 1,
            "y": 0,
          },
          "type": "moveTo",
        },
        {
          "props": {
            "anticlockwise": false,
            "endAngle": 6.283185307179586,
            "radius": 1,
            "startAngle": 0,
            "x": 0,
            "y": 0,
          },
          "type": "arc",
        },
      ],
    },
    "type": "fill",
  },
  {
    "props": {
      "path": [
        {
          "props": {},
          "type": "beginPath",
        },
        {
          "props": {
            "x": 1,
            "y": 0,
          },
          "type": "moveTo",
        },
        {
          "props": {
            "anticlockwise": false,
            "endAngle": 6.283185307179586,
            "radius": 1,
            "startAngle": 0,
            "x": 0,
            "y": 0,
          },
          "type": "arc",
        },
      ],
    },
    "type": "stroke",
  },
  {
    "props": {
      "a": 3,
      "b": 0,
      "c": 0,
      "d": 3,
      "e": 201,
      "f": 61.400001525878906,
    },
    "type": "setTransform",
  },
  {
    "props": {},
    "type": "beginPath",
  },
  {
    "props": {
      "x": 1,
      "y": 0,
    },
    "type": "moveTo",
  },
  {
    "props": {
      "anticlockwise": false,
      "endAngle": 6.283185307179586,
      "radius": 1,
      "startAngle": 0,
      "x": 0,
      "y": 0,
    },
    "type": "arc",
  },
  {
    "props": {
      "fillRule": "nonzero",
      "path": [
        {
          "props": {},
          "type": "beginPath",
        },
        {
          "props": {
            "x": 1,
            "y": 0,
          },
          "type": "moveTo",
        },
        {
          "props": {
            "anticlockwise": false,
            "endAngle": 6.283185307179586,
            "radius": 1,
            "startAngle": 0,
            "x": 0,
            "y": 0,
          },
          "type": "arc",
        },
      ],
    },
    "type": "fill",
  },
  {
    "props": {
      "path": [
        {
          "props": {},
          "type": "beginPath",
        },
        {
          "props": {
            "x": 1,
            "y": 0,
          },
          "type": "moveTo",
        },
        {
          "props": {
            "anticlockwise": false,
            "endAngle": 6.283185307179586,
            "radius": 1,
            "startAngle": 0,
            "x": 0,
            "y": 0,
          },
          "type": "arc",
        },
      ],
    },
    "type": "stroke",
  },
  {
    "props": {
      "a": 3,
      "b": 0,
      "c": 0,
      "d": 3,
      "e": 292.5,
      "f": 16,
    },
    "type": "setTransform",
  },
  {
    "props": {},
    "type": "beginPath",
  },
  {
    "props": {
      "x": 1,
      "y": 0,
    },
    "type": "moveTo",
  },
  {
    "props": {
      "anticlockwise": false,
      "endAngle": 6.283185307179586,
      "radius": 1,
      "startAngle": 0,
      "x": 0,
      "y": 0,
    },
    "type": "arc",
  },
  {
    "props": {
      "fillRule": "nonzero",
      "path": [
        {
          "props": {},
          "type": "beginPath",
        },
        {
          "props": {
            "x": 1,
            "y": 0,
          },
          "type": "moveTo",
        },
        {
          "props": {
            "anticlockwise": false,
            "endAngle": 6.283185307179586,
            "radius": 1,
            "startAngle": 0,
            "x": 0,
            "y": 0,
          },
          "type": "arc",
        },
      ],
    },
    "type": "fill",
  },
  {
    "props": {
      "path": [
        {
          "props": {},
          "type": "beginPath",
        },
        {
          "props": {
            "x": 1,
            "y": 0,
          },
          "type": "moveTo",
        },
        {
          "props": {
            "anticlockwise": false,
            "endAngle": 6.283185307179586,
            "radius": 1,
            "startAngle": 0,
            "x": 0,
            "y": 0,
          },
          "type": "arc",
        },
      ],
    },
    "type": "stroke",
  },
  {
    "props": {
      "a": 1,
      "b": 0,
      "c": 0,
      "d": 1,
      "e": 5,
      "f": 281.5,
    },
    "type": "setTransform",
  },
  {
    "props": {
      "value": "source-over",
    },
    "type": "globalCompositeOperation",
  },
  {
    "props": {
      "value": "rgba(0, 0, 0, 0)",
    },
    "type": "fillStyle",
  },
  {
    "props": {
      "value": "#b7b9be",
    },
    "type": "strokeStyle",
  },
  {
    "props": {},
    "type": "beginPath",
  },
  {
    "props": {
      "height": 25,
      "width": 58,
      "x": -5,
      "y": -6.5,
    },
    "type": "rect",
  },
  {
    "props": {
      "fillRule": "nonzero",
      "path": [
        {
          "props": {},
          "type": "beginPath",
        },
        {
          "props": {
            "height": 25,
            "width": 58,
            "x": -5,
            "y": -6.5,
          },
          "type": "rect",
        },
      ],
    },
    "type": "fill",
  },
  {
    "props": {
      "value": 1,
    },
    "type": "globalAlpha",
  },
  {
    "props": {
      "value": "#808080",
    },
    "type": "fillStyle",
  },
  {
    "props": {
      "value": 1,
    },
    "type": "globalAlpha",
  },
  {
    "props": {
      "value": "butt",
    },
    "type": "lineCap",
  },
  {
    "props": {
      "value": 10,
    },
    "type": "lineWidth",
  },
  {
    "props": {},
    "type": "beginPath",
  },
  {
    "props": {
      "x": 3,
      "y": 0,
    },
    "type": "moveTo",
  },
  {
    "props": {
      "x": 9,
      "y": 0,
    },
    "type": "lineTo",
  },
  {
    "props": {
      "anticlockwise": false,
      "endAngle": 6.283185307179586,
      "radius": 3,
      "startAngle": 4.71238898038469,
      "x": 9,
      "y": 3,
    },
    "type": "arc",
  },
  {
    "props": {
      "x": 12,
      "y": 9,
    },
    "type": "lineTo",
  },
  {
    "props": {
      "anticlockwise": false,
      "endAngle": 1.5707963267948966,
      "radius": 3,
      "startAngle": 0,
      "x": 9,
      "y": 9,
    },
    "type": "arc",
  },
  {
    "props": {
      "x": 3,
      "y": 12,
    },
    "type": "lineTo",
  },
  {
    "props": {
      "anticlockwise": false,
      "endAngle": 3.141592653589793,
      "radius": 3,
      "startAngle": 1.5707963267948966,
      "x": 3,
      "y": 9,
    },
    "type": "arc",
  },
  {
    "props": {
      "x": 0,
      "y": 3,
    },
    "type": "lineTo",
  },
  {
    "props": {
      "anticlockwise": false,
      "endAngle": 4.71238898038469,
      "radius": 3,
      "startAngle": 3.141592653589793,
      "x": 3,
      "y": 3,
    },
    "type": "arc",
  },
  {
    "props": {},
    "type": "closePath",
  },
  {
    "props": {
      "fillRule": "nonzero",
      "path": [
        {
          "props": {},
          "type": "beginPath",
        },
        {
          "props": {
            "x": 3,
            "y": 0,
          },
          "type": "moveTo",
        },
        {
          "props": {
            "x": 9,
            "y": 0,
          },
          "type": "lineTo",
        },
        {
          "props": {
            "anticlockwise": false,
            "endAngle": 6.283185307179586,
            "radius": 3,
            "startAngle": 4.71238898038469,
            "x": 9,
            "y": 3,
          },
          "type": "arc",
        },
        {
          "props": {
            "x": 12,
            "y": 9,
          },
          "type": "lineTo",
        },
        {
          "props": {
            "anticlockwise": false,
            "endAngle": 1.5707963267948966,
            "radius": 3,
            "startAngle": 0,
            "x": 9,
            "y": 9,
          },
          "type": "arc",
        },
        {
          "props": {
            "x": 3,
            "y": 12,
          },
          "type": "lineTo",
        },
        {
          "props": {
            "anticlockwise": false,
            "endAngle": 3.141592653589793,
            "radius": 3,
            "startAngle": 1.5707963267948966,
            "x": 3,
            "y": 9,
          },
          "type": "arc",
        },
        {
          "props": {
            "x": 0,
            "y": 3,
          },
          "type": "lineTo",
        },
        {
          "props": {
            "anticlockwise": false,
            "endAngle": 4.71238898038469,
            "radius": 3,
            "startAngle": 3.141592653589793,
            "x": 3,
            "y": 3,
          },
          "type": "arc",
        },
        {
          "props": {},
          "type": "closePath",
        },
      ],
    },
    "type": "fill",
  },
  {
    "props": {
      "value": 1,
    },
    "type": "globalAlpha",
  },
  {
    "props": {
      "value": "source-over",
    },
    "type": "globalCompositeOperation",
  },
  {
    "props": {
      "value": 0,
    },
    "type": "shadowOffsetX",
  },
  {
    "props": {
      "value": 0,
    },
    "type": "shadowOffsetY",
  },
  {
    "props": {
      "value": "#000000",
    },
    "type": "shadowColor",
  },
  {
    "props": {
      "value": "#ccccdc",
    },
    "type": "fillStyle",
  },
  {
    "props": {
      "value": 1,
    },
    "type": "globalAlpha",
  },
  {
    "props": {
      "value": "butt",
    },
    "type": "lineCap",
  },
  {
    "props": {
      "value": "miter",
    },
    "type": "lineJoin",
  },
  {
    "props": {
      "value": 2,
    },
    "type": "lineWidth",
  },
  {
    "props": {
      "value": "12px 'Inter', 'Helvetica', 'Arial', sans-serif",
    },
    "type": "font",
  },
  {
    "props": {
      "value": "left",
    },
    "type": "textAlign",
  },
  {
    "props": {
      "value": "middle",
    },
    "type": "textBaseline",
  },
  {
    "props": {
      "maxWidth": null,
      "text": "cpu",
      "x": 17,
      "y": 6,
    },
    "type": "fillText",
  },
  {
    "props": {
      "value": 1,
    },
    "type": "globalAlpha",
  },
  {
    "props": {
      "value": "source-over",
    },
    "type": "globalCompositeOperation",
  },
  {
    "props": {
      "value": 0,
    },
    "type": "shadowOffsetX",
  },
  {
    "props": {
      "value": 0,
    },
    "type": "shadowOffsetY",
  },
  {
    "props": {
      "value": "#000000",
    },
    "type": "shadowColor",
  },
  {
    "props": {
      "value": "rgba(0, 0, 0, 0)",
    },
    "type": "fillStyle",
  },
  {
    "props": {
      "value": 1,
    },
    "type": "globalAlpha",
  },
  {
    "props": {
      "value": "butt",
    },
    "type": "lineCap",
  },
  {
    "props": {
      "value": "miter",
    },
    "type": "lineJoin",
  },
  {
    "props": {
      "value": 10,
    },
    "type": "lineWidth",
  },
  {
    "props": {},
    "type": "beginPath",
  },
  {
    "props": {
      "height": 12,
      "width": 20,
      "x": 0,
      "y": 0,
    },
    "type": "rect",
  },
  {
    "props": {
      "fillRule": "nonzero",
      "path": [
        {
          "props": {},
          "type": "beginPath",
        },
        {
          "props": {
            "height": 12,
            "width": 20,
            "x": 0,
            "y": 0,
          },
          "type": "rect",
        },
      ],
    },
    "type": "fill",
  },
  {
    "props": {
      "a": 1,
      "b": 0,
      "c": 0,
      "d": 1,
      "e": 33,
      "f": 281.5,
    },
    "type": "setTransform",
  },
  {
    "props": {
      "value": 1,
    },
    "type": "globalAlpha",
  },
  {
    "props": {
      "value": "#808080",
    },
    "type": "fillStyle",
  },
  {
    "props": {
      "value": 1,
    },
    "type": "globalAlpha",
  },
  {
    "props": {
      "value": "butt",
    },
    "type": "lineCap",
  },
  {
    "props": {
      "value": 10,
    },
    "type": "lineWidth",
  },
  {
    "props": {},
    "type": "beginPath",
  },
  {
    "props": {
      "x": 3,
      "y": 0,
    },
    "type": "moveTo",
  },
  {
    "props": {
      "x": 9,
      "y": 0,
    },
    "type": "lineTo",
  },
  {
    "props": {
      "anticlockwise": false,
      "endAngle": 6.283185307179586,
      "radius": 3,
      "startAngle": 4.71238898038469,
      "x": 9,
      "y": 3,
    },
    "type": "arc",
  },
  {
    "props": {
      "x": 12,
      "y": 9,
    },
    "type": "lineTo",
  },
  {
    "props": {
      "anticlockwise": false,
      "endAngle": 1.5707963267948966,
      "radius": 3,
      "startAngle": 0,
      "x": 9,
      "y": 9,
    },
    "type": "arc",
  },
  {
    "props": {
      "x": 3,
      "y": 12,
    },
    "type": "lineTo",
  },
  {
    "props": {
      "anticlockwise": false,
      "endAngle": 3.141592653589793,
      "radius": 3,
      "startAngle": 1.5707963267948966,
      "x": 3,
      "y": 9,
    },
    "type": "arc",
  },
  {
    "props": {
      "x": 0,
      "y": 3,
    },
    "type": "lineTo",
  },
  {
    "props": {
      "anticlockwise": false,
      "endAngle": 4.71238898038469,
      "radius": 3,
      "startAngle": 3.141592653589793,
      "x": 3,
      "y": 3,
    },
    "type": "arc",
  },
  {
    "props": {},
    "type": "closePath",
  },
  {
    "props": {
      "fillRule": "nonzero",
      "path": [
        {
          "props": {},
          "type": "beginPath",
        },
        {
          "props": {
            "x": 3,
            "y": 0,
          },
          "type": "moveTo",
        },
        {
          "props": {
            "x": 9,
            "y": 0,
          },
          "type": "lineTo",
        },
        {
          "props": {
            "anticlockwise": false,
            "endAngle": 6.283185307179586,
            "radius": 3,
            "startAngle": 4.71238898038469,
            "x": 9,
            "y": 3,
          },
          "type": "arc",
        },
        {
          "props": {
            "x": 12,
            "y": 9,
          },
          "type": "lineTo",
        },
        {
          "props": {
            "anticlockwise": false,
            "endAngle": 1.5707963267948966,
            "radius": 3,
            "startAngle": 0,
            "x": 9,
            "y": 9,
          },
          "type": "arc",
        },
        {
          "props": {
            "x": 3,
            "y": 12,
          },
          "type": "lineTo",
        },
        {
          "props": {
            "anticlockwise": false,
            "endAngle": 3.141592653589793,
            "radius": 3,
            "startAngle": 1.5707963267948966,
            "x": 3,
            "y": 9,
          },
          "type": "arc",
        },
        {
          "props": {
            "x": 0,
            "y": 3,
          },
          "type": "lineTo",
        },
        {
          "props": {
            "anticlockwise": false,
            "endAngle": 4.71238898038469,
            "radius": 3,
            "startAngle": 3.141592653589793,
            "x": 3,
            "y": 3,
          },
          "type": "arc",
        },
        {
          "props": {},
          "type": "closePath",
        },
      ],
    },
    "type": "fill",
  },
  {
    "props": {
      "value": 1,
    },
    "type": "globalAlpha",
  },
  {
    "props": {
      "value": "source-over",
    },
    "type": "globalCompositeOperation",
  },
  {
    "props": {
      "value": 0,
    },
    "type": "shadowOffsetX",
  },
  {
    "props": {
      "value": 0,
    },
    "type": "shadowOffsetY",
  },
  {
    "props": {
      "value": "#000000",
    },
    "type": "shadowColor",
  },
  {
    "props": {
      "value": "#ccccdc",
    },
    "type": "fillStyle",
  },
  {
    "props": {
      "value": 1,
    },
    "type": "globalAlpha",
  },
  {
    "props": {
      "value": "butt",
    },
    "type": "lineCap",
  },
  {
    "props": {
      "value": "miter",
    },
    "type": "lineJoin",
  },
  {
    "props": {
      "value": 2,
    },
    "type": "lineWidth",
  },
  {
    "props": {
      "value": "12px 'Inter', 'Helvetica', 'Arial', sans-serif",
    },
    "type": "font",
  },
  {
    "props": {
      "value": "left",
    },
    "type": "textAlign",
  },
  {
    "props": {
      "value": "middle",
    },
    "type": "textBaseline",
  },
  {
    "props": {
      "maxWidth": null,
      "text": "mem",
      "x": 17,
      "y": 6,
    },
    "type": "fillText",
  },
  {
    "props": {
      "value": 1,
    },
    "type": "globalAlpha",
  },
  {
    "props": {
      "value": "source-over",
    },
    "type": "globalCompositeOperation",
  },
  {
    "props": {
      "value": 0,
    },
    "type": "shadowOffsetX",
  },
  {
    "props": {
      "value": 0,
    },
    "type": "shadowOffsetY",
  },
  {
    "props": {
      "value": "#000000",
    },
    "type": "shadowColor",
  },
  {
    "props": {
      "value": "rgba(0, 0, 0, 0)",
    },
    "type": "fillStyle",
  },
  {
    "props": {
      "value": 1,
    },
    "type": "globalAlpha",
  },
  {
    "props": {
      "value": "butt",
    },
    "type": "lineCap",
  },
  {
    "props": {
      "value": "miter",
    },
    "type": "lineJoin",
  },
  {
    "props": {
      "value": 10,
    },
    "type": "lineWidth",
  },
  {
    "props": {},
    "type": "beginPath",
  },
  {
    "props": {
      "height": 12,
      "width": 20,
      "x": 0,
      "y": 0,
    },
    "type": "rect",
  },
  {
    "props": {
      "fillRule": "nonzero",
      "path": [
        {
          "props": {},
          "type": "beginPath",
        },
        {
          "props": {
            "height": 12,
            "width": 20,
            "x": 0,
            "y": 0,
          },
          "type": "rect",
        },
      ],
    },
    "type": "fill",
  },
  {
    "props": {},
    "type": "restore",
  },
]
`;
